[Licensing::Module] Trying to connect to existing licensing client channel...
[Licensing::IpcConnector] Successfully connected to: "LicenseClient-User" at "2026-05-28T12:32:43.0113629Z"
Built from '6000.3/staging' branch; Version is '6000.3.15f1 (c1aa84e375f6) revision 12692100'; Using compiler version '194234433'; Build Type 'Release'
OS: 'Windows 11  (10.0.26200) Core' Language: 'ko' Physical Memory: 16310 MB
BatchMode: 1, IsHumanControllingUs: 0, StartBugReporterOnCrash: 0, Is64bit: 1
System  architecture: x64
Process architecture: x64
Date: 2026-05-28T12:32:43Z

COMMAND LINE ARGUMENTS:
C:\Program Files\Unity\Hub\Editor\6000.3.15f1\Editor\Unity.exe
-adb2
-batchMode
-noUpm
-name
AssetImportWorker20
-projectPath
C:/Users/User/Desktop/Unity/Program
-logFile
Logs/AssetImportWorker20.log
-srvPort
59870
-licensingIpc
LicenseClient-User
-job-worker-count
7
-background-job-worker-count
8
-gc-helper-count
1
-name
AssetImport
Successfully changed project path to: C:/Users/User/Desktop/Unity/Program
C:/Users/User/Desktop/Unity/Program
[UnityMemory] Configuration Parameters - Can be set up in boot.config
    "memorysetup-temp-allocator-size-nav-mesh-worker=65536"
    "memorysetup-temp-allocator-size-audio-worker=65536"
    "memorysetup-temp-allocator-size-gfx=262144"
    "memorysetup-allocator-temp-initial-block-size-main=262144"
    "memorysetup-allocator-temp-initial-block-size-worker=262144"
    "memorysetup-temp-allocator-size-background-worker=32768"
    "memorysetup-temp-allocator-size-job-worker=262144"
    "memorysetup-temp-allocator-size-preload-manager=33554432"
    "memorysetup-temp-allocator-size-gi-baking-worker=262144"
    "memorysetup-temp-allocator-size-gi-baking-worker=262144"
    "memorysetup-temp-allocator-size-gi-baking-worker=262144"
    "memorysetup-temp-allocator-size-gi-baking-worker=262144"
    "memorysetup-temp-allocator-size-gi-baking-worker=262144"
    "memorysetup-bucket-allocator-granularity=16"
    "memorysetup-bucket-allocator-bucket-count=8"
    "memorysetup-bucket-allocator-block-size=33554432"
    "memorysetup-bucket-allocator-block-count=8"
    "memorysetup-main-allocator-block-size=16777216"
    "memorysetup-thread-allocator-block-size=16777216"
    "memorysetup-gfx-main-allocator-block-size=16777216"
    "memorysetup-gfx-thread-allocator-block-size=16777216"
    "memorysetup-cache-allocator-block-size=4194304"
    "memorysetup-typetree-allocator-block-size=2097152"
    "memorysetup-profiler-bucket-allocator-granularity=16"
    "memorysetup-profiler-bucket-allocator-bucket-count=8"
    "memorysetup-profiler-bucket-allocator-block-size=33554432"
    "memorysetup-profiler-bucket-allocator-block-count=8"
    "memorysetup-profiler-allocator-block-size=16777216"
    "memorysetup-profiler-editor-allocator-block-size=1048576"
    "memorysetup-temp-allocator-size-main=16777216"
    "memorysetup-job-temp-allocator-block-size=2097152"
    "memorysetup-job-temp-allocator-block-size-background=1048576"
    "memorysetup-job-temp-allocator-reduction-small-platforms=262144"
    "memorysetup-temp-allocator-size-cloud-worker=32768"
Player connection [15580]  Target information:

Player connection [15580]  * "[IP] 192.168.0.7 [Port] 0 [Flags] 2 [Guid] 2087375427 [EditorId] 2087375427 [Version] 1048832 [Id] WindowsEditor(7,DESKTOP-9G2NQRC) [Debug] 1 [PackageName] WindowsEditor [ProjectName] Editor" 

Player connection [15580]  * "[IP] 192.168.0.13 [Port] 0 [Flags] 2 [Guid] 2087375427 [EditorId] 2087375427 [Version] 1048832 [Id] WindowsEditor(7,DESKTOP-9G2NQRC) [Debug] 1 [PackageName] WindowsEditor [ProjectName] Editor" 

Player connection [15580] Host joined multi-casting on [225.0.0.222:54997]...
Player connection [15580] Host joined alternative multi-casting on [225.0.0.222:34997]...
JobSystem: Creating JobQueue using job-worker-count value 7
Input System module state changed to: Initialized.
[Physics::Module] Initialized fallback backend.
[Physics::Module] Id: 0xdecafbad
Library Redirect Path: Library/
[Physics::Module] Selected backend.
[Physics::Module] Name: PhysX
[Physics::Module] Id: 0xf2b8ea05
[Physics::Module] SDK Version: 4.1.2
[Physics::Module] Integration Version: 1.0.0
[Physics::Module] Threading Mode: Multi-Threaded
Refreshing native plugins compatible for Editor in 12.45 ms, found 4 plugins.
Preloading 0 native plugins for Editor in 0.00 ms.
Initialize engine version: 6000.3.15f1 (c1aa84e375f6)
[Subsystems] Discovering subsystems at path C:/Program Files/Unity/Hub/Editor/6000.3.15f1/Editor/Data/Resources/UnitySubsystems
[Subsystems] Discovering subsystems at path C:/Users/User/Desktop/Unity/Program/Assets
GfxDevice: creating device client; kGfxThreadingModeNonThreaded
Direct3D:
    Version:  Direct3D 11.0 [level 11.1]
    Renderer: NVIDIA GeForce RTX 3070 (ID=0x2488)
    Vendor:   NVIDIA
    VRAM:     8018 MB
    Driver:   32.0.15.9186
Initialize mono
Mono path[0] = 'C:/Program Files/Unity/Hub/Editor/6000.3.15f1/Editor/Data/Managed'
Mono path[1] = 'C:/Program Files/Unity/Hub/Editor/6000.3.15f1/Editor/Data/MonoBleedingEdge/lib/mono/unityjit-win32'
Mono config path = 'C:/Program Files/Unity/Hub/Editor/6000.3.15f1/Editor/Data/MonoBleedingEdge/etc'
Using monoOptions --debugger-agent=transport=dt_socket,embedding=1,server=y,suspend=n,address=127.0.0.1:56584
Begin MonoManager ReloadAssembly
Registering precompiled unity dll's ...
Register platform support module: C:/Program Files/Unity/Hub/Editor/6000.3.15f1/Editor/Data/PlaybackEngines/WindowsStandaloneSupport/UnityEditor.WindowsStandalone.Extensions.dll
Registered in 0.005215 seconds.
[Licensing::Client] Error: HandshakeResponse reported an error:
	ResponseCode: 505
	ResponseStatus: Unsupported protocol version '1.18.1'.
[Licensing::Module] Error: Failed to handshake to channel: "LicenseClient-User"
[Licensing::IpcConnector] LicenseClient-User channel disconnected successfully.
[Licensing::IpcConnector] Successfully connected to: "LicenseClient-User-6000.3.15" at "2026-05-28T12:32:44.4261679Z"
[Licensing::Client] Code 10 while verifying Licensing Client signature (process Id: 34500, path: "C:/Program Files/Unity/Hub/Editor/6000.3.15f1/Editor/Data/Resources/Licensing/Client/Unity.Licensing.Client.exe")
[Licensing::Module] LicensingClient has failed validation; ignoring
[Licensing::Client] Handshaking with LicensingClient:
  Version:                 1.18.1+9fbee8e
  Session Id:              e000e8331b044002a2c7cf2524102abc
  Correlation Id:          4e6380c663ed2fafd5c5f9020547c145
  External correlation Id: 5292775750306297997
  Machine Id:              eRBpBDHPyoUB8KnXL/IhcnMeJd4=
[Licensing::Module] Successfully connected to LicensingClient on channel: "LicenseClient-User-6000.3.15" (connect: 0.00s, validation: 0.00s, handshake: 0.01s)
[Licensing::IpcConnector] Successfully connected to: "LicenseClient-User-6000.3.15-notifications" at "2026-05-28T12:32:44.43624Z"
[Licensing::Module] Licensing Background thread has ended after 1.43s
- Loaded All Assemblies, in  0.681 seconds
Native extension for WindowsStandalone target not found
Package Manager log level set to [2]
[Package Manager] Failed to launch server process. Reason: Unity was launched with the -noUpm command-line argument
[Package Manager] Unable to send message (not connected to server process).
[Package Manager] Cannot connect to Unity Package Manager local server
ScheduleIndexationOnStartup MainProcess:False IndexOnStartup:True
Mono: successfully reloaded assembly
- Finished resetting the current domain, in  0.385 seconds
Domain Reload Profiling: 1048ms
	BeginReloadAssembly (252ms)
		ExecutionOrderSort (0ms)
		DisableScriptedObjects (0ms)
		BackupInstance (0ms)
		ReleaseScriptingObjects (0ms)
		CreateAndSetChildDomain (1ms)
	RebuildCommonClasses (69ms)
	RebuildNativeTypeToScriptingClass (21ms)
	initialDomainReloadingComplete (102ms)
	LoadAllAssembliesAndSetupDomain (218ms)
		LoadAssemblies (227ms)
		RebuildTransferFunctionScriptingTraits (0ms)
		AnalyzeDomain (214ms)
			TypeCache.Refresh (212ms)
				TypeCache.ScanAssembly (197ms)
			BuildScriptInfoCaches (0ms)
			ResolveRequiredComponents (0ms)
	FinalizeReload (385ms)
		ReleaseScriptCaches (0ms)
		RebuildScriptCaches (0ms)
		SetupLoadedEditorAssemblies (341ms)
			LogAssemblyErrors (0ms)
			InitializePlatformSupportModulesInManaged (46ms)
			SetLoadedEditorAssemblies (5ms)
			BeforeProcessingInitializeOnLoad (87ms)
			ProcessInitializeOnLoadAttributes (130ms)
			ProcessInitializeOnLoadMethodAttributes (73ms)
			AfterProcessingInitializeOnLoad (0ms)
			EditorAssembliesLoaded (0ms)
		ExecutionOrderSort2 (0ms)
		AwakeInstancesAfterBackupRestoration (0ms)
========================================================================
Worker process is ready to serve import requests
Import Worker Mode flag is 0x00
Begin MonoManager ReloadAssembly
[Licensing::Client] Successfully resolved entitlement details
[Licensing::Module] License group:
  Id: 14569550976948-UnityPersXXXX
  Product: Unity Personal
  Type: Assigned
  Expiration: Unlimited
- Loaded All Assemblies, in  0.978 seconds
Refreshing native plugins compatible for Editor in 3.23 ms, found 4 plugins.
Native extension for WindowsStandalone target not found
[Package Manager] Failed to launch server process. Reason: Unity was launched with the -noUpm command-line argument
[Package Manager] Unable to send message (not connected to server process).
[Package Manager] Cannot connect to Unity Package Manager local server
Refreshing native plugins compatible for Editor in 2.41 ms, found 4 plugins.
[Package Manager] Failed to launch server process. Reason: Unity was launched with the -noUpm command-line argument
[Package Manager] Unable to send message (not connected to server process).
[Package Manager] Cannot connect to Unity Package Manager local server
ScheduleIndexationOnStartup MainProcess:False IndexOnStartup:True
Mono: successfully reloaded assembly
- Finished resetting the current domain, in  0.993 seconds
Domain Reload Profiling: 1958ms
	BeginReloadAssembly (191ms)
		ExecutionOrderSort (0ms)
		DisableScriptedObjects (6ms)
		BackupInstance (0ms)
		ReleaseScriptingObjects (0ms)
		CreateAndSetChildDomain (30ms)
	RebuildCommonClasses (37ms)
	RebuildNativeTypeToScriptingClass (12ms)
	initialDomainReloadingComplete (50ms)
	LoadAllAssembliesAndSetupDomain (674ms)
		LoadAssemblies (512ms)
		RebuildTransferFunctionScriptingTraits (0ms)
		AnalyzeDomain (271ms)
			TypeCache.Refresh (189ms)
				TypeCache.ScanAssembly (167ms)
			BuildScriptInfoCaches (68ms)
			ResolveRequiredComponents (10ms)
	FinalizeReload (994ms)
		ReleaseScriptCaches (0ms)
		RebuildScriptCaches (0ms)
		SetupLoadedEditorAssemblies (765ms)
			LogAssemblyErrors (0ms)
			InitializePlatformSupportModulesInManaged (2ms)
			SetLoadedEditorAssemblies (5ms)
			BeforeProcessingInitializeOnLoad (236ms)
			ProcessInitializeOnLoadAttributes (422ms)
			ProcessInitializeOnLoadMethodAttributes (85ms)
			AfterProcessingInitializeOnLoad (14ms)
			EditorAssembliesLoaded (0ms)
		ExecutionOrderSort2 (0ms)
		AwakeInstancesAfterBackupRestoration (7ms)
Launched and connected shader compiler UnityShaderCompiler.exe after 0.01 seconds
Refreshing native plugins compatible for Editor in 3.32 ms, found 4 plugins.
Preloading 0 native plugins for Editor in 0.00 ms.
Unloading 17 Unused Serialized files (Serialized files now loaded: 0)
Unloading 6441 unused Assets / (4.8 MB). Loaded Objects now: 7235.
Memory consumption went from 152.3 MB to 147.5 MB.
Total: 11.263300 ms (FindLiveObjects: 1.209600 ms CreateObjectMapping: 1.148000 ms MarkObjects: 5.496900 ms  DeleteObjects: 3.408000 ms)

========================================================================
Received Prepare
Begin MonoManager ReloadAssembly
[Licensing::Client] Successfully resolved entitlement details
- Loaded All Assemblies, in  0.815 seconds
Refreshing native plugins compatible for Editor in 2.20 ms, found 4 plugins.
Native extension for WindowsStandalone target not found
[Package Manager] Failed to launch server process. Reason: Unity was launched with the -noUpm command-line argument
[Package Manager] Unable to send message (not connected to server process).
[Package Manager] Cannot connect to Unity Package Manager local server
[Package Manager] Failed to launch server process. Reason: Unity was launched with the -noUpm command-line argument
[Package Manager] Unable to send message (not connected to server process).
[Package Manager] Cannot connect to Unity Package Manager local server
ScheduleIndexationOnStartup MainProcess:False IndexOnStartup:True
Mono: successfully reloaded assembly
- Finished resetting the current domain, in  0.805 seconds
Domain Reload Profiling: 1614ms
	BeginReloadAssembly (209ms)
		ExecutionOrderSort (0ms)
		DisableScriptedObjects (8ms)
		BackupInstance (0ms)
		ReleaseScriptingObjects (0ms)
		CreateAndSetChildDomain (43ms)
	RebuildCommonClasses (39ms)
	RebuildNativeTypeToScriptingClass (11ms)
	initialDomainReloadingComplete (35ms)
	LoadAllAssembliesAndSetupDomain (514ms)
		LoadAssemblies (432ms)
		RebuildTransferFunctionScriptingTraits (0ms)
		AnalyzeDomain (179ms)
			TypeCache.Refresh (8ms)
				TypeCache.ScanAssembly (0ms)
			BuildScriptInfoCaches (156ms)
			ResolveRequiredComponents (11ms)
	FinalizeReload (806ms)
		ReleaseScriptCaches (0ms)
		RebuildScriptCaches (0ms)
		SetupLoadedEditorAssemblies (653ms)
			LogAssemblyErrors (0ms)
			InitializePlatformSupportModulesInManaged (1ms)
			SetLoadedEditorAssemblies (5ms)
			BeforeProcessingInitializeOnLoad (208ms)
			ProcessInitializeOnLoadAttributes (361ms)
			ProcessInitializeOnLoadMethodAttributes (66ms)
			AfterProcessingInitializeOnLoad (11ms)
			EditorAssembliesLoaded (0ms)
		ExecutionOrderSort2 (0ms)
		AwakeInstancesAfterBackupRestoration (15ms)
Refreshing native plugins compatible for Editor in 2.53 ms, found 4 plugins.
Preloading 0 native plugins for Editor in 0.00 ms.
Unloading 17 Unused Serialized files (Serialized files now loaded: 0)
Unloading 6439 unused Assets / (4.6 MB). Loaded Objects now: 7251.
Memory consumption went from 157.1 MB to 152.5 MB.
Total: 8.268800 ms (FindLiveObjects: 0.651000 ms CreateObjectMapping: 0.949000 ms MarkObjects: 4.801800 ms  DeleteObjects: 1.866500 ms)

Prepare: number of updated asset objects reloaded= 0
========================================================================
Received Import Request.
  Time since last request: 19900.360838 seconds.
  path: Assets/Class 08th(Physics System)/Golf Assets/Textures/FrogPortals/1_DefaultMaterial_AlbedoTransparency.png
  artifactKey: Guid(a4a9a903ba73968448238c92292c507b) Importer(2089858483,b0f066a214c2f5e87bad3c948f4d605d)
Start importing Assets/Class 08th(Physics System)/Golf Assets/Textures/FrogPortals/1_DefaultMaterial_AlbedoTransparency.png using Guid(a4a9a903ba73968448238c92292c507b) Importer(2089858483,b0f066a214c2f5e87bad3c948f4d605d) (ScriptedImporter) -> (artifact id: '9e1364d3ad92243c6559a5419a1a15b3') in 0.2368548 seconds
Number of updated asset objects reloaded before import = 0Number of asset objects unloaded after import = 1

========================================================================
Received Import Request.
  Time since last request: 0.000022 seconds.
  path: Assets/Class 08th(Physics System)/Golf Assets/Textures/Coins/1_DefaultMaterial_AlbedoTransparency.png
  artifactKey: Guid(e330f4a4377fc0945b4c84a4167d1b81) Importer(2089858483,b0f066a214c2f5e87bad3c948f4d605d)
Start importing Assets/Class 08th(Physics System)/Golf Assets/Textures/Coins/1_DefaultMaterial_AlbedoTransparency.png using Guid(e330f4a4377fc0945b4c84a4167d1b81) Importer(2089858483,b0f066a214c2f5e87bad3c948f4d605d) (ScriptedImporter) -> (artifact id: '6c1c497a3ce8c0fb58a5e20915cc987c') in 0.0357427 seconds
Number of updated asset objects reloaded before import = 0Number of asset objects unloaded after import = 1

========================================================================
Received Import Request.
  Time since last request: 0.000030 seconds.
  path: Assets/Class 08th(Physics System)/Golf Assets/Models/Interactable/Boost.fbx
  artifactKey: Guid(fda68674789605a40a1b624c3a4a094e) Importer(2089858483,b0f066a214c2f5e87bad3c948f4d605d)
Start importing Assets/Class 08th(Physics System)/Golf Assets/Models/Interactable/Boost.fbx using Guid(fda68674789605a40a1b624c3a4a094e) Importer(2089858483,b0f066a214c2f5e87bad3c948f4d605d) (ScriptedImporter) -> (artifact id: '074d79c619ffa693e06efe856c111ffd') in 0.1043355 seconds
Number of updated asset objects reloaded before import = 0Number of asset objects unloaded after import = 7

========================================================================
Received Import Request.
  Time since last request: 0.000021 seconds.
  path: Assets/Class 08th(Physics System)/Golf Assets/Models/Interactable/Sticky.fbx
  artifactKey: Guid(6bf7a385e4751e548944746a8976176b) Importer(2089858483,b0f066a214c2f5e87bad3c948f4d605d)
Start importing Assets/Class 08th(Physics System)/Golf Assets/Models/Interactable/Sticky.fbx using Guid(6bf7a385e4751e548944746a8976176b) Importer(2089858483,b0f066a214c2f5e87bad3c948f4d605d) (ScriptedImporter) -> (artifact id: 'd6a17e26ef16c42e0f4a8029dc75314d') in 0.0413549 seconds
Number of updated asset objects reloaded before import = 0Number of asset objects unloaded after import = 7

========================================================================
Received Import Request.
  Time since last request: 0.000035 seconds.
  path: Assets/Class 08th(Physics System)/Golf Assets/UniversalRenderPipelineGlobalSettings.asset
  artifactKey: Guid(b20909cf6eb358e489e8c9a2ddaf1480) Importer(2089858483,b0f066a214c2f5e87bad3c948f4d605d)
Start importing Assets/Class 08th(Physics System)/Golf Assets/UniversalRenderPipelineGlobalSettings.asset using Guid(b20909cf6eb358e489e8c9a2ddaf1480) Importer(2089858483,b0f066a214c2f5e87bad3c948f4d605d) (ScriptedImporter) -> (artifact id: '5fab5532547587fcc2c9d2bcb0761cfe') in 0.0508634 seconds
Number of updated asset objects reloaded before import = 0Number of asset objects unloaded after import = 1

========================================================================
Received Import Request.
  Time since last request: 0.000020 seconds.
  path: Assets/Class 08th(Physics System)/Golf Assets/Textures/Coins/1_DefaultMaterial_MetallicSmoothness.png
  artifactKey: Guid(96659a06aee7e4c48b34ad2c99c7897a) Importer(2089858483,b0f066a214c2f5e87bad3c948f4d605d)
Start importing Assets/Class 08th(Physics System)/Golf Assets/Textures/Coins/1_DefaultMaterial_MetallicSmoothness.png using Guid(96659a06aee7e4c48b34ad2c99c7897a) Importer(2089858483,b0f066a214c2f5e87bad3c948f4d605d) (ScriptedImporter) -> (artifact id: '5fbb27cfe497cdaf911e275824e10e6b') in 0.0296515 seconds
Number of updated asset objects reloaded before import = 0Number of asset objects unloaded after import = 1

========================================================================
Received Import Request.
  Time since last request: 0.000020 seconds.
  path: Assets/Class 08th(Physics System)/Golf Assets/Materials/Cosmetics/Grass.mat
  artifactKey: Guid(6ee8ceff90aaa8141a921bf5d9193c79) Importer(2089858483,b0f066a214c2f5e87bad3c948f4d605d)
Start importing Assets/Class 08th(Physics System)/Golf Assets/Materials/Cosmetics/Grass.mat using Guid(6ee8ceff90aaa8141a921bf5d9193c79) Importer(2089858483,b0f066a214c2f5e87bad3c948f4d605d) (ScriptedImporter) -> (artifact id: 'ab48f7b830df31d8592826cdeceddb45') in 0.0455138 seconds
Number of updated asset objects reloaded before import = 0Number of asset objects unloaded after import = 2

========================================================================
Received Import Request.
  Time since last request: 0.000030 seconds.
  path: Assets/Class 08th(Physics System)/Golf Assets/Prefabs/Level/FullSquare.prefab
  artifactKey: Guid(dda27e2aa31614444b81737908e61659) Importer(2089858483,b0f066a214c2f5e87bad3c948f4d605d)
Start importing Assets/Class 08th(Physics System)/Golf Assets/Prefabs/Level/FullSquare.prefab using Guid(dda27e2aa31614444b81737908e61659) Importer(2089858483,b0f066a214c2f5e87bad3c948f4d605d) (ScriptedImporter) -> (artifact id: '4aab87bdaf87fc0eb1b931cb5b0bfb00') in 0.0349345 seconds
Number of updated asset objects reloaded before import = 0Number of asset objects unloaded after import = 16

========================================================================
Received Import Request.
  Time since last request: 0.000020 seconds.
  path: Assets/Class 08th(Physics System)/Golf Assets/Settings/High_PipelineAsset_ForwardRenderer.asset
  artifactKey: Guid(d194ec32852058649ad004c40d345c42) Importer(2089858483,b0f066a214c2f5e87bad3c948f4d605d)
Start importing Assets/Class 08th(Physics System)/Golf Assets/Settings/High_PipelineAsset_ForwardRenderer.asset using Guid(d194ec32852058649ad004c40d345c42) Importer(2089858483,b0f066a214c2f5e87bad3c948f4d605d) (ScriptedImporter) -> (artifact id: '463bc902230fc678f2c923d082a4bc4e') in 0.0717864 seconds
Number of updated asset objects reloaded before import = 0Number of asset objects unloaded after import = 1

========================================================================
Received Import Request.
  Time since last request: 0.000024 seconds.
  path: Assets/Class 08th(Physics System)/Golf Assets/Prefabs/Flag.prefab
  artifactKey: Guid(80bc920729f878f43b98497f9905649f) Importer(2089858483,b0f066a214c2f5e87bad3c948f4d605d)
Start importing Assets/Class 08th(Physics System)/Golf Assets/Prefabs/Flag.prefab using Guid(80bc920729f878f43b98497f9905649f) Importer(2089858483,b0f066a214c2f5e87bad3c948f4d605d) (ScriptedImporter) -> (artifact id: '084a8a23ea1d8bec169e1e28067a79e4') in 0.0193383 seconds
Number of updated asset objects reloaded before import = 0Number of asset objects unloaded after import = 50

========================================================================
Received Import Request.
  Time since last request: 0.000033 seconds.
  path: Assets/Class 08th(Physics System)/Golf Assets/Textures/Cosmetics
  artifactKey: Guid(740ae164cdb7ac24cb7afb62988a61dd) Importer(2089858483,b0f066a214c2f5e87bad3c948f4d605d)
Start importing Assets/Class 08th(Physics System)/Golf Assets/Textures/Cosmetics using Guid(740ae164cdb7ac24cb7afb62988a61dd) Importer(2089858483,b0f066a214c2f5e87bad3c948f4d605d) (ScriptedImporter) -> (artifact id: '40743c5c56808613e15eeb90c9c1b34d') in 0.0114105 seconds
Number of updated asset objects reloaded before import = 0Number of asset objects unloaded after import = 1

========================================================================
Received Import Request.
  Time since last request: 0.000014 seconds.
  path: Assets/Class 08th(Physics System)/Golf Assets/Textures/WindMill/1_DefaultMaterial_AlbedoTransparency.png
  artifactKey: Guid(4f8656a55c164514da21b02d91a8300d) Importer(2089858483,b0f066a214c2f5e87bad3c948f4d605d)
Start importing Assets/Class 08th(Physics System)/Golf Assets/Textures/WindMill/1_DefaultMaterial_AlbedoTransparency.png using Guid(4f8656a55c164514da21b02d91a8300d) Importer(2089858483,b0f066a214c2f5e87bad3c948f4d605d) (ScriptedImporter) -> (artifact id: '2cd515220c3b208050d14cf37363b9d9') in 0.0191503 seconds
Number of updated asset objects reloaded before import = 0Number of asset objects unloaded after import = 1

========================================================================
Received Import Request.
  Time since last request: 0.000016 seconds.
  path: Assets/Class 08th(Physics System)/Golf Assets/Settings/Low_PipelineAsset.asset
  artifactKey: Guid(1122bf35af95890459b869c7176d7b1e) Importer(2089858483,b0f066a214c2f5e87bad3c948f4d605d)
Start importing Assets/Class 08th(Physics System)/Golf Assets/Settings/Low_PipelineAsset.asset using Guid(1122bf35af95890459b869c7176d7b1e) Importer(2089858483,b0f066a214c2f5e87bad3c948f4d605d) (ScriptedImporter) -> (artifact id: 'a871e41567d34e6a17a17d2bb4bcdc9d') in 0.0752412 seconds
Number of updated asset objects reloaded before import = 0Number of asset objects unloaded after import = 2

========================================================================
Received Import Request.
  Time since last request: 0.000017 seconds.
  path: Assets/Class 08th(Physics System)/Golf Assets/Materials/Checker 1.mat
  artifactKey: Guid(ccceb4c745d987d4a8c98874b24128b0) Importer(2089858483,b0f066a214c2f5e87bad3c948f4d605d)
Start importing Assets/Class 08th(Physics System)/Golf Assets/Materials/Checker 1.mat using Guid(ccceb4c745d987d4a8c98874b24128b0) Importer(2089858483,b0f066a214c2f5e87bad3c948f4d605d) (ScriptedImporter) -> (artifact id: '75720266b85a1e9eac979c72800b9d02') in 0.0180816 seconds
Number of updated asset objects reloaded before import = 0Number of asset objects unloaded after import = 3

========================================================================
Received Import Request.
  Time since last request: 0.000030 seconds.
  path: Assets/Class 08th(Physics System)/Golf Assets/Materials/TransitionBaseColor.mat
  artifactKey: Guid(7b55066f1dacce34a9dae1e083c3ef2a) Importer(2089858483,b0f066a214c2f5e87bad3c948f4d605d)
Start importing Assets/Class 08th(Physics System)/Golf Assets/Materials/TransitionBaseColor.mat using Guid(7b55066f1dacce34a9dae1e083c3ef2a) Importer(2089858483,b0f066a214c2f5e87bad3c948f4d605d) (ScriptedImporter) -> (artifact id: '9333afaf7f431d2ab2e2e9630eee2328') in 0.0154027 seconds
Number of updated asset objects reloaded before import = 0Number of asset objects unloaded after import = 1

========================================================================
Received Import Request.
  Time since last request: 0.000013 seconds.
  path: Assets/Class 08th(Physics System)/Golf Assets/Models/BG
  artifactKey: Guid(86a2a71deacd2c9419f5e2b1534e9dba) Importer(2089858483,b0f066a214c2f5e87bad3c948f4d605d)
Start importing Assets/Class 08th(Physics System)/Golf Assets/Models/BG using Guid(86a2a71deacd2c9419f5e2b1534e9dba) Importer(2089858483,b0f066a214c2f5e87bad3c948f4d605d) (ScriptedImporter) -> (artifact id: 'ac043ce357e23c32148cd975ec28f871') in 0.0100555 seconds
Number of updated asset objects reloaded before import = 0Number of asset objects unloaded after import = 1

========================================================================
Received Import Request.
  Time since last request: 0.000017 seconds.
  path: Assets/Class 08th(Physics System)/Golf Assets/Animations/PipeENTERANCE.anim
  artifactKey: Guid(55c09f60216869f42ae311aa65fcb1c4) Importer(2089858483,b0f066a214c2f5e87bad3c948f4d605d)
Start importing Assets/Class 08th(Physics System)/Golf Assets/Animations/PipeENTERANCE.anim using Guid(55c09f60216869f42ae311aa65fcb1c4) Importer(2089858483,b0f066a214c2f5e87bad3c948f4d605d) (ScriptedImporter) -> (artifact id: 'e6952806c33db9033ae3a41340a000ef') in 0.018937 seconds
Number of updated asset objects reloaded before import = 0Number of asset objects unloaded after import = 1

========================================================================
Received Import Request.
  Time since last request: 0.000015 seconds.
  path: Assets/Class 08th(Physics System)/Golf Assets/Prefabs/Level/EdgeBit.prefab
  artifactKey: Guid(59f5299e0015f584ba8da3c25dabad0e) Importer(2089858483,b0f066a214c2f5e87bad3c948f4d605d)
Start importing Assets/Class 08th(Physics System)/Golf Assets/Prefabs/Level/EdgeBit.prefab using Guid(59f5299e0015f584ba8da3c25dabad0e) Importer(2089858483,b0f066a214c2f5e87bad3c948f4d605d) (ScriptedImporter) -> (artifact id: '88a2f88d15897eb5cd14e0b2b39267e2') in 0.0190838 seconds
Number of updated asset objects reloaded before import = 0Number of asset objects unloaded after import = 15

========================================================================
Received Import Request.
  Time since last request: 0.000020 seconds.
  path: Assets/Class 08th(Physics System)/Golf Assets/Textures/InteractProps/1_DefaultMaterial_MetallicSmoothness.png
  artifactKey: Guid(afd37cb99b9480140b79e43fa49d0552) Importer(2089858483,b0f066a214c2f5e87bad3c948f4d605d)
Start importing Assets/Class 08th(Physics System)/Golf Assets/Textures/InteractProps/1_DefaultMaterial_MetallicSmoothness.png using Guid(afd37cb99b9480140b79e43fa49d0552) Importer(2089858483,b0f066a214c2f5e87bad3c948f4d605d) (ScriptedImporter) -> (artifact id: '492c4492dd9038f21115bf7cd76d44f0') in 0.0210483 seconds
Number of updated asset objects reloaded before import = 0Number of asset objects unloaded after import = 1

========================================================================
Received Import Request.
  Time since last request: 0.000013 seconds.
  path: Assets/Class 08th(Physics System)/Golf Assets/Textures/CheckerSmall.png
  artifactKey: Guid(8f5d3c639e3be824dbfcbe027f51f0f4) Importer(2089858483,b0f066a214c2f5e87bad3c948f4d605d)
Start importing Assets/Class 08th(Physics System)/Golf Assets/Textures/CheckerSmall.png using Guid(8f5d3c639e3be824dbfcbe027f51f0f4) Importer(2089858483,b0f066a214c2f5e87bad3c948f4d605d) (ScriptedImporter) -> (artifact id: '8cfe0e2574413f44e5479931224f9d77') in 0.0183809 seconds
Number of updated asset objects reloaded before import = 0Number of asset objects unloaded after import = 1

========================================================================
Received Import Request.
  Time since last request: 0.000019 seconds.
  path: Assets/Class 08th(Physics System)/Golf Assets/Prefabs/Collectables
  artifactKey: Guid(9f4eb0e7c84a5a2448948d62097749d6) Importer(2089858483,b0f066a214c2f5e87bad3c948f4d605d)
Start importing Assets/Class 08th(Physics System)/Golf Assets/Prefabs/Collectables using Guid(9f4eb0e7c84a5a2448948d62097749d6) Importer(2089858483,b0f066a214c2f5e87bad3c948f4d605d) (ScriptedImporter) -> (artifact id: '01c287f0fdea980d3bf8f7c04976b8c0') in 0.0107719 seconds
Number of updated asset objects reloaded before import = 0Number of asset objects unloaded after import = 1

========================================================================
Received Import Request.
  Time since last request: 0.000016 seconds.
  path: Assets/Class 08th(Physics System)/Golf Assets/Prefabs/InteractProps/Sticky.prefab
  artifactKey: Guid(c2cba89f0396e894d82cc38ae384b193) Importer(2089858483,b0f066a214c2f5e87bad3c948f4d605d)
Start importing Assets/Class 08th(Physics System)/Golf Assets/Prefabs/InteractProps/Sticky.prefab using Guid(c2cba89f0396e894d82cc38ae384b193) Importer(2089858483,b0f066a214c2f5e87bad3c948f4d605d) (ScriptedImporter) -> (artifact id: '8410437e496f6026b7fc3dc40dd1d3eb') in 0.0193204 seconds
Number of updated asset objects reloaded before import = 0Number of asset objects unloaded after import = 14

========================================================================
Received Import Request.
  Time since last request: 0.000024 seconds.
  path: Assets/Class 08th(Physics System)/Golf Assets/Textures/Cosmetics/waves/Sphere_DefaultMaterial_AlbedoTransparency.png
  artifactKey: Guid(b06863ecc829a694da142d735014b469) Importer(2089858483,b0f066a214c2f5e87bad3c948f4d605d)
Start importing Assets/Class 08th(Physics System)/Golf Assets/Textures/Cosmetics/waves/Sphere_DefaultMaterial_AlbedoTransparency.png using Guid(b06863ecc829a694da142d735014b469) Importer(2089858483,b0f066a214c2f5e87bad3c948f4d605d) (ScriptedImporter) -> (artifact id: 'e2316995ff2cc5d6169df37b79432b06') in 0.0217121 seconds
Number of updated asset objects reloaded before import = 0Number of asset objects unloaded after import = 1

========================================================================
Received Import Request.
  Time since last request: 0.000015 seconds.
  path: Assets/Class 08th(Physics System)/Golf Assets/Textures/Hammer,Flag
  artifactKey: Guid(2fd093750f536cb4a874794e65cebae6) Importer(2089858483,b0f066a214c2f5e87bad3c948f4d605d)
Start importing Assets/Class 08th(Physics System)/Golf Assets/Textures/Hammer,Flag using Guid(2fd093750f536cb4a874794e65cebae6) Importer(2089858483,b0f066a214c2f5e87bad3c948f4d605d) (ScriptedImporter) -> (artifact id: '547f254d88a8b8c77fdad9545294da7d') in 0.0130427 seconds
Number of updated asset objects reloaded before import = 0Number of asset objects unloaded after import = 1

========================================================================
Received Import Request.
  Time since last request: 0.000025 seconds.
  path: Assets/Class 08th(Physics System)/Golf Assets/Prefabs/InteractProps/HammerAnimationHolder 1.prefab
  artifactKey: Guid(32a00c8888dd65643898e989b0767388) Importer(2089858483,b0f066a214c2f5e87bad3c948f4d605d)
Start importing Assets/Class 08th(Physics System)/Golf Assets/Prefabs/InteractProps/HammerAnimationHolder 1.prefab using Guid(32a00c8888dd65643898e989b0767388) Importer(2089858483,b0f066a214c2f5e87bad3c948f4d605d) (ScriptedImporter) -> (artifact id: 'db3a86b710d1f532c3e87b765568285f') in 0.0134656 seconds
Number of updated asset objects reloaded before import = 0Number of asset objects unloaded after import = 12

========================================================================
Received Import Request.
  Time since last request: 0.000025 seconds.
  path: Assets/Class 08th(Physics System)/Golf Assets/Animations/PipeAnimation.controller
  artifactKey: Guid(ccf6ac537eb61ee41a5c96dff5f101d1) Importer(2089858483,b0f066a214c2f5e87bad3c948f4d605d)
Start importing Assets/Class 08th(Physics System)/Golf Assets/Animations/PipeAnimation.controller using Guid(ccf6ac537eb61ee41a5c96dff5f101d1) Importer(2089858483,b0f066a214c2f5e87bad3c948f4d605d) (ScriptedImporter) -> (artifact id: 'a15019aee2df95e414ebaa178ad94a9f') in 0.0145225 seconds
Number of updated asset objects reloaded before import = 0Number of asset objects unloaded after import = 6

========================================================================
Received Import Request.
  Time since last request: 0.000022 seconds.
  path: Assets/Class 08th(Physics System)/Golf Assets/Materials/Cosmetics/Wood.mat
  artifactKey: Guid(3a759a4e9e7bd934c900202c84f84d90) Importer(2089858483,b0f066a214c2f5e87bad3c948f4d605d)
Start importing Assets/Class 08th(Physics System)/Golf Assets/Materials/Cosmetics/Wood.mat using Guid(3a759a4e9e7bd934c900202c84f84d90) Importer(2089858483,b0f066a214c2f5e87bad3c948f4d605d) (ScriptedImporter) -> (artifact id: 'e0d24ab3327ad8c267b58d27526e7ace') in 0.014486 seconds
Number of updated asset objects reloaded before import = 0Number of asset objects unloaded after import = 3

========================================================================
Received Import Request.
  Time since last request: 0.000017 seconds.
  path: Assets/Class 08th(Physics System)/Golf Assets/Models/Interactable/Bounce.fbx
  artifactKey: Guid(32644e8694d6c024785078016a8dacfc) Importer(2089858483,b0f066a214c2f5e87bad3c948f4d605d)
Start importing Assets/Class 08th(Physics System)/Golf Assets/Models/Interactable/Bounce.fbx using Guid(32644e8694d6c024785078016a8dacfc) Importer(2089858483,b0f066a214c2f5e87bad3c948f4d605d) (ScriptedImporter) -> (artifact id: '9cf55b352d748eda339db97f6769bc92') in 0.0302464 seconds
Number of updated asset objects reloaded before import = 0Number of asset objects unloaded after import = 7

========================================================================
Received Import Request.
  Time since last request: 0.000024 seconds.
  path: Assets/Class 08th(Physics System)/Golf Assets/Prefabs/InteractProps/Base.prefab
  artifactKey: Guid(b1956af7d62d7df45a281a01e0ecde86) Importer(2089858483,b0f066a214c2f5e87bad3c948f4d605d)
Start importing Assets/Class 08th(Physics System)/Golf Assets/Prefabs/InteractProps/Base.prefab using Guid(b1956af7d62d7df45a281a01e0ecde86) Importer(2089858483,b0f066a214c2f5e87bad3c948f4d605d) (ScriptedImporter) -> (artifact id: '2d56c7cf4093d04d6898dc9b71d5dc7a') in 0.0223058 seconds
Number of updated asset objects reloaded before import = 0Number of asset objects unloaded after import = 15

========================================================================
Received Import Request.
  Time since last request: 0.000024 seconds.
  path: Assets/Class 08th(Physics System)/Golf Assets/Models/Level/Part1/EndHole.fbx
  artifactKey: Guid(1131365b306e52741a40261b0e0b4f39) Importer(2089858483,b0f066a214c2f5e87bad3c948f4d605d)
Start importing Assets/Class 08th(Physics System)/Golf Assets/Models/Level/Part1/EndHole.fbx using Guid(1131365b306e52741a40261b0e0b4f39) Importer(2089858483,b0f066a214c2f5e87bad3c948f4d605d) (ScriptedImporter) -> (artifact id: 'baf8568ad95306175ea57fb9633aed45') in 0.0323659 seconds
Number of updated asset objects reloaded before import = 0Number of asset objects unloaded after import = 9

========================================================================
Received Import Request.
  Time since last request: 0.000020 seconds.
  path: Assets/Class 08th(Physics System)/Golf Assets/Prefabs/Bg/Clouds
  artifactKey: Guid(98e84314a914aed4590473b7146b77f0) Importer(2089858483,b0f066a214c2f5e87bad3c948f4d605d)
Start importing Assets/Class 08th(Physics System)/Golf Assets/Prefabs/Bg/Clouds using Guid(98e84314a914aed4590473b7146b77f0) Importer(2089858483,b0f066a214c2f5e87bad3c948f4d605d) (ScriptedImporter) -> (artifact id: 'f9d02b99bdfe8ff44b82dfbdb4ed0a5a') in 0.012497 seconds
Number of updated asset objects reloaded before import = 0Number of asset objects unloaded after import = 1

========================================================================
Received Import Request.
  Time since last request: 0.000022 seconds.
  path: Assets/Class 08th(Physics System)/Golf Assets/Prefabs/Characters/FrogPortalEnterHold.prefab
  artifactKey: Guid(f5692bb23a87000468eb6fe2d283475b) Importer(2089858483,b0f066a214c2f5e87bad3c948f4d605d)
Start importing Assets/Class 08th(Physics System)/Golf Assets/Prefabs/Characters/FrogPortalEnterHold.prefab using Guid(f5692bb23a87000468eb6fe2d283475b) Importer(2089858483,b0f066a214c2f5e87bad3c948f4d605d) (ScriptedImporter) -> (artifact id: '24b68c2c6ce7cfbbed2014a3d7302e4c') in 0.0160602 seconds
Number of updated asset objects reloaded before import = 0Number of asset objects unloaded after import = 11

========================================================================
Received Import Request.
  Time since last request: 0.000021 seconds.
  path: Assets/Class 08th(Physics System)/Golf Assets/Models/Level/Part1/90Curved.fbx
  artifactKey: Guid(8bedacfed5b5f9143abdd94fac5cd8ef) Importer(2089858483,b0f066a214c2f5e87bad3c948f4d605d)
Start importing Assets/Class 08th(Physics System)/Golf Assets/Models/Level/Part1/90Curved.fbx using Guid(8bedacfed5b5f9143abdd94fac5cd8ef) Importer(2089858483,b0f066a214c2f5e87bad3c948f4d605d) (ScriptedImporter) -> (artifact id: 'eaf0bf3811ca78bcb6c82540aac1a357') in 0.0302492 seconds
Number of updated asset objects reloaded before import = 0Number of asset objects unloaded after import = 9

========================================================================
Received Import Request.
  Time since last request: 0.000024 seconds.
  path: Assets/Class 08th(Physics System)/Golf Assets/Models/Pipes
  artifactKey: Guid(dec56e1ad3b9a394795efba73f0d113c) Importer(2089858483,b0f066a214c2f5e87bad3c948f4d605d)
Start importing Assets/Class 08th(Physics System)/Golf Assets/Models/Pipes using Guid(dec56e1ad3b9a394795efba73f0d113c) Importer(2089858483,b0f066a214c2f5e87bad3c948f4d605d) (ScriptedImporter) -> (artifact id: 'deb5ef7732f143f7ab050b7ee82845df') in 0.0135018 seconds
Number of updated asset objects reloaded before import = 0Number of asset objects unloaded after import = 1

========================================================================
Received Import Request.
  Time since last request: 0.000014 seconds.
  path: Assets/Class 08th(Physics System)/Golf Assets/Models/Interactable
  artifactKey: Guid(682038632684c3541a5821d44599eb0e) Importer(2089858483,b0f066a214c2f5e87bad3c948f4d605d)
Start importing Assets/Class 08th(Physics System)/Golf Assets/Models/Interactable using Guid(682038632684c3541a5821d44599eb0e) Importer(2089858483,b0f066a214c2f5e87bad3c948f4d605d) (ScriptedImporter) -> (artifact id: 'a2337444d31f68aaf6fde46d2e580bc6') in 0.0137156 seconds
Number of updated asset objects reloaded before import = 0Number of asset objects unloaded after import = 1

========================================================================
Received Import Request.
  Time since last request: 0.000027 seconds.
  path: Assets/Class 08th(Physics System)/Golf Assets/Prefabs/Level/Sideshole.prefab
  artifactKey: Guid(bda3565a89cd92246bf155134b407f2b) Importer(2089858483,b0f066a214c2f5e87bad3c948f4d605d)
Start importing Assets/Class 08th(Physics System)/Golf Assets/Prefabs/Level/Sideshole.prefab using Guid(bda3565a89cd92246bf155134b407f2b) Importer(2089858483,b0f066a214c2f5e87bad3c948f4d605d) (ScriptedImporter) -> (artifact id: '2f8598175d9569e39924ab2a2cb0a41a') in 0.0246103 seconds
Number of updated asset objects reloaded before import = 0Number of asset objects unloaded after import = 16

========================================================================
Received Import Request.
  Time since last request: 0.000019 seconds.
  path: Assets/Class 08th(Physics System)/Golf Assets/Textures/Cosmetics/8ball
  artifactKey: Guid(6db8a10ae30580c4e95623c5f79e7453) Importer(2089858483,b0f066a214c2f5e87bad3c948f4d605d)
Start importing Assets/Class 08th(Physics System)/Golf Assets/Textures/Cosmetics/8ball using Guid(6db8a10ae30580c4e95623c5f79e7453) Importer(2089858483,b0f066a214c2f5e87bad3c948f4d605d) (ScriptedImporter) -> (artifact id: '912372735e5a535d9386f83cfaa328a0') in 0.01271 seconds
Number of updated asset objects reloaded before import = 0Number of asset objects unloaded after import = 1

========================================================================
Received Import Request.
  Time since last request: 0.000025 seconds.
  path: Assets/Class 08th(Physics System)/Sprites
  artifactKey: Guid(1fc93089026a4c4438c2883b343b3000) Importer(815301076,1909f56bfc062723c751e8b465ee728b)
Start importing Assets/Class 08th(Physics System)/Sprites using Guid(1fc93089026a4c4438c2883b343b3000) Importer(815301076,1909f56bfc062723c751e8b465ee728b) (PreviewImporter) -> (artifact id: '25c88f6faa3051eddb2ae1f7b2b22e2c') in 0.0005854 seconds
Number of updated asset objects reloaded before import = 0Number of asset objects unloaded after import = 0

========================================================================
Received Import Request.
  Time since last request: 0.000036 seconds.
  path: Assets/Class 08th(Physics System)/Golf Assets/Materials/Cosmetics
  artifactKey: Guid(d46e48eb33e7cf546a01b7ae298e38f8) Importer(2089858483,b0f066a214c2f5e87bad3c948f4d605d)
Start importing Assets/Class 08th(Physics System)/Golf Assets/Materials/Cosmetics using Guid(d46e48eb33e7cf546a01b7ae298e38f8) Importer(2089858483,b0f066a214c2f5e87bad3c948f4d605d) (ScriptedImporter) -> (artifact id: 'a3688a3de37a379c571bbf93aece7888') in 0.0147428 seconds
Number of updated asset objects reloaded before import = 0Number of asset objects unloaded after import = 1

========================================================================
Received Import Request.
  Time since last request: 0.000019 seconds.
  path: Assets/Class 08th(Physics System)/Golf Assets/Prefabs/InteractProps/FanWind.prefab
  artifactKey: Guid(0746fe1fda08f104aaca5680daa146c8) Importer(2089858483,b0f066a214c2f5e87bad3c948f4d605d)
Start importing Assets/Class 08th(Physics System)/Golf Assets/Prefabs/InteractProps/FanWind.prefab using Guid(0746fe1fda08f104aaca5680daa146c8) Importer(2089858483,b0f066a214c2f5e87bad3c948f4d605d) (ScriptedImporter) -> (artifact id: '212364bc41586529a98bdb36caed996c') in 0.0148218 seconds
Number of updated asset objects reloaded before import = 0Number of asset objects unloaded after import = 10

========================================================================
Received Import Request.
  Time since last request: 0.000041 seconds.
  path: Assets/Class 08th(Physics System)/Golf Assets/Models/Bumpers/Bumper.fbx
  artifactKey: Guid(60af87ea6ce0ac441a159dcd6b25b928) Importer(2089858483,b0f066a214c2f5e87bad3c948f4d605d)
Start importing Assets/Class 08th(Physics System)/Golf Assets/Models/Bumpers/Bumper.fbx using Guid(60af87ea6ce0ac441a159dcd6b25b928) Importer(2089858483,b0f066a214c2f5e87bad3c948f4d605d) (ScriptedImporter) -> (artifact id: 'ecfebcc659234efcf44e7893bdb8b0c1') in 0.0293407 seconds
Number of updated asset objects reloaded before import = 0Number of asset objects unloaded after import = 7

========================================================================
Received Import Request.
  Time since last request: 0.000025 seconds.
  path: Assets/Class 08th(Physics System)/Golf Assets/Materials/CloudShader.mat
  artifactKey: Guid(914f7ebaf1c25584cbcc1f79a39bc163) Importer(2089858483,b0f066a214c2f5e87bad3c948f4d605d)
Start importing Assets/Class 08th(Physics System)/Golf Assets/Materials/CloudShader.mat using Guid(914f7ebaf1c25584cbcc1f79a39bc163) Importer(2089858483,b0f066a214c2f5e87bad3c948f4d605d) (ScriptedImporter) -> (artifact id: '1c4a8d4f1df752c6df6e2437eea888ec') in 0.0225515 seconds
Number of updated asset objects reloaded before import = 0Number of asset objects unloaded after import = 6

========================================================================
Received Import Request.
  Time since last request: 0.000018 seconds.
  path: Assets/Class 08th(Physics System)/Golf Assets/Models/Interactable/PoweUpBox.fbx
  artifactKey: Guid(e1314eddba725a94c91161592cdf8180) Importer(2089858483,b0f066a214c2f5e87bad3c948f4d605d)
Start importing Assets/Class 08th(Physics System)/Golf Assets/Models/Interactable/PoweUpBox.fbx using Guid(e1314eddba725a94c91161592cdf8180) Importer(2089858483,b0f066a214c2f5e87bad3c948f4d605d) (ScriptedImporter) -> (artifact id: '2ef269b3b84051895f2b79ae93f26026') in 0.0251637 seconds
Number of updated asset objects reloaded before import = 0Number of asset objects unloaded after import = 7

========================================================================
Received Import Request.
  Time since last request: 0.000019 seconds.
  path: Assets/Class 08th(Physics System)/Golf Assets/Models/WindMill/FanBase.fbx
  artifactKey: Guid(d45ffb69fe052b142a03adaf0109ac66) Importer(2089858483,b0f066a214c2f5e87bad3c948f4d605d)
Start importing Assets/Class 08th(Physics System)/Golf Assets/Models/WindMill/FanBase.fbx using Guid(d45ffb69fe052b142a03adaf0109ac66) Importer(2089858483,b0f066a214c2f5e87bad3c948f4d605d) (ScriptedImporter) -> (artifact id: '27a9a68711fca9da1e987370f56b26b6') in 0.0283755 seconds
Number of updated asset objects reloaded before import = 0Number of asset objects unloaded after import = 7

========================================================================
Received Import Request.
  Time since last request: 0.000024 seconds.
  path: Assets/Class 08th(Physics System)/Golf Assets/Renderer.asset
  artifactKey: Guid(a3c69f300d0aecf438454ed49a32c0b0) Importer(2089858483,b0f066a214c2f5e87bad3c948f4d605d)
Start importing Assets/Class 08th(Physics System)/Golf Assets/Renderer.asset using Guid(a3c69f300d0aecf438454ed49a32c0b0) Importer(2089858483,b0f066a214c2f5e87bad3c948f4d605d) (ScriptedImporter) -> (artifact id: '638d85a609225dea903c293d8984ccc8') in 0.0357885 seconds
Number of updated asset objects reloaded before import = 0Number of asset objects unloaded after import = 2

========================================================================
Received Import Request.
  Time since last request: 0.000024 seconds.
  path: Assets/Class 08th(Physics System)/Golf Assets/Settings/Medium_PipelineAsset_ForwardRenderer.asset
  artifactKey: Guid(3b4a08620a9e67248b9c60bf2be02041) Importer(2089858483,b0f066a214c2f5e87bad3c948f4d605d)
Start importing Assets/Class 08th(Physics System)/Golf Assets/Settings/Medium_PipelineAsset_ForwardRenderer.asset using Guid(3b4a08620a9e67248b9c60bf2be02041) Importer(2089858483,b0f066a214c2f5e87bad3c948f4d605d) (ScriptedImporter) -> (artifact id: '5a0400c0f7b27e53500309a8826143e4') in 0.0247702 seconds
Number of updated asset objects reloaded before import = 0Number of asset objects unloaded after import = 1

========================================================================
Received Import Request.
  Time since last request: 0.000015 seconds.
  path: Assets/Class 08th(Physics System)/Golf Assets/Models/Bumpers
  artifactKey: Guid(351c5eedfab1ad24289391ae7aff2099) Importer(2089858483,b0f066a214c2f5e87bad3c948f4d605d)
Start importing Assets/Class 08th(Physics System)/Golf Assets/Models/Bumpers using Guid(351c5eedfab1ad24289391ae7aff2099) Importer(2089858483,b0f066a214c2f5e87bad3c948f4d605d) (ScriptedImporter) -> (artifact id: '91f86154d357cc6d57f70b1b9913f8c8') in 0.0112365 seconds
Number of updated asset objects reloaded before import = 0Number of asset objects unloaded after import = 1

========================================================================
Received Import Request.
  Time since last request: 0.000016 seconds.
  path: Assets/Class 08th(Physics System)/Golf Assets/Models/Coins/Coin1.fbx
  artifactKey: Guid(83bfe2f18c634524986b073029b63807) Importer(2089858483,b0f066a214c2f5e87bad3c948f4d605d)
Start importing Assets/Class 08th(Physics System)/Golf Assets/Models/Coins/Coin1.fbx using Guid(83bfe2f18c634524986b073029b63807) Importer(2089858483,b0f066a214c2f5e87bad3c948f4d605d) (ScriptedImporter) -> (artifact id: 'd1937f29cb626d7ee5367288ddca1317') in 0.0297862 seconds
Number of updated asset objects reloaded before import = 0Number of asset objects unloaded after import = 7

========================================================================
Received Import Request.
  Time since last request: 0.000024 seconds.
  path: Assets/Class 08th(Physics System)/Golf Assets/Textures/Pipes
  artifactKey: Guid(072b639b648481e43b85c4ec06eb1d8b) Importer(2089858483,b0f066a214c2f5e87bad3c948f4d605d)
Start importing Assets/Class 08th(Physics System)/Golf Assets/Textures/Pipes using Guid(072b639b648481e43b85c4ec06eb1d8b) Importer(2089858483,b0f066a214c2f5e87bad3c948f4d605d) (ScriptedImporter) -> (artifact id: '54760c6b65d1869862346b04411c6121') in 0.0124972 seconds
Number of updated asset objects reloaded before import = 0Number of asset objects unloaded after import = 1

========================================================================
Received Import Request.
  Time since last request: 0.000029 seconds.
  path: Assets/Class 08th(Physics System)/Golf Assets/Textures/Hammer,Flag/1_DefaultMaterial_AlbedoTransparency.png
  artifactKey: Guid(28484795503ec1747ba7fb6f5f1e9067) Importer(2089858483,b0f066a214c2f5e87bad3c948f4d605d)
Start importing Assets/Class 08th(Physics System)/Golf Assets/Textures/Hammer,Flag/1_DefaultMaterial_AlbedoTransparency.png using Guid(28484795503ec1747ba7fb6f5f1e9067) Importer(2089858483,b0f066a214c2f5e87bad3c948f4d605d) (ScriptedImporter) -> (artifact id: '7af765b655946dd52822e4a52c817648') in 0.0248528 seconds
Number of updated asset objects reloaded before import = 0Number of asset objects unloaded after import = 1

========================================================================
Received Import Request.
  Time since last request: 0.000017 seconds.
  path: Assets/Class 08th(Physics System)/Golf Assets/Models/Level/Part1/DownHill.fbx
  artifactKey: Guid(5ade7cff89359ee4dbed68f149b42c61) Importer(2089858483,b0f066a214c2f5e87bad3c948f4d605d)
Start importing Assets/Class 08th(Physics System)/Golf Assets/Models/Level/Part1/DownHill.fbx using Guid(5ade7cff89359ee4dbed68f149b42c61) Importer(2089858483,b0f066a214c2f5e87bad3c948f4d605d) (ScriptedImporter) -> (artifact id: 'ce632f98e1ebf4c962a632540497c80f') in 0.0358674 seconds
Number of updated asset objects reloaded before import = 0Number of asset objects unloaded after import = 9

========================================================================
Received Import Request.
  Time since last request: 0.000016 seconds.
  path: Assets/Class 08th(Physics System)/Golf Assets/Models
  artifactKey: Guid(68361f038b6306346b890408b21a8f8a) Importer(2089858483,b0f066a214c2f5e87bad3c948f4d605d)
Start importing Assets/Class 08th(Physics System)/Golf Assets/Models using Guid(68361f038b6306346b890408b21a8f8a) Importer(2089858483,b0f066a214c2f5e87bad3c948f4d605d) (ScriptedImporter) -> (artifact id: '94f87034c28270c460c677f0e06ef191') in 0.0109909 seconds
Number of updated asset objects reloaded before import = 0Number of asset objects unloaded after import = 1

========================================================================
Received Import Request.
  Time since last request: 0.000025 seconds.
  path: Assets/Class 08th(Physics System)/Golf Assets/Prefabs/Bg/SkySphere.prefab
  artifactKey: Guid(d1494f85c99b0d9428842d0d78f4051a) Importer(2089858483,b0f066a214c2f5e87bad3c948f4d605d)
Start importing Assets/Class 08th(Physics System)/Golf Assets/Prefabs/Bg/SkySphere.prefab using Guid(d1494f85c99b0d9428842d0d78f4051a) Importer(2089858483,b0f066a214c2f5e87bad3c948f4d605d) (ScriptedImporter) -> (artifact id: '00e2d672f5473f646a1c9528fd1ac0a5') in 0.0235342 seconds
Number of updated asset objects reloaded before import = 0Number of asset objects unloaded after import = 15

========================================================================
Received Import Request.
  Time since last request: 0.000021 seconds.
  path: Assets/Class 08th(Physics System)/Golf Assets/Prefabs/Bumpers/Bumper.prefab
  artifactKey: Guid(a65279c4fad7ab448813d9e259e9a3b9) Importer(2089858483,b0f066a214c2f5e87bad3c948f4d605d)
Start importing Assets/Class 08th(Physics System)/Golf Assets/Prefabs/Bumpers/Bumper.prefab using Guid(a65279c4fad7ab448813d9e259e9a3b9) Importer(2089858483,b0f066a214c2f5e87bad3c948f4d605d) (ScriptedImporter) -> (artifact id: '61d3258ed36efa2e1f9d50bdd184e295') in 0.0255726 seconds
Number of updated asset objects reloaded before import = 0Number of asset objects unloaded after import = 15

========================================================================
Received Import Request.
  Time since last request: 0.000025 seconds.
  path: Assets/Class 08th(Physics System)/Golf Assets/Models/Interactable/Ramp.fbx
  artifactKey: Guid(9413a8cc77a243949bd79e630ad68bb8) Importer(2089858483,b0f066a214c2f5e87bad3c948f4d605d)
Start importing Assets/Class 08th(Physics System)/Golf Assets/Models/Interactable/Ramp.fbx using Guid(9413a8cc77a243949bd79e630ad68bb8) Importer(2089858483,b0f066a214c2f5e87bad3c948f4d605d) (ScriptedImporter) -> (artifact id: '8e717696326c834bb8c5da0679693a20') in 0.0295661 seconds
Number of updated asset objects reloaded before import = 0Number of asset objects unloaded after import = 7

========================================================================
Received Import Request.
  Time since last request: 0.000031 seconds.
  path: Assets/Class 08th(Physics System)/Golf Assets/Models/Bumpers/Triangle.fbx
  artifactKey: Guid(9710a724d7ed4be4785a815c19a17066) Importer(2089858483,b0f066a214c2f5e87bad3c948f4d605d)
Start importing Assets/Class 08th(Physics System)/Golf Assets/Models/Bumpers/Triangle.fbx using Guid(9710a724d7ed4be4785a815c19a17066) Importer(2089858483,b0f066a214c2f5e87bad3c948f4d605d) (ScriptedImporter) -> (artifact id: 'bda3827a1fe3c485ceda37b4a4e68ab9') in 0.0309079 seconds
Number of updated asset objects reloaded before import = 0Number of asset objects unloaded after import = 7

========================================================================
Received Import Request.
  Time since last request: 0.000016 seconds.
  path: Assets/Class 08th(Physics System)/Golf Assets/Shaders/BlackTransition.shadergraph
  artifactKey: Guid(2cee75c01afb72340b4f0db0c2d32f21) Importer(2089858483,b0f066a214c2f5e87bad3c948f4d605d)
Start importing Assets/Class 08th(Physics System)/Golf Assets/Shaders/BlackTransition.shadergraph using Guid(2cee75c01afb72340b4f0db0c2d32f21) Importer(2089858483,b0f066a214c2f5e87bad3c948f4d605d) (ScriptedImporter) -> (artifact id: '65aecfe1f7183d8d7ce3a1486ef4975c') in 0.0243039 seconds
Number of updated asset objects reloaded before import = 0Number of asset objects unloaded after import = 5

========================================================================
Received Import Request.
  Time since last request: 0.000020 seconds.
  path: Assets/Class 08th(Physics System)/Golf Assets/Textures/Bumpers/1_DefaultMaterial_AlbedoTransparency.png
  artifactKey: Guid(54c3979f6b73af244afccae2bf43a60b) Importer(2089858483,b0f066a214c2f5e87bad3c948f4d605d)
Start importing Assets/Class 08th(Physics System)/Golf Assets/Textures/Bumpers/1_DefaultMaterial_AlbedoTransparency.png using Guid(54c3979f6b73af244afccae2bf43a60b) Importer(2089858483,b0f066a214c2f5e87bad3c948f4d605d) (ScriptedImporter) -> (artifact id: '8d7261167f9c14905275aaacf4a267a0') in 0.0243596 seconds
Number of updated asset objects reloaded before import = 0Number of asset objects unloaded after import = 1

========================================================================
Received Import Request.
  Time since last request: 0.201532 seconds.
  path: Assets/Class 08th(Physics System)/Golf Assets/Shaders/Glass.shader
  artifactKey: Guid(fd8c0f9e4717ba14dbee042b655f6aee) Importer(2089858483,b0f066a214c2f5e87bad3c948f4d605d)
Start importing Assets/Class 08th(Physics System)/Golf Assets/Shaders/Glass.shader using Guid(fd8c0f9e4717ba14dbee042b655f6aee) Importer(2089858483,b0f066a214c2f5e87bad3c948f4d605d) (ScriptedImporter) -> (artifact id: '4d0b3335eb02aff6c1fc5e5e17f09aea') in 0.0119105 seconds
Number of updated asset objects reloaded before import = 0Number of asset objects unloaded after import = 1

========================================================================
Received Import Request.
  Time since last request: 0.000021 seconds.
  path: Assets/Class 08th(Physics System)/Golf Assets/Textures/Pipes/1_DefaultMaterial_AlbedoTransparency.png
  artifactKey: Guid(ae9f61fbd41cbc044898f43b43c054fa) Importer(2089858483,b0f066a214c2f5e87bad3c948f4d605d)
Start importing Assets/Class 08th(Physics System)/Golf Assets/Textures/Pipes/1_DefaultMaterial_AlbedoTransparency.png using Guid(ae9f61fbd41cbc044898f43b43c054fa) Importer(2089858483,b0f066a214c2f5e87bad3c948f4d605d) (ScriptedImporter) -> (artifact id: 'a68a1e801eec4f31ea80c2b09ed4a954') in 0.0217898 seconds
Number of updated asset objects reloaded before import = 0Number of asset objects unloaded after import = 1

========================================================================
Received Import Request.
  Time since last request: 0.306543 seconds.
  path: Assets/Class 08th(Physics System)/Golf Assets/Models/Level/Part1/90.fbx
  artifactKey: Guid(8e6b346142d6e004fb5de294d724d262) Importer(2089858483,b0f066a214c2f5e87bad3c948f4d605d)
Start importing Assets/Class 08th(Physics System)/Golf Assets/Models/Level/Part1/90.fbx using Guid(8e6b346142d6e004fb5de294d724d262) Importer(2089858483,b0f066a214c2f5e87bad3c948f4d605d) (ScriptedImporter) -> (artifact id: 'b71c1cf0d693c6e1465b482548663038') in 0.0301739 seconds
Number of updated asset objects reloaded before import = 0Number of asset objects unloaded after import = 9

========================================================================
Received Import Request.
  Time since last request: 2.876385 seconds.
  path: Assets/Class 08th(Physics System)/Golf Assets/Models/Level/Part1/Sides.fbx
  artifactKey: Guid(292b3fc593a87cc449a67bd537028b6d) Importer(2089858483,b0f066a214c2f5e87bad3c948f4d605d)
Start importing Assets/Class 08th(Physics System)/Golf Assets/Models/Level/Part1/Sides.fbx using Guid(292b3fc593a87cc449a67bd537028b6d) Importer(2089858483,b0f066a214c2f5e87bad3c948f4d605d) (ScriptedImporter) -> (artifact id: '74d1600fabd9823074a4e526d745a407') in 0.0309562 seconds
Number of updated asset objects reloaded before import = 0Number of asset objects unloaded after import = 9

========================================================================
Received Import Request.
  Time since last request: 0.000017 seconds.
  path: Assets/Class 08th(Physics System)/Golf Assets/Prefabs/Level/90Curved.prefab
  artifactKey: Guid(a9b0b7ce886a3094fb0fcc006f625e2e) Importer(2089858483,b0f066a214c2f5e87bad3c948f4d605d)
Start importing Assets/Class 08th(Physics System)/Golf Assets/Prefabs/Level/90Curved.prefab using Guid(a9b0b7ce886a3094fb0fcc006f625e2e) Importer(2089858483,b0f066a214c2f5e87bad3c948f4d605d) (ScriptedImporter) -> (artifact id: '7329939401bb18453bbf278c49dceea2') in 0.0224096 seconds
Number of updated asset objects reloaded before import = 0Number of asset objects unloaded after import = 16

========================================================================
Received Import Request.
  Time since last request: 0.000016 seconds.
  path: Assets/Class 08th(Physics System)/Golf Assets/Materials/FrogPortals.mat
  artifactKey: Guid(f06b24829cc283043a0e14734a73dd4d) Importer(2089858483,b0f066a214c2f5e87bad3c948f4d605d)
Start importing Assets/Class 08th(Physics System)/Golf Assets/Materials/FrogPortals.mat using Guid(f06b24829cc283043a0e14734a73dd4d) Importer(2089858483,b0f066a214c2f5e87bad3c948f4d605d) (ScriptedImporter) -> (artifact id: '83a12f3b844e03ad9cf9fe2e424781f6') in 0.0220161 seconds
Number of updated asset objects reloaded before import = 0Number of asset objects unloaded after import = 4

========================================================================
Received Import Request.
  Time since last request: 0.000044 seconds.
  path: Assets/Class 08th(Physics System)/Golf Assets/Models/Level/Part1/180.fbx
  artifactKey: Guid(7d77236cdfdedaf49a9e8b54557cb24d) Importer(2089858483,b0f066a214c2f5e87bad3c948f4d605d)
Start importing Assets/Class 08th(Physics System)/Golf Assets/Models/Level/Part1/180.fbx using Guid(7d77236cdfdedaf49a9e8b54557cb24d) Importer(2089858483,b0f066a214c2f5e87bad3c948f4d605d) (ScriptedImporter) -> (artifact id: '5347a6be61c87128d099a7510e7b52d1') in 0.0281843 seconds
Number of updated asset objects reloaded before import = 0Number of asset objects unloaded after import = 9

========================================================================
Received Import Request.
  Time since last request: 0.000014 seconds.
  path: Assets/Class 08th(Physics System)/Golf Assets/Materials/Cosmetics/GolfBall.mat
  artifactKey: Guid(61b2cbcbc7214c04cbd8532e98166027) Importer(2089858483,b0f066a214c2f5e87bad3c948f4d605d)
Start importing Assets/Class 08th(Physics System)/Golf Assets/Materials/Cosmetics/GolfBall.mat using Guid(61b2cbcbc7214c04cbd8532e98166027) Importer(2089858483,b0f066a214c2f5e87bad3c948f4d605d) (ScriptedImporter) -> (artifact id: '96b16a48ee9f87de41e58ae6562bb742') in 0.0151914 seconds
Number of updated asset objects reloaded before import = 0Number of asset objects unloaded after import = 3

========================================================================
Received Import Request.
  Time since last request: 0.000022 seconds.
  path: Assets/Class 08th(Physics System)/Golf Assets/Models/Coins/Coin3.fbx
  artifactKey: Guid(de5d5fdd24a20744dacb441adfce2dc4) Importer(2089858483,b0f066a214c2f5e87bad3c948f4d605d)
Start importing Assets/Class 08th(Physics System)/Golf Assets/Models/Coins/Coin3.fbx using Guid(de5d5fdd24a20744dacb441adfce2dc4) Importer(2089858483,b0f066a214c2f5e87bad3c948f4d605d) (ScriptedImporter) -> (artifact id: '9dd94440404fab2c17bb309b297606aa') in 0.02443 seconds
Number of updated asset objects reloaded before import = 0Number of asset objects unloaded after import = 7

========================================================================
Received Import Request.
  Time since last request: 0.000027 seconds.
  path: Assets/Class 08th(Physics System)/Golf Assets/Prefabs/Collectables/Copper.prefab
  artifactKey: Guid(f656011738ac50a459db5c8c1f96893a) Importer(2089858483,b0f066a214c2f5e87bad3c948f4d605d)
Start importing Assets/Class 08th(Physics System)/Golf Assets/Prefabs/Collectables/Copper.prefab using Guid(f656011738ac50a459db5c8c1f96893a) Importer(2089858483,b0f066a214c2f5e87bad3c948f4d605d) (ScriptedImporter) -> (artifact id: 'ea18a97ccedccf6c59559452b7584d95') in 0.0176484 seconds
Number of updated asset objects reloaded before import = 0Number of asset objects unloaded after import = 15

========================================================================
Received Import Request.
  Time since last request: 0.000016 seconds.
  path: Assets/Class 08th(Physics System)/Golf Assets/Prefabs/Bg/Clouds/CloudSpawner.prefab
  artifactKey: Guid(fd596848093dce34ba92f0eff95360d3) Importer(2089858483,b0f066a214c2f5e87bad3c948f4d605d)
Start importing Assets/Class 08th(Physics System)/Golf Assets/Prefabs/Bg/Clouds/CloudSpawner.prefab using Guid(fd596848093dce34ba92f0eff95360d3) Importer(2089858483,b0f066a214c2f5e87bad3c948f4d605d) (ScriptedImporter) -> (artifact id: 'f73f6f135469eaf5382d99b65256e618') in 0.0142563 seconds
Number of updated asset objects reloaded before import = 0Number of asset objects unloaded after import = 6

========================================================================
Received Prepare
Refreshing native plugins compatible for Editor in 2.36 ms, found 4 plugins.
Preloading 0 native plugins for Editor in 0.00 ms.
Unloading 17 Unused Serialized files (Serialized files now loaded: 0)
Unloading 6430 unused Assets / (4.5 MB). Loaded Objects now: 7254.
Memory consumption went from 158.8 MB to 154.3 MB.
Total: 14.617100 ms (FindLiveObjects: 1.804300 ms CreateObjectMapping: 1.762800 ms MarkObjects: 8.398300 ms  DeleteObjects: 2.651100 ms)

Prepare: number of updated asset objects reloaded= 0
Editor requested this worker to shutdown with reason: Scaling down because of idle timeout
AssetImportWorker is now disconnected from the server
Process exiting
Exiting without the bug reporter. Application will terminate with return code 0