[Licensing::Module] Trying to connect to existing licensing client channel...
Built from '6000.3/staging' branch; Version is '6000.3.15f1 (c1aa84e375f6) revision 12692100'; Using compiler version '194234433'; Build Type 'Release'
[Licensing::IpcConnector] Successfully connected to: "LicenseClient-User" at "2026-05-28T12:36:26.4229927Z"
OS: 'Windows 11  (10.0.26200) Core' Language: 'ko' Physical Memory: 16310 MB
BatchMode: 1, IsHumanControllingUs: 0, StartBugReporterOnCrash: 0, Is64bit: 1
System  architecture: x64
Process architecture: x64
Date: 2026-05-28T12:36:26Z

COMMAND LINE ARGUMENTS:
C:\Program Files\Unity\Hub\Editor\6000.3.15f1\Editor\Unity.exe
-adb2
-batchMode
-noUpm
-name
AssetImportWorker27
-projectPath
C:/Users/User/Desktop/Unity/Program
-logFile
Logs/AssetImportWorker27.log
-srvPort
59870
-licensingIpc
LicenseClient-User
-job-worker-count
7
-background-job-worker-count
8
-gc-helper-count
1
-name
AssetImport
Successfully changed project path to: C:/Users/User/Desktop/Unity/Program
C:/Users/User/Desktop/Unity/Program
[UnityMemory] Configuration Parameters - Can be set up in boot.config
    "memorysetup-temp-allocator-size-nav-mesh-worker=65536"
    "memorysetup-temp-allocator-size-audio-worker=65536"
    "memorysetup-temp-allocator-size-gfx=262144"
    "memorysetup-allocator-temp-initial-block-size-main=262144"
    "memorysetup-allocator-temp-initial-block-size-worker=262144"
    "memorysetup-temp-allocator-size-background-worker=32768"
    "memorysetup-temp-allocator-size-job-worker=262144"
    "memorysetup-temp-allocator-size-preload-manager=33554432"
    "memorysetup-temp-allocator-size-gi-baking-worker=262144"
    "memorysetup-temp-allocator-size-gi-baking-worker=262144"
    "memorysetup-temp-allocator-size-gi-baking-worker=262144"
    "memorysetup-temp-allocator-size-gi-baking-worker=262144"
    "memorysetup-temp-allocator-size-gi-baking-worker=262144"
    "memorysetup-bucket-allocator-granularity=16"
    "memorysetup-bucket-allocator-bucket-count=8"
    "memorysetup-bucket-allocator-block-size=33554432"
    "memorysetup-bucket-allocator-block-count=8"
    "memorysetup-main-allocator-block-size=16777216"
    "memorysetup-thread-allocator-block-size=16777216"
    "memorysetup-gfx-main-allocator-block-size=16777216"
    "memorysetup-gfx-thread-allocator-block-size=16777216"
    "memorysetup-cache-allocator-block-size=4194304"
    "memorysetup-typetree-allocator-block-size=2097152"
    "memorysetup-profiler-bucket-allocator-granularity=16"
    "memorysetup-profiler-bucket-allocator-bucket-count=8"
    "memorysetup-profiler-bucket-allocator-block-size=33554432"
    "memorysetup-profiler-bucket-allocator-block-count=8"
    "memorysetup-profiler-allocator-block-size=16777216"
    "memorysetup-profiler-editor-allocator-block-size=1048576"
    "memorysetup-temp-allocator-size-main=16777216"
    "memorysetup-job-temp-allocator-block-size=2097152"
    "memorysetup-job-temp-allocator-block-size-background=1048576"
    "memorysetup-job-temp-allocator-reduction-small-platforms=262144"
    "memorysetup-temp-allocator-size-cloud-worker=32768"
Player connection [38188]  Target information:

Player connection [38188]  * "[IP] 192.168.0.7 [Port] 0 [Flags] 2 [Guid] 1653728815 [EditorId] 1653728815 [Version] 1048832 [Id] WindowsEditor(7,DESKTOP-9G2NQRC) [Debug] 1 [PackageName] WindowsEditor [ProjectName] Editor" 

Player connection [38188]  * "[IP] 192.168.0.13 [Port] 0 [Flags] 2 [Guid] 1653728815 [EditorId] 1653728815 [Version] 1048832 [Id] WindowsEditor(7,DESKTOP-9G2NQRC) [Debug] 1 [PackageName] WindowsEditor [ProjectName] Editor" 

Player connection [38188] Host joined multi-casting on [225.0.0.222:54997]...
Player connection [38188] Host joined alternative multi-casting on [225.0.0.222:34997]...
JobSystem: Creating JobQueue using job-worker-count value 7
Input System module state changed to: Initialized.
[Physics::Module] Initialized fallback backend.
[Physics::Module] Id: 0xdecafbad
Library Redirect Path: Library/
[Physics::Module] Selected backend.
[Physics::Module] Name: PhysX
[Physics::Module] Id: 0xf2b8ea05
[Physics::Module] SDK Version: 4.1.2
[Physics::Module] Integration Version: 1.0.0
[Physics::Module] Threading Mode: Multi-Threaded
Refreshing native plugins compatible for Editor in 8.90 ms, found 4 plugins.
Preloading 0 native plugins for Editor in 0.00 ms.
Initialize engine version: 6000.3.15f1 (c1aa84e375f6)
[Subsystems] Discovering subsystems at path C:/Program Files/Unity/Hub/Editor/6000.3.15f1/Editor/Data/Resources/UnitySubsystems
[Subsystems] Discovering subsystems at path C:/Users/User/Desktop/Unity/Program/Assets
GfxDevice: creating device client; kGfxThreadingModeNonThreaded
Direct3D:
    Version:  Direct3D 11.0 [level 11.1]
    Renderer: NVIDIA GeForce RTX 3070 (ID=0x2488)
    Vendor:   NVIDIA
    VRAM:     8018 MB
    Driver:   32.0.15.9186
Initialize mono
Mono path[0] = 'C:/Program Files/Unity/Hub/Editor/6000.3.15f1/Editor/Data/Managed'
Mono path[1] = 'C:/Program Files/Unity/Hub/Editor/6000.3.15f1/Editor/Data/MonoBleedingEdge/lib/mono/unityjit-win32'
Mono config path = 'C:/Program Files/Unity/Hub/Editor/6000.3.15f1/Editor/Data/MonoBleedingEdge/etc'
Using monoOptions --debugger-agent=transport=dt_socket,embedding=1,server=y,suspend=n,address=127.0.0.1:56408
Begin MonoManager ReloadAssembly
Registering precompiled unity dll's ...
Register platform support module: C:/Program Files/Unity/Hub/Editor/6000.3.15f1/Editor/Data/PlaybackEngines/WindowsStandaloneSupport/UnityEditor.WindowsStandalone.Extensions.dll
Registered in 0.004737 seconds.
[Licensing::Client] Error: HandshakeResponse reported an error:
	ResponseCode: 505
	ResponseStatus: Unsupported protocol version '1.18.1'.
[Licensing::Module] Error: Failed to handshake to channel: "LicenseClient-User"
[Licensing::IpcConnector] LicenseClient-User channel disconnected successfully.
[Licensing::IpcConnector] Successfully connected to: "LicenseClient-User-6000.3.15" at "2026-05-28T12:36:27.7995309Z"
[Licensing::Client] Code 10 while verifying Licensing Client signature (process Id: 34500, path: "C:/Program Files/Unity/Hub/Editor/6000.3.15f1/Editor/Data/Resources/Licensing/Client/Unity.Licensing.Client.exe")
[Licensing::Module] LicensingClient has failed validation; ignoring
[Licensing::Client] Handshaking with LicensingClient:
  Version:                 1.18.1+9fbee8e
  Session Id:              fb47f5763c9944399c5eeb883214b520
  Correlation Id:          4e6380c663ed2fafd5c5f9020547c145
  External correlation Id: 1532335733193565506
  Machine Id:              eRBpBDHPyoUB8KnXL/IhcnMeJd4=
[Licensing::Module] Successfully connected to LicensingClient on channel: "LicenseClient-User-6000.3.15" (connect: 0.00s, validation: 0.00s, handshake: 0.01s)
[Licensing::IpcConnector] Successfully connected to: "LicenseClient-User-6000.3.15-notifications" at "2026-05-28T12:36:27.8135698Z"
[Licensing::Module] Licensing Background thread has ended after 1.39s
- Loaded All Assemblies, in  0.692 seconds
Native extension for WindowsStandalone target not found
Package Manager log level set to [2]
[Package Manager] Failed to launch server process. Reason: Unity was launched with the -noUpm command-line argument
[Package Manager] Unable to send message (not connected to server process).
[Package Manager] Cannot connect to Unity Package Manager local server
ScheduleIndexationOnStartup MainProcess:False IndexOnStartup:True
Mono: successfully reloaded assembly
- Finished resetting the current domain, in  0.483 seconds
Domain Reload Profiling: 1163ms
	BeginReloadAssembly (231ms)
		ExecutionOrderSort (0ms)
		DisableScriptedObjects (0ms)
		BackupInstance (0ms)
		ReleaseScriptingObjects (0ms)
		CreateAndSetChildDomain (1ms)
	RebuildCommonClasses (65ms)
	RebuildNativeTypeToScriptingClass (21ms)
	initialDomainReloadingComplete (89ms)
	LoadAllAssembliesAndSetupDomain (273ms)
		LoadAssemblies (214ms)
		RebuildTransferFunctionScriptingTraits (0ms)
		AnalyzeDomain (269ms)
			TypeCache.Refresh (267ms)
				TypeCache.ScanAssembly (252ms)
			BuildScriptInfoCaches (0ms)
			ResolveRequiredComponents (0ms)
	FinalizeReload (484ms)
		ReleaseScriptCaches (0ms)
		RebuildScriptCaches (0ms)
		SetupLoadedEditorAssemblies (430ms)
			LogAssemblyErrors (0ms)
			InitializePlatformSupportModulesInManaged (56ms)
			SetLoadedEditorAssemblies (7ms)
			BeforeProcessingInitializeOnLoad (108ms)
			ProcessInitializeOnLoadAttributes (172ms)
			ProcessInitializeOnLoadMethodAttributes (87ms)
			AfterProcessingInitializeOnLoad (0ms)
			EditorAssembliesLoaded (0ms)
		ExecutionOrderSort2 (0ms)
		AwakeInstancesAfterBackupRestoration (0ms)
========================================================================
Worker process is ready to serve import requests
Import Worker Mode flag is 0x00
Begin MonoManager ReloadAssembly
[Licensing::Client] Successfully resolved entitlement details
[Licensing::Module] License group:
  Id: 14569550976948-UnityPersXXXX
  Product: Unity Personal
  Type: Assigned
  Expiration: Unlimited
- Loaded All Assemblies, in  1.257 seconds
Refreshing native plugins compatible for Editor in 3.80 ms, found 4 plugins.
Native extension for WindowsStandalone target not found
[Package Manager] Failed to launch server process. Reason: Unity was launched with the -noUpm command-line argument
[Package Manager] Unable to send message (not connected to server process).
[Package Manager] Cannot connect to Unity Package Manager local server
Refreshing native plugins compatible for Editor in 3.90 ms, found 4 plugins.
[Package Manager] Failed to launch server process. Reason: Unity was launched with the -noUpm command-line argument
[Package Manager] Unable to send message (not connected to server process).
[Package Manager] Cannot connect to Unity Package Manager local server
ScheduleIndexationOnStartup MainProcess:False IndexOnStartup:True
Mono: successfully reloaded assembly
- Finished resetting the current domain, in  1.283 seconds
Domain Reload Profiling: 2524ms
	BeginReloadAssembly (239ms)
		ExecutionOrderSort (0ms)
		DisableScriptedObjects (9ms)
		BackupInstance (0ms)
		ReleaseScriptingObjects (0ms)
		CreateAndSetChildDomain (37ms)
	RebuildCommonClasses (42ms)
	RebuildNativeTypeToScriptingClass (15ms)
	initialDomainReloadingComplete (61ms)
	LoadAllAssembliesAndSetupDomain (884ms)
		LoadAssemblies (655ms)
		RebuildTransferFunctionScriptingTraits (0ms)
		AnalyzeDomain (362ms)
			TypeCache.Refresh (251ms)
				TypeCache.ScanAssembly (229ms)
			BuildScriptInfoCaches (93ms)
			ResolveRequiredComponents (13ms)
	FinalizeReload (1283ms)
		ReleaseScriptCaches (0ms)
		RebuildScriptCaches (0ms)
		SetupLoadedEditorAssemblies (1006ms)
			LogAssemblyErrors (0ms)
			InitializePlatformSupportModulesInManaged (2ms)
			SetLoadedEditorAssemblies (6ms)
			BeforeProcessingInitializeOnLoad (316ms)
			ProcessInitializeOnLoadAttributes (565ms)
			ProcessInitializeOnLoadMethodAttributes (97ms)
			AfterProcessingInitializeOnLoad (19ms)
			EditorAssembliesLoaded (0ms)
		ExecutionOrderSort2 (0ms)
		AwakeInstancesAfterBackupRestoration (9ms)
Launched and connected shader compiler UnityShaderCompiler.exe after 0.02 seconds
Refreshing native plugins compatible for Editor in 4.15 ms, found 4 plugins.
Preloading 0 native plugins for Editor in 0.00 ms.
Unloading 17 Unused Serialized files (Serialized files now loaded: 0)
Unloading 6441 unused Assets / (4.6 MB). Loaded Objects now: 7235.
Memory consumption went from 150.3 MB to 145.7 MB.
Total: 14.329400 ms (FindLiveObjects: 1.530000 ms CreateObjectMapping: 1.366200 ms MarkObjects: 8.142400 ms  DeleteObjects: 3.289600 ms)

========================================================================
Received Import Request.
  Time since last request: 19906.564229 seconds.
  path: Assets/Class 08th(Physics System)/Golf Assets/Textures/Cosmetics/wood/Sphere_DefaultMaterial_Normal.png
  artifactKey: Guid(0437a2b8b39eda74cb75410a710c184d) Importer(2089858483,b0f066a214c2f5e87bad3c948f4d605d)
Start importing Assets/Class 08th(Physics System)/Golf Assets/Textures/Cosmetics/wood/Sphere_DefaultMaterial_Normal.png using Guid(0437a2b8b39eda74cb75410a710c184d) Importer(2089858483,b0f066a214c2f5e87bad3c948f4d605d) (ScriptedImporter) -> (artifact id: 'ed09ce1fd0494639ef95777e014a0450') in 0.1656236 seconds
Number of updated asset objects reloaded before import = 0Number of asset objects unloaded after import = 1

========================================================================
Received Import Request.
  Time since last request: 0.213178 seconds.
  path: Assets/Class 08th(Physics System)/Golf Assets/Textures/Checker/1_DefaultMaterial_Normal.png
  artifactKey: Guid(befea18a41d7acc4dace95c7e997f9fc) Importer(2089858483,b0f066a214c2f5e87bad3c948f4d605d)
Start importing Assets/Class 08th(Physics System)/Golf Assets/Textures/Checker/1_DefaultMaterial_Normal.png using Guid(befea18a41d7acc4dace95c7e997f9fc) Importer(2089858483,b0f066a214c2f5e87bad3c948f4d605d) (ScriptedImporter) -> (artifact id: 'ec76b51029a2f65fc28ded9428aba4a9') in 0.0212857 seconds
Number of updated asset objects reloaded before import = 0Number of asset objects unloaded after import = 1

========================================================================
Received Import Request.
  Time since last request: 0.000016 seconds.
  path: Assets/Class 08th(Physics System)/Golf Assets/Settings/Very High_PipelineAsset.asset
  artifactKey: Guid(e23d6755c8fd37f498d8d3d5d2a2d7b4) Importer(2089858483,b0f066a214c2f5e87bad3c948f4d605d)
Start importing Assets/Class 08th(Physics System)/Golf Assets/Settings/Very High_PipelineAsset.asset using Guid(e23d6755c8fd37f498d8d3d5d2a2d7b4) Importer(2089858483,b0f066a214c2f5e87bad3c948f4d605d) (ScriptedImporter) -> (artifact id: '6636a369a603b6294bc83d2a158ab239') in 0.0961505 seconds
Number of updated asset objects reloaded before import = 0Number of asset objects unloaded after import = 2

========================================================================
Received Import Request.
  Time since last request: 0.251796 seconds.
  path: Assets/Class 08th(Physics System)/Golf Assets/Prefabs/Level/FullSquareHole.prefab
  artifactKey: Guid(2ee6522565e79054186d969618184731) Importer(2089858483,b0f066a214c2f5e87bad3c948f4d605d)
Start importing Assets/Class 08th(Physics System)/Golf Assets/Prefabs/Level/FullSquareHole.prefab using Guid(2ee6522565e79054186d969618184731) Importer(2089858483,b0f066a214c2f5e87bad3c948f4d605d) (ScriptedImporter) -> (artifact id: 'e2a229d346284dc42b959c2a73364c29') in 0.0486513 seconds
Number of updated asset objects reloaded before import = 0Number of asset objects unloaded after import = 16

========================================================================
Received Import Request.
  Time since last request: 2.863246 seconds.
  path: Assets/Class 08th(Physics System)/Golf Assets/Prefabs/Level/Side.prefab
  artifactKey: Guid(c703067f8537c10458b2b6e226eda9d9) Importer(2089858483,b0f066a214c2f5e87bad3c948f4d605d)
Start importing Assets/Class 08th(Physics System)/Golf Assets/Prefabs/Level/Side.prefab using Guid(c703067f8537c10458b2b6e226eda9d9) Importer(2089858483,b0f066a214c2f5e87bad3c948f4d605d) (ScriptedImporter) -> (artifact id: '1b666a6f6a17e735476a5fd9b262bd4e') in 0.0200798 seconds
Number of updated asset objects reloaded before import = 0Number of asset objects unloaded after import = 16

========================================================================
Received Import Request.
  Time since last request: 0.000018 seconds.
  path: Assets/Class 08th(Physics System)/Golf Assets/Textures/CheckerRandom2.png
  artifactKey: Guid(8d7d817c049c940479a5a3ffbda46cb3) Importer(2089858483,b0f066a214c2f5e87bad3c948f4d605d)
Start importing Assets/Class 08th(Physics System)/Golf Assets/Textures/CheckerRandom2.png using Guid(8d7d817c049c940479a5a3ffbda46cb3) Importer(2089858483,b0f066a214c2f5e87bad3c948f4d605d) (ScriptedImporter) -> (artifact id: 'af983e19835d28d0de679f35154c3065') in 0.01972 seconds
Number of updated asset objects reloaded before import = 0Number of asset objects unloaded after import = 1

========================================================================
Received Import Request.
  Time since last request: 0.000030 seconds.
  path: Assets/Class 08th(Physics System)/Golf Assets/Prefabs/Bumpers/Cross.prefab
  artifactKey: Guid(732d3378ecf71f042b9d98bc913dc68b) Importer(2089858483,b0f066a214c2f5e87bad3c948f4d605d)
Start importing Assets/Class 08th(Physics System)/Golf Assets/Prefabs/Bumpers/Cross.prefab using Guid(732d3378ecf71f042b9d98bc913dc68b) Importer(2089858483,b0f066a214c2f5e87bad3c948f4d605d) (ScriptedImporter) -> (artifact id: 'b3d7da327effafa3adc82516bd69b631') in 0.0220943 seconds
Number of updated asset objects reloaded before import = 0Number of asset objects unloaded after import = 16

========================================================================
Received Import Request.
  Time since last request: 0.000020 seconds.
  path: Assets/Class 08th(Physics System)/Golf Assets/Materials/Checker 3.mat
  artifactKey: Guid(d8d43424317c6704c86e2f364563fdcb) Importer(2089858483,b0f066a214c2f5e87bad3c948f4d605d)
Start importing Assets/Class 08th(Physics System)/Golf Assets/Materials/Checker 3.mat using Guid(d8d43424317c6704c86e2f364563fdcb) Importer(2089858483,b0f066a214c2f5e87bad3c948f4d605d) (ScriptedImporter) -> (artifact id: '25274b61abdfaea16d8462e78c85b8df') in 0.0331786 seconds
Number of updated asset objects reloaded before import = 0Number of asset objects unloaded after import = 3

========================================================================
Received Import Request.
  Time since last request: 0.000016 seconds.
  path: Assets/Class 08th(Physics System)/Golf Assets/Models/Interactable/Hammer.fbx
  artifactKey: Guid(034257735ec502d4da30068e0ab4b788) Importer(2089858483,b0f066a214c2f5e87bad3c948f4d605d)
Start importing Assets/Class 08th(Physics System)/Golf Assets/Models/Interactable/Hammer.fbx using Guid(034257735ec502d4da30068e0ab4b788) Importer(2089858483,b0f066a214c2f5e87bad3c948f4d605d) (ScriptedImporter) -> (artifact id: '07688457e8da9a2de57e6e873e9889c5') in 0.0547511 seconds
Number of updated asset objects reloaded before import = 0Number of asset objects unloaded after import = 7

========================================================================
Received Import Request.
  Time since last request: 0.000025 seconds.
  path: Assets/Class 08th(Physics System)/Golf Assets/Prefabs/Level/Cornerhole.prefab
  artifactKey: Guid(2416362289f898b4c893c64eb9b92d60) Importer(2089858483,b0f066a214c2f5e87bad3c948f4d605d)
Start importing Assets/Class 08th(Physics System)/Golf Assets/Prefabs/Level/Cornerhole.prefab using Guid(2416362289f898b4c893c64eb9b92d60) Importer(2089858483,b0f066a214c2f5e87bad3c948f4d605d) (ScriptedImporter) -> (artifact id: '4f5ec8b97d521cd108c3959393113ee1') in 0.0213451 seconds
Number of updated asset objects reloaded before import = 0Number of asset objects unloaded after import = 16

========================================================================
Received Import Request.
  Time since last request: 0.000104 seconds.
  path: Assets/Class 08th(Physics System)/Golf Assets/Models/Level/Part1/FullSquare.fbx
  artifactKey: Guid(22e396fd49cd80847be533f78a4cc434) Importer(2089858483,b0f066a214c2f5e87bad3c948f4d605d)
Start importing Assets/Class 08th(Physics System)/Golf Assets/Models/Level/Part1/FullSquare.fbx using Guid(22e396fd49cd80847be533f78a4cc434) Importer(2089858483,b0f066a214c2f5e87bad3c948f4d605d) (ScriptedImporter) -> (artifact id: '0ae49636718bcf21bb2be36be765f2e4') in 0.0307902 seconds
Number of updated asset objects reloaded before import = 0Number of asset objects unloaded after import = 9

========================================================================
Received Import Request.
  Time since last request: 0.000015 seconds.
  path: Assets/Class 08th(Physics System)/Golf Assets/Prefabs/InteractProps/WindMillFullColorFull.prefab
  artifactKey: Guid(2ab0f99324683f945be41d406774f595) Importer(2089858483,b0f066a214c2f5e87bad3c948f4d605d)
Start importing Assets/Class 08th(Physics System)/Golf Assets/Prefabs/InteractProps/WindMillFullColorFull.prefab using Guid(2ab0f99324683f945be41d406774f595) Importer(2089858483,b0f066a214c2f5e87bad3c948f4d605d) (ScriptedImporter) -> (artifact id: 'abdb8fbe73d2191a168e2ab3d2792bfa') in 0.0193656 seconds
Number of updated asset objects reloaded before import = 0Number of asset objects unloaded after import = 25

========================================================================
Received Prepare
Refreshing native plugins compatible for Editor in 2.48 ms, found 4 plugins.
Preloading 0 native plugins for Editor in 0.00 ms.
Unloading 17 Unused Serialized files (Serialized files now loaded: 0)
Unloading 6430 unused Assets / (3.4 MB). Loaded Objects now: 7238.
Memory consumption went from 149.3 MB to 145.9 MB.
Total: 10.513500 ms (FindLiveObjects: 0.860600 ms CreateObjectMapping: 0.391800 ms MarkObjects: 7.097600 ms  DeleteObjects: 2.162800 ms)

Prepare: number of updated asset objects reloaded= 0
Editor requested this worker to shutdown with reason: Scaling down because of idle timeout
AssetImportWorker is now disconnected from the server
Process exiting
Exiting without the bug reporter. Application will terminate with return code 0