[Licensing::Module] Trying to connect to existing licensing client channel...
Built from '6000.3/staging' branch; Version is '6000.3.15f1 (c1aa84e375f6) revision 12692100'; Using compiler version '194234433'; Build Type 'Release'
OS: 'Windows 10  (10.0.19045) 64bit Professional' Language: 'ko' Physical Memory: 16094 MB
[Licensing::IpcConnector] Successfully connected to: "LicenseClient-Administrator" at "2026-05-14T11:11:05.1605344Z"
BatchMode: 1, IsHumanControllingUs: 0, StartBugReporterOnCrash: 0, Is64bit: 1
System  architecture: x64
Process architecture: x64
Date: 2026-05-14T11:11:05Z

COMMAND LINE ARGUMENTS:
C:\Program Files\Unity\Hub\Editor\6000.3.15f1\Editor\Unity.exe
-adb2
-batchMode
-noUpm
-name
AssetImportWorker3
-projectPath
C:/gitFolder/Unity/Program
-logFile
Logs/AssetImportWorker3.log
-srvPort
50277
-licensingIpc
LicenseClient-Administrator
-job-worker-count
13
-background-job-worker-count
8
-gc-helper-count
1
-name
AssetImport
Successfully changed project path to: C:/gitFolder/Unity/Program
C:/gitFolder/Unity/Program
[UnityMemory] Configuration Parameters - Can be set up in boot.config
    "memorysetup-temp-allocator-size-nav-mesh-worker=65536"
    "memorysetup-temp-allocator-size-audio-worker=65536"
    "memorysetup-temp-allocator-size-gfx=262144"
    "memorysetup-allocator-temp-initial-block-size-main=262144"
    "memorysetup-allocator-temp-initial-block-size-worker=262144"
    "memorysetup-temp-allocator-size-background-worker=32768"
    "memorysetup-temp-allocator-size-job-worker=262144"
    "memorysetup-temp-allocator-size-preload-manager=33554432"
    "memorysetup-temp-allocator-size-gi-baking-worker=262144"
    "memorysetup-temp-allocator-size-gi-baking-worker=262144"
    "memorysetup-temp-allocator-size-gi-baking-worker=262144"
    "memorysetup-temp-allocator-size-gi-baking-worker=262144"
    "memorysetup-temp-allocator-size-gi-baking-worker=262144"
    "memorysetup-bucket-allocator-granularity=16"
    "memorysetup-bucket-allocator-bucket-count=8"
    "memorysetup-bucket-allocator-block-size=33554432"
    "memorysetup-bucket-allocator-block-count=8"
    "memorysetup-main-allocator-block-size=16777216"
    "memorysetup-thread-allocator-block-size=16777216"
    "memorysetup-gfx-main-allocator-block-size=16777216"
    "memorysetup-gfx-thread-allocator-block-size=16777216"
    "memorysetup-cache-allocator-block-size=4194304"
    "memorysetup-typetree-allocator-block-size=2097152"
    "memorysetup-profiler-bucket-allocator-granularity=16"
    "memorysetup-profiler-bucket-allocator-bucket-count=8"
    "memorysetup-profiler-bucket-allocator-block-size=33554432"
    "memorysetup-profiler-bucket-allocator-block-count=8"
    "memorysetup-profiler-allocator-block-size=16777216"
    "memorysetup-profiler-editor-allocator-block-size=1048576"
    "memorysetup-temp-allocator-size-main=16777216"
    "memorysetup-job-temp-allocator-block-size=2097152"
    "memorysetup-job-temp-allocator-block-size-background=1048576"
    "memorysetup-job-temp-allocator-reduction-small-platforms=262144"
    "memorysetup-temp-allocator-size-cloud-worker=32768"
Player connection [15864]  Target information:

Player connection [15864]  * "[IP] 192.168.0.38 [Port] 0 [Flags] 2 [Guid] 751642615 [EditorId] 751642615 [Version] 1048832 [Id] WindowsEditor(7,DESKTOP-T679CQG) [Debug] 1 [PackageName] WindowsEditor [ProjectName] Editor" 

Player connection [15864] Host joined multi-casting on [225.0.0.222:54997]...
Player connection [15864] Host joined alternative multi-casting on [225.0.0.222:34997]...
JobSystem: Creating JobQueue using job-worker-count value 13
Input System module state changed to: Initialized.
[Physics::Module] Initialized fallback backend.
[Physics::Module] Id: 0xdecafbad
Library Redirect Path: Library/
[Physics::Module] Selected backend.
[Physics::Module] Name: PhysX
[Physics::Module] Id: 0xf2b8ea05
[Physics::Module] SDK Version: 4.1.2
[Physics::Module] Integration Version: 1.0.0
[Physics::Module] Threading Mode: Multi-Threaded
Refreshing native plugins compatible for Editor in 3.06 ms, found 4 plugins.
Preloading 0 native plugins for Editor in 0.00 ms.
Initialize engine version: 6000.3.15f1 (c1aa84e375f6)
[Subsystems] Discovering subsystems at path C:/Program Files/Unity/Hub/Editor/6000.3.15f1/Editor/Data/Resources/UnitySubsystems
[Subsystems] Discovering subsystems at path C:/gitFolder/Unity/Program/Assets
GfxDevice: creating device client; kGfxThreadingModeNonThreaded
Direct3D:
    Version:  Direct3D 11.0 [level 11.1]
    Renderer: NVIDIA GeForce RTX 5060 Ti (ID=0x2d04)
    Vendor:   NVIDIA
    VRAM:     15962 MB
    Driver:   32.0.15.7688
Initialize mono
Mono path[0] = 'C:/Program Files/Unity/Hub/Editor/6000.3.15f1/Editor/Data/Managed'
Mono path[1] = 'C:/Program Files/Unity/Hub/Editor/6000.3.15f1/Editor/Data/MonoBleedingEdge/lib/mono/unityjit-win32'
Mono config path = 'C:/Program Files/Unity/Hub/Editor/6000.3.15f1/Editor/Data/MonoBleedingEdge/etc'
Using monoOptions --debugger-agent=transport=dt_socket,embedding=1,server=y,suspend=n,address=127.0.0.1:56024
Begin MonoManager ReloadAssembly
Registering precompiled unity dll's ...
Register platform support module: C:/Program Files/Unity/Hub/Editor/6000.3.15f1/Editor/Data/PlaybackEngines/WindowsStandaloneSupport/UnityEditor.WindowsStandalone.Extensions.dll
Registered in 0.001765 seconds.
- Loaded All Assemblies, in  0.446 seconds
[Licensing::Client] Error: HandshakeResponse reported an error:
	ResponseCode: 505
	ResponseStatus: Unsupported protocol version '1.18.1'.
[Licensing::Module] Error: Failed to handshake to channel: "LicenseClient-Administrator"
[Licensing::IpcConnector] LicenseClient-Administrator channel disconnected successfully.
[Licensing::IpcConnector] Successfully connected to: "LicenseClient-Administrator-6000.3.15" at "2026-05-14T11:11:06.0432464Z"
[Licensing::Client] Code 10 while verifying Licensing Client signature (process Id: 5828, path: "C:/Program Files/Unity/Hub/Editor/6000.3.15f1/Editor/Data/Resources/Licensing/Client/Unity.Licensing.Client.exe")
[Licensing::Module] LicensingClient has failed validation; ignoring
[Licensing::Client] Handshaking with LicensingClient:
  Version:                 1.18.1+9fbee8e
  Session Id:              5f947b0670ce42ab821e7cb6d38d78c9
  Correlation Id:          6907a8135bc3fddaebdecc58dbe531b4
  External correlation Id: 1126461922462476071
  Machine Id:              zh+5FITcPUnW+MXsE1JbpT1t6Jw=
[Licensing::Module] Successfully connected to LicensingClient on channel: "LicenseClient-Administrator-6000.3.15" (connect: 0.00s, validation: 0.00s, handshake: 0.00s)
[Licensing::IpcConnector] Successfully connected to: "LicenseClient-Administrator-6000.3.15-notifications" at "2026-05-14T11:11:06.0492832Z"
[Licensing::Module] Licensing Background thread has ended after 0.89s
Native extension for WindowsStandalone target not found
Package Manager log level set to [2]
[Package Manager] Failed to launch server process. Reason: Unity was launched with the -noUpm command-line argument
[Package Manager] Unable to send message (not connected to server process).
[Package Manager] Cannot connect to Unity Package Manager local server
ScheduleIndexationOnStartup MainProcess:False IndexOnStartup:True
Mono: successfully reloaded assembly
- Finished resetting the current domain, in  0.490 seconds
Domain Reload Profiling: 934ms
	BeginReloadAssembly (148ms)
		ExecutionOrderSort (0ms)
		DisableScriptedObjects (0ms)
		BackupInstance (0ms)
		ReleaseScriptingObjects (0ms)
		CreateAndSetChildDomain (1ms)
	RebuildCommonClasses (39ms)
	RebuildNativeTypeToScriptingClass (15ms)
	initialDomainReloadingComplete (50ms)
	LoadAllAssembliesAndSetupDomain (192ms)
		LoadAssemblies (144ms)
		RebuildTransferFunctionScriptingTraits (0ms)
		AnalyzeDomain (189ms)
			TypeCache.Refresh (186ms)
				TypeCache.ScanAssembly (169ms)
			BuildScriptInfoCaches (0ms)
			ResolveRequiredComponents (0ms)
	FinalizeReload (491ms)
		ReleaseScriptCaches (0ms)
		RebuildScriptCaches (0ms)
		SetupLoadedEditorAssemblies (433ms)
			LogAssemblyErrors (0ms)
			InitializePlatformSupportModulesInManaged (108ms)
			SetLoadedEditorAssemblies (4ms)
			BeforeProcessingInitializeOnLoad (89ms)
			ProcessInitializeOnLoadAttributes (155ms)
			ProcessInitializeOnLoadMethodAttributes (77ms)
			AfterProcessingInitializeOnLoad (0ms)
			EditorAssembliesLoaded (0ms)
		ExecutionOrderSort2 (0ms)
		AwakeInstancesAfterBackupRestoration (0ms)
========================================================================
Worker process is ready to serve import requests
Import Worker Mode flag is 0x00
Begin MonoManager ReloadAssembly
[Licensing::Client] Successfully resolved entitlement details
[Licensing::Module] License group:
  Id: 14569550976948-UnityPersXXXX
  Product: Unity Personal
  Type: Assigned
  Expiration: Unlimited
- Loaded All Assemblies, in  0.930 seconds
Refreshing native plugins compatible for Editor in 1.79 ms, found 4 plugins.
Native extension for WindowsStandalone target not found
[Package Manager] Failed to launch server process. Reason: Unity was launched with the -noUpm command-line argument
[Package Manager] Unable to send message (not connected to server process).
[Package Manager] Cannot connect to Unity Package Manager local server
Refreshing native plugins compatible for Editor in 1.81 ms, found 4 plugins.
[Package Manager] Failed to launch server process. Reason: Unity was launched with the -noUpm command-line argument
[Package Manager] Unable to send message (not connected to server process).
[Package Manager] Cannot connect to Unity Package Manager local server
ScheduleIndexationOnStartup MainProcess:False IndexOnStartup:True
Mono: successfully reloaded assembly
- Finished resetting the current domain, in  0.887 seconds
Domain Reload Profiling: 1813ms
	BeginReloadAssembly (196ms)
		ExecutionOrderSort (0ms)
		DisableScriptedObjects (8ms)
		BackupInstance (0ms)
		ReleaseScriptingObjects (0ms)
		CreateAndSetChildDomain (35ms)
	RebuildCommonClasses (40ms)
	RebuildNativeTypeToScriptingClass (15ms)
	initialDomainReloadingComplete (42ms)
	LoadAllAssembliesAndSetupDomain (632ms)
		LoadAssemblies (443ms)
		RebuildTransferFunctionScriptingTraits (0ms)
		AnalyzeDomain (297ms)
			TypeCache.Refresh (207ms)
				TypeCache.ScanAssembly (181ms)
			BuildScriptInfoCaches (71ms)
			ResolveRequiredComponents (15ms)
	FinalizeReload (887ms)
		ReleaseScriptCaches (0ms)
		RebuildScriptCaches (0ms)
		SetupLoadedEditorAssemblies (664ms)
			LogAssemblyErrors (0ms)
			InitializePlatformSupportModulesInManaged (1ms)
			SetLoadedEditorAssemblies (3ms)
			BeforeProcessingInitializeOnLoad (101ms)
			ProcessInitializeOnLoadAttributes (471ms)
			ProcessInitializeOnLoadMethodAttributes (81ms)
			AfterProcessingInitializeOnLoad (6ms)
			EditorAssembliesLoaded (0ms)
		ExecutionOrderSort2 (0ms)
		AwakeInstancesAfterBackupRestoration (6ms)
Launched and connected shader compiler UnityShaderCompiler.exe after 0.01 seconds
Refreshing native plugins compatible for Editor in 1.77 ms, found 4 plugins.
Preloading 0 native plugins for Editor in 0.00 ms.
Unloading 16 Unused Serialized files (Serialized files now loaded: 0)
Unloading 6437 unused Assets / (2.0 MB). Loaded Objects now: 7228.
Memory consumption went from 146.5 MB to 144.5 MB.
Total: 11.770700 ms (FindLiveObjects: 1.278200 ms CreateObjectMapping: 0.451800 ms MarkObjects: 7.476600 ms  DeleteObjects: 2.562100 ms)

========================================================================
Received Import Request.
  Time since last request: 852.989645 seconds.
  path: Assets/Low Poly Pistol Weapon Pack 2/Prefabs/Attachments/Accessories/Rails/Rail_Pistol_B.prefab
  artifactKey: Guid(303a928441e0a654992eaf77fbd5e708) Importer(2089858483,b0f066a214c2f5e87bad3c948f4d605d)
Start importing Assets/Low Poly Pistol Weapon Pack 2/Prefabs/Attachments/Accessories/Rails/Rail_Pistol_B.prefab using Guid(303a928441e0a654992eaf77fbd5e708) Importer(2089858483,b0f066a214c2f5e87bad3c948f4d605d) (ScriptedImporter) -> (artifact id: '1735b7b2f1b5f6759985da5f3c4febe8') in 0.2140744 seconds
Number of updated asset objects reloaded before import = 0Number of asset objects unloaded after import = 8

========================================================================
Received Import Request.
  Time since last request: 0.000025 seconds.
  path: Assets/Low Poly Pistol Weapon Pack 2/Prefabs/Attachments/Accessories/Tatical Lights/Light_Pistol_A.prefab
  artifactKey: Guid(bfe92a8d4bd5e6e42aa4ff02807c2744) Importer(2089858483,b0f066a214c2f5e87bad3c948f4d605d)
Start importing Assets/Low Poly Pistol Weapon Pack 2/Prefabs/Attachments/Accessories/Tatical Lights/Light_Pistol_A.prefab using Guid(bfe92a8d4bd5e6e42aa4ff02807c2744) Importer(2089858483,b0f066a214c2f5e87bad3c948f4d605d) (ScriptedImporter) -> (artifact id: '772a4e61666b007cf3be42e92a4c153e') in 0.0315916 seconds
Number of updated asset objects reloaded before import = 0Number of asset objects unloaded after import = 8

========================================================================
Received Import Request.
  Time since last request: 0.000035 seconds.
  path: Assets/Low Poly Pistol Weapon Pack 2/Models/Attachments/Accessories/Tatical Lights/Light_Pistol_B.fbx
  artifactKey: Guid(94a9170c544c8ea47ad004db41966313) Importer(2089858483,b0f066a214c2f5e87bad3c948f4d605d)
Start importing Assets/Low Poly Pistol Weapon Pack 2/Models/Attachments/Accessories/Tatical Lights/Light_Pistol_B.fbx using Guid(94a9170c544c8ea47ad004db41966313) Importer(2089858483,b0f066a214c2f5e87bad3c948f4d605d) (ScriptedImporter) -> (artifact id: '6214468d4d32fec6cd03ad421147e59b') in 0.0497039 seconds
Number of updated asset objects reloaded before import = 0Number of asset objects unloaded after import = 7

========================================================================
Received Import Request.
  Time since last request: 0.000041 seconds.
  path: Assets/Low Poly Pistol Weapon Pack 2/Models/Attachments/Optics/Optic_Pistol_D.fbx
  artifactKey: Guid(6b75c734605fcb04ca8467609e28134b) Importer(2089858483,b0f066a214c2f5e87bad3c948f4d605d)
Start importing Assets/Low Poly Pistol Weapon Pack 2/Models/Attachments/Optics/Optic_Pistol_D.fbx using Guid(6b75c734605fcb04ca8467609e28134b) Importer(2089858483,b0f066a214c2f5e87bad3c948f4d605d) (ScriptedImporter) -> (artifact id: '6a0ea078560c3a9a48440adbaf24ad6e') in 0.022484 seconds
Number of updated asset objects reloaded before import = 0Number of asset objects unloaded after import = 12

========================================================================
Received Import Request.
  Time since last request: 0.000019 seconds.
  path: Assets/Low Poly Pistol Weapon Pack 2/Models/Weapons
  artifactKey: Guid(34e3f7071a04f15418883bac14ea04cb) Importer(2089858483,b0f066a214c2f5e87bad3c948f4d605d)
Start importing Assets/Low Poly Pistol Weapon Pack 2/Models/Weapons using Guid(34e3f7071a04f15418883bac14ea04cb) Importer(2089858483,b0f066a214c2f5e87bad3c948f4d605d) (ScriptedImporter) -> (artifact id: '6f36fabdbcf9488000eb14aa999a25a4') in 0.0108853 seconds
Number of updated asset objects reloaded before import = 0Number of asset objects unloaded after import = 1

========================================================================
Received Import Request.
  Time since last request: 0.000021 seconds.
  path: Assets/Low Poly Pistol Weapon Pack 2/Prefabs/Attachments/Accessories/Tatical Lasers/Laser_Pistol_B.prefab
  artifactKey: Guid(a99a91c656f15604ea6fbe40b537ba6b) Importer(2089858483,b0f066a214c2f5e87bad3c948f4d605d)
Start importing Assets/Low Poly Pistol Weapon Pack 2/Prefabs/Attachments/Accessories/Tatical Lasers/Laser_Pistol_B.prefab using Guid(a99a91c656f15604ea6fbe40b537ba6b) Importer(2089858483,b0f066a214c2f5e87bad3c948f4d605d) (ScriptedImporter) -> (artifact id: '67609aaed618bae5f330adf695f65c50') in 0.021954 seconds
Number of updated asset objects reloaded before import = 0Number of asset objects unloaded after import = 8

========================================================================
Received Import Request.
  Time since last request: 0.000031 seconds.
  path: Assets/Low Poly Pistol Weapon Pack 2/Models/Attachments
  artifactKey: Guid(2cec8b278965513439e050b70be6a32e) Importer(2089858483,b0f066a214c2f5e87bad3c948f4d605d)
Start importing Assets/Low Poly Pistol Weapon Pack 2/Models/Attachments using Guid(2cec8b278965513439e050b70be6a32e) Importer(2089858483,b0f066a214c2f5e87bad3c948f4d605d) (ScriptedImporter) -> (artifact id: '912bdc0b68a5f8e53f50e2afd60abb61') in 0.0105051 seconds
Number of updated asset objects reloaded before import = 0Number of asset objects unloaded after import = 1

========================================================================
Received Import Request.
  Time since last request: 0.000018 seconds.
  path: Assets/Low Poly Pistol Weapon Pack 2/Models/Attachments/Accessories/Rails
  artifactKey: Guid(e57b9a4b2e487c846b987715226d5d5f) Importer(2089858483,b0f066a214c2f5e87bad3c948f4d605d)
Start importing Assets/Low Poly Pistol Weapon Pack 2/Models/Attachments/Accessories/Rails using Guid(e57b9a4b2e487c846b987715226d5d5f) Importer(2089858483,b0f066a214c2f5e87bad3c948f4d605d) (ScriptedImporter) -> (artifact id: 'f81598bba77ac5fd891976a7745cc156') in 0.0100561 seconds
Number of updated asset objects reloaded before import = 0Number of asset objects unloaded after import = 1

========================================================================
Received Import Request.
  Time since last request: 0.000017 seconds.
  path: Assets/Low Poly Pistol Weapon Pack 2/Prefabs/Weapons/Pistol_I.prefab
  artifactKey: Guid(0fba1bca4a50c20469807a90556f21dd) Importer(2089858483,b0f066a214c2f5e87bad3c948f4d605d)
Start importing Assets/Low Poly Pistol Weapon Pack 2/Prefabs/Weapons/Pistol_I.prefab using Guid(0fba1bca4a50c20469807a90556f21dd) Importer(2089858483,b0f066a214c2f5e87bad3c948f4d605d) (ScriptedImporter) -> (artifact id: '0650bd4edf8a1a367f83c9e16ceda684') in 0.0189409 seconds
Number of updated asset objects reloaded before import = 0Number of asset objects unloaded after import = 39

========================================================================
Received Import Request.
  Time since last request: 0.000022 seconds.
  path: Assets/Low Poly Pistol Weapon Pack 2
  artifactKey: Guid(70352ece3fc4fed4eaeb8d18dd76bd01) Importer(2089858483,b0f066a214c2f5e87bad3c948f4d605d)
Start importing Assets/Low Poly Pistol Weapon Pack 2 using Guid(70352ece3fc4fed4eaeb8d18dd76bd01) Importer(2089858483,b0f066a214c2f5e87bad3c948f4d605d) (ScriptedImporter) -> (artifact id: '3842ebbfbe0906ab1153bf54bd52db71') in 0.0099397 seconds
Number of updated asset objects reloaded before import = 0Number of asset objects unloaded after import = 1

========================================================================
Received Import Request.
  Time since last request: 0.000027 seconds.
  path: Assets/Low Poly Pistol Weapon Pack 2/Models/Weapons/Pistol_I.fbx
  artifactKey: Guid(06880e6c7284f1e45abca2f82722d9e6) Importer(2089858483,b0f066a214c2f5e87bad3c948f4d605d)
Start importing Assets/Low Poly Pistol Weapon Pack 2/Models/Weapons/Pistol_I.fbx using Guid(06880e6c7284f1e45abca2f82722d9e6) Importer(2089858483,b0f066a214c2f5e87bad3c948f4d605d) (ScriptedImporter) -> (artifact id: 'e8c9e4850086852c26b9f07966473c88') in 0.0327233 seconds
Number of updated asset objects reloaded before import = 0Number of asset objects unloaded after import = 39

========================================================================
Received Import Request.
  Time since last request: 0.000021 seconds.
  path: Assets/Low Poly Pistol Weapon Pack 2/Models/Bullets/Bullet_Pistol_A.fbx
  artifactKey: Guid(df0af03ca4de49d48912d857104cdfab) Importer(2089858483,b0f066a214c2f5e87bad3c948f4d605d)
Start importing Assets/Low Poly Pistol Weapon Pack 2/Models/Bullets/Bullet_Pistol_A.fbx using Guid(df0af03ca4de49d48912d857104cdfab) Importer(2089858483,b0f066a214c2f5e87bad3c948f4d605d) (ScriptedImporter) -> (artifact id: 'a47e55c79f6cd9f61e82389f020999cd') in 0.0608711 seconds
Number of updated asset objects reloaded before import = 0Number of asset objects unloaded after import = 12

========================================================================
Received Import Request.
  Time since last request: 0.000043 seconds.
  path: Assets/Settings/Mobile_Renderer.asset
  artifactKey: Guid(65bc7dbf4170f435aa868c779acfb082) Importer(2089858483,b0f066a214c2f5e87bad3c948f4d605d)
Start importing Assets/Settings/Mobile_Renderer.asset using Guid(65bc7dbf4170f435aa868c779acfb082) Importer(2089858483,b0f066a214c2f5e87bad3c948f4d605d) (ScriptedImporter) -> (artifact id: '68c0d177f72868cdafccad96e47db88d') in 0.0666401 seconds
Number of updated asset objects reloaded before import = 0Number of asset objects unloaded after import = 1

========================================================================
Received Import Request.
  Time since last request: 175.168039 seconds.
  path: Assets/Zombie/HDRP/Materials
  artifactKey: Guid(c6c2472ba00c4a6418ba4ee97a44a059) Importer(2089858483,b0f066a214c2f5e87bad3c948f4d605d)
Start importing Assets/Zombie/HDRP/Materials using Guid(c6c2472ba00c4a6418ba4ee97a44a059) Importer(2089858483,b0f066a214c2f5e87bad3c948f4d605d) (ScriptedImporter) -> (artifact id: '5c068594c3913d3069c0ce483fdd358a') in 0.0109967 seconds
Number of updated asset objects reloaded before import = 0Number of asset objects unloaded after import = 1

========================================================================
Received Import Request.
  Time since last request: 0.000017 seconds.
  path: Assets/Zombie/HDRP/Materials/ZombieMaterial.mat
  artifactKey: Guid(65e7d48361450eb4cbb09d97a3a5a046) Importer(2089858483,b0f066a214c2f5e87bad3c948f4d605d)
Start importing Assets/Zombie/HDRP/Materials/ZombieMaterial.mat using Guid(65e7d48361450eb4cbb09d97a3a5a046) Importer(2089858483,b0f066a214c2f5e87bad3c948f4d605d) (ScriptedImporter) -> (artifact id: 'c11d576a06807d2d4a537fa345cc3479') in 0.015181 seconds
Number of updated asset objects reloaded before import = 0Number of asset objects unloaded after import = 1

========================================================================
Received Import Request.
  Time since last request: 0.000019 seconds.
  path: Assets/Zombie/Built-In
  artifactKey: Guid(00cd98d7cb67d7d4f94105e18ce9c674) Importer(2089858483,b0f066a214c2f5e87bad3c948f4d605d)
Start importing Assets/Zombie/Built-In using Guid(00cd98d7cb67d7d4f94105e18ce9c674) Importer(2089858483,b0f066a214c2f5e87bad3c948f4d605d) (ScriptedImporter) -> (artifact id: '27ca1c5bf4e771f69529d8da8087a194') in 0.008934 seconds
Number of updated asset objects reloaded before import = 0Number of asset objects unloaded after import = 1

========================================================================
Received Import Request.
  Time since last request: 0.000013 seconds.
  path: Assets/Zombie/HDRP/Prefabs/ZombieMesh.prefab
  artifactKey: Guid(11e91c4570ad20f45b0dbcf1a0bba660) Importer(2089858483,b0f066a214c2f5e87bad3c948f4d605d)
Start importing Assets/Zombie/HDRP/Prefabs/ZombieMesh.prefab using Guid(11e91c4570ad20f45b0dbcf1a0bba660) Importer(2089858483,b0f066a214c2f5e87bad3c948f4d605d) (ScriptedImporter) -> (artifact id: '6abafefbc015deea24e2fc3e1b49ae21') in 0.0169554 seconds
Number of updated asset objects reloaded before import = 0Number of asset objects unloaded after import = 432

========================================================================
Received Import Request.
  Time since last request: 0.000024 seconds.
  path: Assets/Zombie/URP/Prefabs/ZombieMesh.prefab
  artifactKey: Guid(1dbdb6bc09bb98f41826d5eee15af888) Importer(2089858483,b0f066a214c2f5e87bad3c948f4d605d)
Start importing Assets/Zombie/URP/Prefabs/ZombieMesh.prefab using Guid(1dbdb6bc09bb98f41826d5eee15af888) Importer(2089858483,b0f066a214c2f5e87bad3c948f4d605d) (ScriptedImporter) -> (artifact id: '30cbdadab2319c7db5e0b60795a33c07') in 0.0130655 seconds
Number of updated asset objects reloaded before import = 0Number of asset objects unloaded after import = 432

========================================================================
Received Import Request.
  Time since last request: 0.000027 seconds.
  path: Assets/Zombie/URP/Prefabs
  artifactKey: Guid(f7994c97e0f86fd43bbfe6d5e1bc5865) Importer(2089858483,b0f066a214c2f5e87bad3c948f4d605d)
Start importing Assets/Zombie/URP/Prefabs using Guid(f7994c97e0f86fd43bbfe6d5e1bc5865) Importer(2089858483,b0f066a214c2f5e87bad3c948f4d605d) (ScriptedImporter) -> (artifact id: '5add1e252cf10013bac3248dc49d627c') in 0.0074385 seconds
Number of updated asset objects reloaded before import = 0Number of asset objects unloaded after import = 1

========================================================================
Received Import Request.
  Time since last request: 0.000017 seconds.
  path: Assets/Zombie/Built-In/Prefabs
  artifactKey: Guid(517475e89ad41cf49b420fef0165d194) Importer(2089858483,b0f066a214c2f5e87bad3c948f4d605d)
Start importing Assets/Zombie/Built-In/Prefabs using Guid(517475e89ad41cf49b420fef0165d194) Importer(2089858483,b0f066a214c2f5e87bad3c948f4d605d) (ScriptedImporter) -> (artifact id: 'e10d00ff378e7f871cafe2aa8226ab87') in 0.0093483 seconds
Number of updated asset objects reloaded before import = 0Number of asset objects unloaded after import = 1

========================================================================
Received Import Request.
  Time since last request: 0.000018 seconds.
  path: Assets/Zombie/URP/Materials
  artifactKey: Guid(d5e85389393680743aaed3103a223d3a) Importer(2089858483,b0f066a214c2f5e87bad3c948f4d605d)
Start importing Assets/Zombie/URP/Materials using Guid(d5e85389393680743aaed3103a223d3a) Importer(2089858483,b0f066a214c2f5e87bad3c948f4d605d) (ScriptedImporter) -> (artifact id: 'a2fa8bcef4d1ea25da0c777d5b4c5559') in 0.0069346 seconds
Number of updated asset objects reloaded before import = 0Number of asset objects unloaded after import = 1

========================================================================
Received Import Request.
  Time since last request: 0.000017 seconds.
  path: Assets/Zombie/Animations/ZombieAnimations.fbx
  artifactKey: Guid(43d695fb271501440884f457e53ca18a) Importer(2089858483,b0f066a214c2f5e87bad3c948f4d605d)
Start importing Assets/Zombie/Animations/ZombieAnimations.fbx using Guid(43d695fb271501440884f457e53ca18a) Importer(2089858483,b0f066a214c2f5e87bad3c948f4d605d) (ScriptedImporter) -> (artifact id: '62a9307d968b1ab0762e63016bdcb2b4') in 0.0606638 seconds
Number of updated asset objects reloaded before import = 0Number of asset objects unloaded after import = 221

========================================================================
Received Import Request.
  Time since last request: 0.000023 seconds.
  path: Assets/Zombie/Meshes
  artifactKey: Guid(8c71f75eb8a1d5146913fbd3cc502419) Importer(2089858483,b0f066a214c2f5e87bad3c948f4d605d)
Start importing Assets/Zombie/Meshes using Guid(8c71f75eb8a1d5146913fbd3cc502419) Importer(2089858483,b0f066a214c2f5e87bad3c948f4d605d) (ScriptedImporter) -> (artifact id: 'bfeb79c592dbb7aef4277f2fd00fff65') in 0.0080968 seconds
Number of updated asset objects reloaded before import = 0Number of asset objects unloaded after import = 1

========================================================================
Received Import Request.
  Time since last request: 0.000034 seconds.
  path: Assets/Zombie/Built-In/Materials
  artifactKey: Guid(b6d883ea50d21ea428f184204fa0c194) Importer(2089858483,b0f066a214c2f5e87bad3c948f4d605d)
Start importing Assets/Zombie/Built-In/Materials using Guid(b6d883ea50d21ea428f184204fa0c194) Importer(2089858483,b0f066a214c2f5e87bad3c948f4d605d) (ScriptedImporter) -> (artifact id: '9321d7d330c8b293f0668ef131d4b304') in 0.009425 seconds
Number of updated asset objects reloaded before import = 0Number of asset objects unloaded after import = 1

========================================================================
Received Import Request.
  Time since last request: 0.000020 seconds.
  path: Assets/Zombie/Textures/ZombieColour.png
  artifactKey: Guid(deebb22f09ca3bc4cbe6360ec351444f) Importer(2089858483,b0f066a214c2f5e87bad3c948f4d605d)
Start importing Assets/Zombie/Textures/ZombieColour.png using Guid(deebb22f09ca3bc4cbe6360ec351444f) Importer(2089858483,b0f066a214c2f5e87bad3c948f4d605d) (ScriptedImporter) -> (artifact id: 'b77bd4b52c0986370720c8e9c17619b3') in 0.0450462 seconds
Number of updated asset objects reloaded before import = 0Number of asset objects unloaded after import = 1

========================================================================
Received Import Request.
  Time since last request: 4.643582 seconds.
  path: Assets/Class 02th (Script)/Zombie/Built-In/Prefabs
  artifactKey: Guid(517475e89ad41cf49b420fef0165d194) Importer(2089858483,b0f066a214c2f5e87bad3c948f4d605d)
Start importing Assets/Class 02th (Script)/Zombie/Built-In/Prefabs using Guid(517475e89ad41cf49b420fef0165d194) Importer(2089858483,b0f066a214c2f5e87bad3c948f4d605d) (ScriptedImporter) -> (artifact id: 'd553b50ec3297caec8f0d7b85d4f562a') in 0.0091264 seconds
Number of updated asset objects reloaded before import = 0Number of asset objects unloaded after import = 1

========================================================================
Received Import Request.
  Time since last request: 0.000014 seconds.
  path: Assets/Class 02th (Script)/Zombie/Animations/ZombieAnimController.controller
  artifactKey: Guid(c209241a7ac1d6e42b0f367e63895623) Importer(2089858483,b0f066a214c2f5e87bad3c948f4d605d)
Start importing Assets/Class 02th (Script)/Zombie/Animations/ZombieAnimController.controller using Guid(c209241a7ac1d6e42b0f367e63895623) Importer(2089858483,b0f066a214c2f5e87bad3c948f4d605d) (ScriptedImporter) -> (artifact id: 'cde59a6ebf283139c85203776642e31e') in 0.0081773 seconds
Number of updated asset objects reloaded before import = 0Number of asset objects unloaded after import = 2

========================================================================
Received Import Request.
  Time since last request: 0.000018 seconds.
  path: Assets/Class 02th (Script)/Zombie/Built-In/Materials/ZombieMaterial.mat
  artifactKey: Guid(a1463d75a00814945baf25ddebbdce3e) Importer(2089858483,b0f066a214c2f5e87bad3c948f4d605d)
Start importing Assets/Class 02th (Script)/Zombie/Built-In/Materials/ZombieMaterial.mat using Guid(a1463d75a00814945baf25ddebbdce3e) Importer(2089858483,b0f066a214c2f5e87bad3c948f4d605d) (ScriptedImporter) -> (artifact id: '5f73a8db3de1753a4e67cb066c105ced') in 0.0401603 seconds
Number of updated asset objects reloaded before import = 0Number of asset objects unloaded after import = 3

========================================================================
Received Import Request.
  Time since last request: 0.000019 seconds.
  path: Assets/Class 02th (Script)/Zombie/Textures/ZombieColour.png
  artifactKey: Guid(deebb22f09ca3bc4cbe6360ec351444f) Importer(2089858483,b0f066a214c2f5e87bad3c948f4d605d)
Start importing Assets/Class 02th (Script)/Zombie/Textures/ZombieColour.png using Guid(deebb22f09ca3bc4cbe6360ec351444f) Importer(2089858483,b0f066a214c2f5e87bad3c948f4d605d) (ScriptedImporter) -> (artifact id: '2f0fd461bc97e57c4c76b6040dc2d191') in 0.011785 seconds
Number of updated asset objects reloaded before import = 0Number of asset objects unloaded after import = 1

Editor requested this worker to shutdown with reason: Scaling down because of idle timeout
AssetImportWorker is now disconnected from the server
Process exiting
Exiting without the bug reporter. Application will terminate with return code 0