database is locked
[Licensing::Module] Trying to connect to existing licensing client channel...
[Licensing::IpcConnector] Successfully connected to: "LicenseClient-Administrator" at "2026-05-27T11:42:34.7580394Z"
Built from '6000.3/staging' branch; Version is '6000.3.15f1 (c1aa84e375f6) revision 12692100'; Using compiler version '194234433'; Build Type 'Release'
OS: 'Windows 10  (10.0.19045) 64bit Professional' Language: 'ko' Physical Memory: 16094 MB
BatchMode: 1, IsHumanControllingUs: 0, StartBugReporterOnCrash: 0, Is64bit: 1
System  architecture: x64
Process architecture: x64
Date: 2026-05-27T11:42:34Z

COMMAND LINE ARGUMENTS:
C:\Program Files\Unity\Hub\Editor\6000.3.15f1\Editor\Unity.exe
-adb2
-batchMode
-noUpm
-name
AssetImportWorker0
-projectPath
C:/Users/Administrator/Desktop/Unity/Program
-logFile
Logs/AssetImportWorker0.log
-srvPort
50322
-licensingIpc
LicenseClient-Administrator
-job-worker-count
13
-background-job-worker-count
8
-gc-helper-count
1
-name
AssetImport
Successfully changed project path to: C:/Users/Administrator/Desktop/Unity/Program
C:/Users/Administrator/Desktop/Unity/Program
[UnityMemory] Configuration Parameters - Can be set up in boot.config
    "memorysetup-temp-allocator-size-nav-mesh-worker=65536"
    "memorysetup-temp-allocator-size-audio-worker=65536"
    "memorysetup-temp-allocator-size-gfx=262144"
    "memorysetup-allocator-temp-initial-block-size-main=262144"
    "memorysetup-allocator-temp-initial-block-size-worker=262144"
    "memorysetup-temp-allocator-size-background-worker=32768"
    "memorysetup-temp-allocator-size-job-worker=262144"
    "memorysetup-temp-allocator-size-preload-manager=33554432"
    "memorysetup-temp-allocator-size-gi-baking-worker=262144"
    "memorysetup-temp-allocator-size-gi-baking-worker=262144"
    "memorysetup-temp-allocator-size-gi-baking-worker=262144"
    "memorysetup-temp-allocator-size-gi-baking-worker=262144"
    "memorysetup-temp-allocator-size-gi-baking-worker=262144"
    "memorysetup-bucket-allocator-granularity=16"
    "memorysetup-bucket-allocator-bucket-count=8"
    "memorysetup-bucket-allocator-block-size=33554432"
    "memorysetup-bucket-allocator-block-count=8"
    "memorysetup-main-allocator-block-size=16777216"
    "memorysetup-thread-allocator-block-size=16777216"
    "memorysetup-gfx-main-allocator-block-size=16777216"
    "memorysetup-gfx-thread-allocator-block-size=16777216"
    "memorysetup-cache-allocator-block-size=4194304"
    "memorysetup-typetree-allocator-block-size=2097152"
    "memorysetup-profiler-bucket-allocator-granularity=16"
    "memorysetup-profiler-bucket-allocator-bucket-count=8"
    "memorysetup-profiler-bucket-allocator-block-size=33554432"
    "memorysetup-profiler-bucket-allocator-block-count=8"
    "memorysetup-profiler-allocator-block-size=16777216"
    "memorysetup-profiler-editor-allocator-block-size=1048576"
    "memorysetup-temp-allocator-size-main=16777216"
    "memorysetup-job-temp-allocator-block-size=2097152"
    "memorysetup-job-temp-allocator-block-size-background=1048576"
    "memorysetup-job-temp-allocator-reduction-small-platforms=262144"
    "memorysetup-temp-allocator-size-cloud-worker=32768"
Player connection [4124]  Target information:

Player connection [4124]  * "[IP] 192.168.0.38 [Port] 0 [Flags] 2 [Guid] 424249385 [EditorId] 424249385 [Version] 1048832 [Id] WindowsEditor(7,DESKTOP-T679CQG) [Debug] 1 [PackageName] WindowsEditor [ProjectName] Editor" 

Player connection [4124] Host joined multi-casting on [225.0.0.222:54997]...
Player connection [4124] Host joined alternative multi-casting on [225.0.0.222:34997]...
JobSystem: Creating JobQueue using job-worker-count value 13
Input System module state changed to: Initialized.
[Physics::Module] Initialized fallback backend.
[Physics::Module] Id: 0xdecafbad
Library Redirect Path: Library/
[Physics::Module] Selected backend.
[Physics::Module] Name: PhysX
[Physics::Module] Id: 0xf2b8ea05
[Physics::Module] SDK Version: 4.1.2
[Physics::Module] Integration Version: 1.0.0
[Physics::Module] Threading Mode: Multi-Threaded
Refreshing native plugins compatible for Editor in 2.94 ms, found 4 plugins.
Preloading 0 native plugins for Editor in 0.00 ms.
Initialize engine version: 6000.3.15f1 (c1aa84e375f6)
[Subsystems] Discovering subsystems at path C:/Program Files/Unity/Hub/Editor/6000.3.15f1/Editor/Data/Resources/UnitySubsystems
[Subsystems] Discovering subsystems at path C:/Users/Administrator/Desktop/Unity/Program/Assets
GfxDevice: creating device client; kGfxThreadingModeNonThreaded
Direct3D:
    Version:  Direct3D 11.0 [level 11.1]
    Renderer: NVIDIA GeForce RTX 5060 Ti (ID=0x2d04)
    Vendor:   NVIDIA
    VRAM:     15962 MB
    Driver:   32.0.15.7688
Initialize mono
Mono path[0] = 'C:/Program Files/Unity/Hub/Editor/6000.3.15f1/Editor/Data/Managed'
Mono path[1] = 'C:/Program Files/Unity/Hub/Editor/6000.3.15f1/Editor/Data/MonoBleedingEdge/lib/mono/unityjit-win32'
Mono config path = 'C:/Program Files/Unity/Hub/Editor/6000.3.15f1/Editor/Data/MonoBleedingEdge/etc'
Using monoOptions --debugger-agent=transport=dt_socket,embedding=1,server=y,suspend=n,address=127.0.0.1:56692
Begin MonoManager ReloadAssembly
Registering precompiled unity dll's ...
Register platform support module: C:/Program Files/Unity/Hub/Editor/6000.3.15f1/Editor/Data/PlaybackEngines/WindowsStandaloneSupport/UnityEditor.WindowsStandalone.Extensions.dll
Registered in 0.003554 seconds.
- Loaded All Assemblies, in  0.576 seconds
Native extension for WindowsStandalone target not found
[Licensing::Client] Error: HandshakeResponse reported an error:
	ResponseCode: 505
	ResponseStatus: Unsupported protocol version '1.18.1'.
[Licensing::Module] Error: Failed to handshake to channel: "LicenseClient-Administrator"
[Licensing::IpcConnector] LicenseClient-Administrator channel disconnected successfully.
[Licensing::IpcConnector] Successfully connected to: "LicenseClient-Administrator-6000.3.15" at "2026-05-27T11:42:35.9441803Z"
[Licensing::Client] Code 10 while verifying Licensing Client signature (process Id: 16776, path: "C:/Program Files/Unity/Hub/Editor/6000.3.15f1/Editor/Data/Resources/Licensing/Client/Unity.Licensing.Client.exe")
[Licensing::Module] LicensingClient has failed validation; ignoring
[Licensing::Client] Handshaking with LicensingClient:
  Version:                 1.18.1+9fbee8e
  Session Id:              867408fbaa324cdebcca388cb44c6bc2
  Correlation Id:          6d43e25e015ae12bd078048c01a674f2
  External correlation Id: 447704272200133560
  Machine Id:              zh+5FITcPUnW+MXsE1JbpT1t6Jw=
[Licensing::Module] Successfully connected to LicensingClient on channel: "LicenseClient-Administrator-6000.3.15" (connect: 0.00s, validation: 0.00s, handshake: 0.00s)
[Licensing::IpcConnector] Successfully connected to: "LicenseClient-Administrator-6000.3.15-notifications" at "2026-05-27T11:42:35.9496108Z"
[Licensing::Module] Licensing Background thread has ended after 1.19s
Package Manager log level set to [2]
[Package Manager] Failed to launch server process. Reason: Unity was launched with the -noUpm command-line argument
[Package Manager] Unable to send message (not connected to server process).
[Package Manager] Cannot connect to Unity Package Manager local server
ScheduleIndexationOnStartup MainProcess:False IndexOnStartup:True
Mono: successfully reloaded assembly
- Finished resetting the current domain, in  0.451 seconds
Domain Reload Profiling: 1024ms
	BeginReloadAssembly (171ms)
		ExecutionOrderSort (0ms)
		DisableScriptedObjects (0ms)
		BackupInstance (0ms)
		ReleaseScriptingObjects (0ms)
		CreateAndSetChildDomain (1ms)
	RebuildCommonClasses (63ms)
	RebuildNativeTypeToScriptingClass (36ms)
	initialDomainReloadingComplete (98ms)
	LoadAllAssembliesAndSetupDomain (205ms)
		LoadAssemblies (167ms)
		RebuildTransferFunctionScriptingTraits (0ms)
		AnalyzeDomain (201ms)
			TypeCache.Refresh (199ms)
				TypeCache.ScanAssembly (182ms)
			BuildScriptInfoCaches (0ms)
			ResolveRequiredComponents (0ms)
	FinalizeReload (451ms)
		ReleaseScriptCaches (0ms)
		RebuildScriptCaches (0ms)
		SetupLoadedEditorAssemblies (380ms)
			LogAssemblyErrors (0ms)
			InitializePlatformSupportModulesInManaged (52ms)
			SetLoadedEditorAssemblies (4ms)
			BeforeProcessingInitializeOnLoad (94ms)
			ProcessInitializeOnLoadAttributes (151ms)
			ProcessInitializeOnLoadMethodAttributes (78ms)
			AfterProcessingInitializeOnLoad (0ms)
			EditorAssembliesLoaded (0ms)
		ExecutionOrderSort2 (0ms)
		AwakeInstancesAfterBackupRestoration (0ms)
========================================================================
Worker process is ready to serve import requests
Import Worker Mode flag is 0x00
Begin MonoManager ReloadAssembly
[Licensing::Client] Successfully resolved entitlement details
[Licensing::Module] License group:
  Id: 14568635345780-UnityPersXXXX
  Product: Unity Personal
  Type: Assigned
  Expiration: Unlimited
- Loaded All Assemblies, in  0.897 seconds
Refreshing native plugins compatible for Editor in 1.32 ms, found 4 plugins.
Native extension for WindowsStandalone target not found
[Package Manager] Failed to launch server process. Reason: Unity was launched with the -noUpm command-line argument
[Package Manager] Unable to send message (not connected to server process).
[Package Manager] Cannot connect to Unity Package Manager local server
Refreshing native plugins compatible for Editor in 1.58 ms, found 4 plugins.
[Package Manager] Failed to launch server process. Reason: Unity was launched with the -noUpm command-line argument
[Package Manager] Unable to send message (not connected to server process).
[Package Manager] Cannot connect to Unity Package Manager local server
ScheduleIndexationOnStartup MainProcess:False IndexOnStartup:True
Mono: successfully reloaded assembly
- Finished resetting the current domain, in  0.804 seconds
Domain Reload Profiling: 1696ms
	BeginReloadAssembly (199ms)
		ExecutionOrderSort (0ms)
		DisableScriptedObjects (6ms)
		BackupInstance (0ms)
		ReleaseScriptingObjects (0ms)
		CreateAndSetChildDomain (37ms)
	RebuildCommonClasses (40ms)
	RebuildNativeTypeToScriptingClass (16ms)
	initialDomainReloadingComplete (47ms)
	LoadAllAssembliesAndSetupDomain (590ms)
		LoadAssemblies (407ms)
		RebuildTransferFunctionScriptingTraits (0ms)
		AnalyzeDomain (291ms)
			TypeCache.Refresh (193ms)
				TypeCache.ScanAssembly (174ms)
			BuildScriptInfoCaches (82ms)
			ResolveRequiredComponents (10ms)
	FinalizeReload (804ms)
		ReleaseScriptCaches (0ms)
		RebuildScriptCaches (0ms)
		SetupLoadedEditorAssemblies (575ms)
			LogAssemblyErrors (0ms)
			InitializePlatformSupportModulesInManaged (2ms)
			SetLoadedEditorAssemblies (4ms)
			BeforeProcessingInitializeOnLoad (144ms)
			ProcessInitializeOnLoadAttributes (351ms)
			ProcessInitializeOnLoadMethodAttributes (68ms)
			AfterProcessingInitializeOnLoad (6ms)
			EditorAssembliesLoaded (0ms)
		ExecutionOrderSort2 (0ms)
		AwakeInstancesAfterBackupRestoration (6ms)
Launched and connected shader compiler UnityShaderCompiler.exe after 0.02 seconds
Refreshing native plugins compatible for Editor in 3.44 ms, found 4 plugins.
Preloading 0 native plugins for Editor in 0.00 ms.
Unloading 16 Unused Serialized files (Serialized files now loaded: 0)
Unloading 6440 unused Assets / (2.0 MB). Loaded Objects now: 7234.
Memory consumption went from 147.0 MB to 145.0 MB.
Total: 11.102300 ms (FindLiveObjects: 1.000400 ms CreateObjectMapping: 0.451800 ms MarkObjects: 7.645400 ms  DeleteObjects: 2.003300 ms)

========================================================================
Received Import Request.
  Time since last request: 3074.630661 seconds.
  path: Assets/Day-Night Skyboxes/Textures
  artifactKey: Guid(33e20b1d7b8753e4798581c0ad7c5f42) Importer(2089858483,b0f066a214c2f5e87bad3c948f4d605d)
Start importing Assets/Day-Night Skyboxes/Textures using Guid(33e20b1d7b8753e4798581c0ad7c5f42) Importer(2089858483,b0f066a214c2f5e87bad3c948f4d605d) (ScriptedImporter) -> (artifact id: '916a16fa0f955053c2c04acb2d1bc1f5') in 0.0663166 seconds
Number of updated asset objects reloaded before import = 0Number of asset objects unloaded after import = 1

========================================================================
Received Import Request.
  Time since last request: 0.000018 seconds.
  path: Assets/Day-Night Skyboxes/Textures/SkyAfterNoon_Back.png
  artifactKey: Guid(c01c0eb1cbd649e44a59f130b953a379) Importer(2089858483,b0f066a214c2f5e87bad3c948f4d605d)
Start importing Assets/Day-Night Skyboxes/Textures/SkyAfterNoon_Back.png using Guid(c01c0eb1cbd649e44a59f130b953a379) Importer(2089858483,b0f066a214c2f5e87bad3c948f4d605d) (ScriptedImporter) -> (artifact id: '1bc975048d2814252f66440e6761ea3a') in 0.1139086 seconds
Number of updated asset objects reloaded before import = 0Number of asset objects unloaded after import = 1

========================================================================
Received Import Request.
  Time since last request: 0.000018 seconds.
  path: Assets/Day-Night Skyboxes/Textures/SkyCloudy_Back.png
  artifactKey: Guid(fc3b33a42f371924590f4be9850f78ae) Importer(2089858483,b0f066a214c2f5e87bad3c948f4d605d)
Start importing Assets/Day-Night Skyboxes/Textures/SkyCloudy_Back.png using Guid(fc3b33a42f371924590f4be9850f78ae) Importer(2089858483,b0f066a214c2f5e87bad3c948f4d605d) (ScriptedImporter) -> (artifact id: '6993bb1395443e12f07622db9c706248') in 0.020631 seconds
Number of updated asset objects reloaded before import = 0Number of asset objects unloaded after import = 1

========================================================================
Received Import Request.
  Time since last request: 0.000029 seconds.
  path: Assets/Class 06th (Input System)/Scripts/Character.cs
  artifactKey: Guid(1dc6f3f960635154b981190151626c64) Importer(2089858483,b0f066a214c2f5e87bad3c948f4d605d)
Start importing Assets/Class 06th (Input System)/Scripts/Character.cs using Guid(1dc6f3f960635154b981190151626c64) Importer(2089858483,b0f066a214c2f5e87bad3c948f4d605d) (ScriptedImporter) -> (artifact id: '2f3bb4fa9b1b6b29056752e1e6982d0e') in 0.0166322 seconds
Number of updated asset objects reloaded before import = 0Number of asset objects unloaded after import = 0

========================================================================
Received Import Request.
  Time since last request: 0.000018 seconds.
  path: Assets/Day-Night Skyboxes/Textures/SkyHole_Right.png
  artifactKey: Guid(34fb02e33563a2e46a8dc30b1db95a63) Importer(2089858483,b0f066a214c2f5e87bad3c948f4d605d)
Start importing Assets/Day-Night Skyboxes/Textures/SkyHole_Right.png using Guid(34fb02e33563a2e46a8dc30b1db95a63) Importer(2089858483,b0f066a214c2f5e87bad3c948f4d605d) (ScriptedImporter) -> (artifact id: '2a522e87c3c65b1126a247b5c8132238') in 0.0380836 seconds
Number of updated asset objects reloaded before import = 0Number of asset objects unloaded after import = 1

========================================================================
Received Import Request.
  Time since last request: 0.000017 seconds.
  path: Assets/Day-Night Skyboxes/Textures/SkyHole_Top.png
  artifactKey: Guid(962d039a3950b124099ac6d3aedff947) Importer(2089858483,b0f066a214c2f5e87bad3c948f4d605d)
Start importing Assets/Day-Night Skyboxes/Textures/SkyHole_Top.png using Guid(962d039a3950b124099ac6d3aedff947) Importer(2089858483,b0f066a214c2f5e87bad3c948f4d605d) (ScriptedImporter) -> (artifact id: '75c7dd800a20c8da4359fbbbe506362e') in 0.0233137 seconds
Number of updated asset objects reloaded before import = 0Number of asset objects unloaded after import = 1

========================================================================
Received Import Request.
  Time since last request: 0.000022 seconds.
  path: Assets/Day-Night Skyboxes/Textures/SkySunSet_Bottom.png
  artifactKey: Guid(d34a7e42f26d51041ade65d0b0e898bf) Importer(2089858483,b0f066a214c2f5e87bad3c948f4d605d)
Start importing Assets/Day-Night Skyboxes/Textures/SkySunSet_Bottom.png using Guid(d34a7e42f26d51041ade65d0b0e898bf) Importer(2089858483,b0f066a214c2f5e87bad3c948f4d605d) (ScriptedImporter) -> (artifact id: '8725485738afbd810fd691ffdaaa051f') in 0.0348901 seconds
Number of updated asset objects reloaded before import = 0Number of asset objects unloaded after import = 1

========================================================================
Received Import Request.
  Time since last request: 0.000032 seconds.
  path: Assets/Day-Night Skyboxes/Textures/SkyMorning_Bottom.png
  artifactKey: Guid(ba8c76432fb29c44695a619aea972dc2) Importer(2089858483,b0f066a214c2f5e87bad3c948f4d605d)
Start importing Assets/Day-Night Skyboxes/Textures/SkyMorning_Bottom.png using Guid(ba8c76432fb29c44695a619aea972dc2) Importer(2089858483,b0f066a214c2f5e87bad3c948f4d605d) (ScriptedImporter) -> (artifact id: '42ef130c89320e66425c9113fe5de5a6') in 0.031313 seconds
Number of updated asset objects reloaded before import = 0Number of asset objects unloaded after import = 1

========================================================================
Received Import Request.
  Time since last request: 0.000023 seconds.
  path: Assets/Day-Night Skyboxes/Textures/SkyEarlyDusk_Left.png
  artifactKey: Guid(8733101b6a14ca740b346255c2d3f21f) Importer(2089858483,b0f066a214c2f5e87bad3c948f4d605d)
Start importing Assets/Day-Night Skyboxes/Textures/SkyEarlyDusk_Left.png using Guid(8733101b6a14ca740b346255c2d3f21f) Importer(2089858483,b0f066a214c2f5e87bad3c948f4d605d) (ScriptedImporter) -> (artifact id: '4871637eea606de2fd0d91b246cd9e1e') in 0.034317 seconds
Number of updated asset objects reloaded before import = 0Number of asset objects unloaded after import = 1

========================================================================
Received Import Request.
  Time since last request: 0.000021 seconds.
  path: Assets/Day-Night Skyboxes/Textures/SkyAfterNoon_Top.png
  artifactKey: Guid(31b24bb50a20c0047b30ee5fc78848b2) Importer(2089858483,b0f066a214c2f5e87bad3c948f4d605d)
Start importing Assets/Day-Night Skyboxes/Textures/SkyAfterNoon_Top.png using Guid(31b24bb50a20c0047b30ee5fc78848b2) Importer(2089858483,b0f066a214c2f5e87bad3c948f4d605d) (ScriptedImporter) -> (artifact id: '65d11d28ea4cb8be45ad9ee89f49c250') in 0.0197369 seconds
Number of updated asset objects reloaded before import = 0Number of asset objects unloaded after import = 1

========================================================================
Received Import Request.
  Time since last request: 0.000298 seconds.
  path: Assets/Day-Night Skyboxes/Materials/SkyBrightMorning.mat
  artifactKey: Guid(0b846be1b116429409a7669cacf2a62e) Importer(2089858483,b0f066a214c2f5e87bad3c948f4d605d)
Start importing Assets/Day-Night Skyboxes/Materials/SkyBrightMorning.mat using Guid(0b846be1b116429409a7669cacf2a62e) Importer(2089858483,b0f066a214c2f5e87bad3c948f4d605d) (ScriptedImporter) -> (artifact id: '8614dc10f454198bab30ec4e4ebcc2ea') in 0.0626189 seconds
Number of updated asset objects reloaded before import = 0Number of asset objects unloaded after import = 7

========================================================================
Received Import Request.
  Time since last request: 33.355782 seconds.
  path: Assets/Class 06th (Input System)/Sky Boxes/Materials/SkyNight.mat
  artifactKey: Guid(493bfb50af5d9424da505ba945c86600) Importer(2089858483,b0f066a214c2f5e87bad3c948f4d605d)
Start importing Assets/Class 06th (Input System)/Sky Boxes/Materials/SkyNight.mat using Guid(493bfb50af5d9424da505ba945c86600) Importer(2089858483,b0f066a214c2f5e87bad3c948f4d605d) (ScriptedImporter) -> (artifact id: '04b7df67b6372c34a521dd52b8fbaaac') in 0.0143838 seconds
Number of updated asset objects reloaded before import = 0Number of asset objects unloaded after import = 7

========================================================================
Received Import Request.
  Time since last request: 0.000017 seconds.
  path: Assets/Class 06th (Input System)/Sky Boxes/Materials/SkyEarlyDusk.mat
  artifactKey: Guid(82b660520bdecce4daf45d270ec93fe4) Importer(2089858483,b0f066a214c2f5e87bad3c948f4d605d)
Start importing Assets/Class 06th (Input System)/Sky Boxes/Materials/SkyEarlyDusk.mat using Guid(82b660520bdecce4daf45d270ec93fe4) Importer(2089858483,b0f066a214c2f5e87bad3c948f4d605d) (ScriptedImporter) -> (artifact id: '2ebfd25e0638aebacbfc8b9f6ac7c2b4') in 0.0136517 seconds
Number of updated asset objects reloaded before import = 0Number of asset objects unloaded after import = 7

========================================================================
Received Import Request.
  Time since last request: 0.000014 seconds.
  path: Assets/Class 06th (Input System)/Sky Boxes/Textures/SkyMorning_Back.png
  artifactKey: Guid(fcc2b2ac825c29e40a96b9fe97d58996) Importer(2089858483,b0f066a214c2f5e87bad3c948f4d605d)
Start importing Assets/Class 06th (Input System)/Sky Boxes/Textures/SkyMorning_Back.png using Guid(fcc2b2ac825c29e40a96b9fe97d58996) Importer(2089858483,b0f066a214c2f5e87bad3c948f4d605d) (ScriptedImporter) -> (artifact id: 'f1ab149bc545ae347d52a9a0fbc10bfb') in 0.0223725 seconds
Number of updated asset objects reloaded before import = 0Number of asset objects unloaded after import = 1

========================================================================
Received Import Request.
  Time since last request: 0.000017 seconds.
  path: Assets/Class 06th (Input System)/Sky Boxes/Textures/SkyNoon_Right.png
  artifactKey: Guid(4f6bec75bfe65ad49a0826debe902b30) Importer(2089858483,b0f066a214c2f5e87bad3c948f4d605d)
Start importing Assets/Class 06th (Input System)/Sky Boxes/Textures/SkyNoon_Right.png using Guid(4f6bec75bfe65ad49a0826debe902b30) Importer(2089858483,b0f066a214c2f5e87bad3c948f4d605d) (ScriptedImporter) -> (artifact id: '1631b9321586ad7c45aeef5b93ae4ab3') in 0.0128104 seconds
Number of updated asset objects reloaded before import = 0Number of asset objects unloaded after import = 1

========================================================================
Received Import Request.
  Time since last request: 0.000029 seconds.
  path: Assets/Class 06th (Input System)/Sky Boxes/Textures/SkyHole_Top.png
  artifactKey: Guid(962d039a3950b124099ac6d3aedff947) Importer(2089858483,b0f066a214c2f5e87bad3c948f4d605d)
Start importing Assets/Class 06th (Input System)/Sky Boxes/Textures/SkyHole_Top.png using Guid(962d039a3950b124099ac6d3aedff947) Importer(2089858483,b0f066a214c2f5e87bad3c948f4d605d) (ScriptedImporter) -> (artifact id: 'c621206f0db0907d631fd4702cabd6d6') in 0.0107237 seconds
Number of updated asset objects reloaded before import = 0Number of asset objects unloaded after import = 1

========================================================================
Received Import Request.
  Time since last request: 0.000021 seconds.
  path: Assets/Class 06th (Input System)/Sky Boxes/Textures/SkyMidNight_Bottom.png
  artifactKey: Guid(b37a0b3bf146f5748a2ae0b5856eba8f) Importer(2089858483,b0f066a214c2f5e87bad3c948f4d605d)
Start importing Assets/Class 06th (Input System)/Sky Boxes/Textures/SkyMidNight_Bottom.png using Guid(b37a0b3bf146f5748a2ae0b5856eba8f) Importer(2089858483,b0f066a214c2f5e87bad3c948f4d605d) (ScriptedImporter) -> (artifact id: '6e8f8426d20c92dc8ea82b4c1a063b7c') in 0.0133323 seconds
Number of updated asset objects reloaded before import = 0Number of asset objects unloaded after import = 1

========================================================================
Received Import Request.
  Time since last request: 0.000014 seconds.
  path: Assets/Class 06th (Input System)/Sky Boxes/Textures/SkySunSet_Front.png
  artifactKey: Guid(33db3c0239cfad94780b85a1ad3f4e36) Importer(2089858483,b0f066a214c2f5e87bad3c948f4d605d)
Start importing Assets/Class 06th (Input System)/Sky Boxes/Textures/SkySunSet_Front.png using Guid(33db3c0239cfad94780b85a1ad3f4e36) Importer(2089858483,b0f066a214c2f5e87bad3c948f4d605d) (ScriptedImporter) -> (artifact id: '81c2e68610b17e1c67137b314a727aa4') in 0.0110097 seconds
Number of updated asset objects reloaded before import = 0Number of asset objects unloaded after import = 1

========================================================================
Received Import Request.
  Time since last request: 0.000014 seconds.
  path: Assets/Class 06th (Input System)/Sky Boxes/Textures/SkyMorning_Bottom.png
  artifactKey: Guid(ba8c76432fb29c44695a619aea972dc2) Importer(2089858483,b0f066a214c2f5e87bad3c948f4d605d)
Start importing Assets/Class 06th (Input System)/Sky Boxes/Textures/SkyMorning_Bottom.png using Guid(ba8c76432fb29c44695a619aea972dc2) Importer(2089858483,b0f066a214c2f5e87bad3c948f4d605d) (ScriptedImporter) -> (artifact id: 'e6a5563c53299074d61e5c438a595f78') in 0.0103153 seconds
Number of updated asset objects reloaded before import = 0Number of asset objects unloaded after import = 1

========================================================================
Received Import Request.
  Time since last request: 0.000015 seconds.
  path: Assets/Class 06th (Input System)/Sky Boxes/Textures/SkyHole_Left.png
  artifactKey: Guid(290f12ad67dd9334fae83c3cf6670a73) Importer(2089858483,b0f066a214c2f5e87bad3c948f4d605d)
Start importing Assets/Class 06th (Input System)/Sky Boxes/Textures/SkyHole_Left.png using Guid(290f12ad67dd9334fae83c3cf6670a73) Importer(2089858483,b0f066a214c2f5e87bad3c948f4d605d) (ScriptedImporter) -> (artifact id: 'f776b50b8b4c3f60fd3889e4bf87fbd7') in 0.0124126 seconds
Number of updated asset objects reloaded before import = 0Number of asset objects unloaded after import = 1

========================================================================
Received Import Request.
  Time since last request: 0.000015 seconds.
  path: Assets/Class 06th (Input System)/Sky Boxes/Textures/SkySunSet_Back.png
  artifactKey: Guid(0933480a6df8a864ab3318a638153624) Importer(2089858483,b0f066a214c2f5e87bad3c948f4d605d)
Start importing Assets/Class 06th (Input System)/Sky Boxes/Textures/SkySunSet_Back.png using Guid(0933480a6df8a864ab3318a638153624) Importer(2089858483,b0f066a214c2f5e87bad3c948f4d605d) (ScriptedImporter) -> (artifact id: 'fc5712971a6dfdce16841d2f06632a03') in 0.0114019 seconds
Number of updated asset objects reloaded before import = 0Number of asset objects unloaded after import = 1

========================================================================
Received Import Request.
  Time since last request: 0.000024 seconds.
  path: Assets/Class 06th (Input System)/Sky Boxes/Materials/SkyHaloSky.mat
  artifactKey: Guid(e523c896238589445ae28370258d26c6) Importer(2089858483,b0f066a214c2f5e87bad3c948f4d605d)
Start importing Assets/Class 06th (Input System)/Sky Boxes/Materials/SkyHaloSky.mat using Guid(e523c896238589445ae28370258d26c6) Importer(2089858483,b0f066a214c2f5e87bad3c948f4d605d) (ScriptedImporter) -> (artifact id: '1ecec58d2b16808bfdafaee86c7ab793') in 0.0112642 seconds
Number of updated asset objects reloaded before import = 0Number of asset objects unloaded after import = 7

========================================================================
Received Import Request.
  Time since last request: 2.899282 seconds.
  path: Assets/Class 06th (Input System)/Sky Boxes/Materials/SkyCloudy.mat
  artifactKey: Guid(d11d338e6a849d84f85a289f91b3fa00) Importer(815301076,1909f56bfc062723c751e8b465ee728b)
Start importing Assets/Class 06th (Input System)/Sky Boxes/Materials/SkyCloudy.mat using Guid(d11d338e6a849d84f85a289f91b3fa00) Importer(815301076,1909f56bfc062723c751e8b465ee728b) (PreviewImporter) -> (artifact id: '2a9f70a30fedd18fc121c27e2bab402f') in 0.3934857 seconds
Number of updated asset objects reloaded before import = 0Number of asset objects unloaded after import = 7

========================================================================
Received Import Request.
  Time since last request: 0.000031 seconds.
  path: Assets/Class 06th (Input System)/Sky Boxes/Materials/SkySunset.mat
  artifactKey: Guid(ac2eeb98f1b423941b373f537bc56e18) Importer(815301076,1909f56bfc062723c751e8b465ee728b)
Start importing Assets/Class 06th (Input System)/Sky Boxes/Materials/SkySunset.mat using Guid(ac2eeb98f1b423941b373f537bc56e18) Importer(815301076,1909f56bfc062723c751e8b465ee728b) (PreviewImporter) -> (artifact id: 'e7eb48215b7c92c108764db3cf923109') in 0.016096 seconds
Number of updated asset objects reloaded before import = 0Number of asset objects unloaded after import = 7

Editor requested this worker to shutdown with reason: Scaling down because of idle timeout
AssetImportWorker is now disconnected from the server
Process exiting
Exiting without the bug reporter. Application will terminate with return code 0