database is locked
[Licensing::Module] Trying to connect to existing licensing client channel...
[Licensing::IpcConnector] Successfully connected to: "LicenseClient-Administrator" at "2026-05-29T11:01:50.3433404Z"
Built from '6000.3/staging' branch; Version is '6000.3.15f1 (c1aa84e375f6) revision 12692100'; Using compiler version '194234433'; Build Type 'Release'
OS: 'Windows 10  (10.0.19045) 64bit Professional' Language: 'ko' Physical Memory: 16094 MB
BatchMode: 1, IsHumanControllingUs: 0, StartBugReporterOnCrash: 0, Is64bit: 1
System  architecture: x64
Process architecture: x64
Date: 2026-05-29T11:01:50Z

COMMAND LINE ARGUMENTS:
C:\Program Files\Unity\Hub\Editor\6000.3.15f1\Editor\Unity.exe
-adb2
-batchMode
-noUpm
-name
AssetImportWorker0
-projectPath
C:/Users/Administrator/Desktop/Unity/Program
-logFile
Logs/AssetImportWorker0.log
-srvPort
49875
-licensingIpc
LicenseClient-Administrator
-job-worker-count
13
-background-job-worker-count
8
-gc-helper-count
1
-name
AssetImport
Successfully changed project path to: C:/Users/Administrator/Desktop/Unity/Program
C:/Users/Administrator/Desktop/Unity/Program
[UnityMemory] Configuration Parameters - Can be set up in boot.config
    "memorysetup-temp-allocator-size-nav-mesh-worker=65536"
    "memorysetup-temp-allocator-size-audio-worker=65536"
    "memorysetup-temp-allocator-size-gfx=262144"
    "memorysetup-allocator-temp-initial-block-size-main=262144"
    "memorysetup-allocator-temp-initial-block-size-worker=262144"
    "memorysetup-temp-allocator-size-background-worker=32768"
    "memorysetup-temp-allocator-size-job-worker=262144"
    "memorysetup-temp-allocator-size-preload-manager=33554432"
    "memorysetup-temp-allocator-size-gi-baking-worker=262144"
    "memorysetup-temp-allocator-size-gi-baking-worker=262144"
    "memorysetup-temp-allocator-size-gi-baking-worker=262144"
    "memorysetup-temp-allocator-size-gi-baking-worker=262144"
    "memorysetup-temp-allocator-size-gi-baking-worker=262144"
    "memorysetup-bucket-allocator-granularity=16"
    "memorysetup-bucket-allocator-bucket-count=8"
    "memorysetup-bucket-allocator-block-size=33554432"
    "memorysetup-bucket-allocator-block-count=8"
    "memorysetup-main-allocator-block-size=16777216"
    "memorysetup-thread-allocator-block-size=16777216"
    "memorysetup-gfx-main-allocator-block-size=16777216"
    "memorysetup-gfx-thread-allocator-block-size=16777216"
    "memorysetup-cache-allocator-block-size=4194304"
    "memorysetup-typetree-allocator-block-size=2097152"
    "memorysetup-profiler-bucket-allocator-granularity=16"
    "memorysetup-profiler-bucket-allocator-bucket-count=8"
    "memorysetup-profiler-bucket-allocator-block-size=33554432"
    "memorysetup-profiler-bucket-allocator-block-count=8"
    "memorysetup-profiler-allocator-block-size=16777216"
    "memorysetup-profiler-editor-allocator-block-size=1048576"
    "memorysetup-temp-allocator-size-main=16777216"
    "memorysetup-job-temp-allocator-block-size=2097152"
    "memorysetup-job-temp-allocator-block-size-background=1048576"
    "memorysetup-job-temp-allocator-reduction-small-platforms=262144"
    "memorysetup-temp-allocator-size-cloud-worker=32768"
Player connection [13676]  Target information:

Player connection [13676]  * "[IP] 192.168.0.213 [Port] 0 [Flags] 2 [Guid] 1083683676 [EditorId] 1083683676 [Version] 1048832 [Id] WindowsEditor(7,DESKTOP-T679CQG) [Debug] 1 [PackageName] WindowsEditor [ProjectName] Editor" 

Player connection [13676] Host joined multi-casting on [225.0.0.222:54997]...
Player connection [13676] Host joined alternative multi-casting on [225.0.0.222:34997]...
JobSystem: Creating JobQueue using job-worker-count value 13
Input System module state changed to: Initialized.
[Physics::Module] Initialized fallback backend.
[Physics::Module] Id: 0xdecafbad
Library Redirect Path: Library/
[Physics::Module] Selected backend.
[Physics::Module] Name: PhysX
[Physics::Module] Id: 0xf2b8ea05
[Physics::Module] SDK Version: 4.1.2
[Physics::Module] Integration Version: 1.0.0
[Physics::Module] Threading Mode: Multi-Threaded
Refreshing native plugins compatible for Editor in 3.34 ms, found 4 plugins.
Preloading 0 native plugins for Editor in 0.00 ms.
Initialize engine version: 6000.3.15f1 (c1aa84e375f6)
[Subsystems] Discovering subsystems at path C:/Program Files/Unity/Hub/Editor/6000.3.15f1/Editor/Data/Resources/UnitySubsystems
[Subsystems] Discovering subsystems at path C:/Users/Administrator/Desktop/Unity/Program/Assets
GfxDevice: creating device client; kGfxThreadingModeNonThreaded
Direct3D:
    Version:  Direct3D 11.0 [level 11.1]
    Renderer: NVIDIA GeForce RTX 5060 Ti (ID=0x2d04)
    Vendor:   NVIDIA
    VRAM:     15962 MB
    Driver:   32.0.15.7688
Initialize mono
Mono path[0] = 'C:/Program Files/Unity/Hub/Editor/6000.3.15f1/Editor/Data/Managed'
Mono path[1] = 'C:/Program Files/Unity/Hub/Editor/6000.3.15f1/Editor/Data/MonoBleedingEdge/lib/mono/unityjit-win32'
Mono config path = 'C:/Program Files/Unity/Hub/Editor/6000.3.15f1/Editor/Data/MonoBleedingEdge/etc'
Using monoOptions --debugger-agent=transport=dt_socket,embedding=1,server=y,suspend=n,address=127.0.0.1:56164
Begin MonoManager ReloadAssembly
Registering precompiled unity dll's ...
Register platform support module: C:/Program Files/Unity/Hub/Editor/6000.3.15f1/Editor/Data/PlaybackEngines/WindowsStandaloneSupport/UnityEditor.WindowsStandalone.Extensions.dll
Registered in 0.004685 seconds.
- Loaded All Assemblies, in  0.561 seconds
Native extension for WindowsStandalone target not found
[Licensing::Client] Error: HandshakeResponse reported an error:
	ResponseCode: 505
	ResponseStatus: Unsupported protocol version '1.18.1'.
[Licensing::Module] Error: Failed to handshake to channel: "LicenseClient-Administrator"
[Licensing::IpcConnector] LicenseClient-Administrator channel disconnected successfully.
[Licensing::IpcConnector] Successfully connected to: "LicenseClient-Administrator-6000.3.15" at "2026-05-29T11:01:51.4872661Z"
[Licensing::Client] Code 10 while verifying Licensing Client signature (process Id: 7372, path: "C:/Program Files/Unity/Hub/Editor/6000.3.15f1/Editor/Data/Resources/Licensing/Client/Unity.Licensing.Client.exe")
[Licensing::Module] LicensingClient has failed validation; ignoring
[Licensing::Client] Handshaking with LicensingClient:
  Version:                 1.18.1+9fbee8e
  Session Id:              b3d8cf2968904b0e99bcac400252d6ba
  Correlation Id:          c0423a8f097690ed45d81e6df7e33775
  External correlation Id: 6966187116088338439
  Machine Id:              zh+5FITcPUnW+MXsE1JbpT1t6Jw=
[Licensing::Module] Successfully connected to LicensingClient on channel: "LicenseClient-Administrator-6000.3.15" (connect: 0.00s, validation: 0.00s, handshake: 0.00s)
[Licensing::IpcConnector] Successfully connected to: "LicenseClient-Administrator-6000.3.15-notifications" at "2026-05-29T11:01:51.4924576Z"
[Licensing::Module] Licensing Background thread has ended after 1.15s
Package Manager log level set to [2]
[Package Manager] Failed to launch server process. Reason: Unity was launched with the -noUpm command-line argument
[Package Manager] Unable to send message (not connected to server process).
[Package Manager] Cannot connect to Unity Package Manager local server
ScheduleIndexationOnStartup MainProcess:False IndexOnStartup:True
Mono: successfully reloaded assembly
- Finished resetting the current domain, in  0.442 seconds
Domain Reload Profiling: 999ms
	BeginReloadAssembly (189ms)
		ExecutionOrderSort (0ms)
		DisableScriptedObjects (0ms)
		BackupInstance (0ms)
		ReleaseScriptingObjects (0ms)
		CreateAndSetChildDomain (1ms)
	RebuildCommonClasses (50ms)
	RebuildNativeTypeToScriptingClass (18ms)
	initialDomainReloadingComplete (66ms)
	LoadAllAssembliesAndSetupDomain (234ms)
		LoadAssemblies (185ms)
		RebuildTransferFunctionScriptingTraits (0ms)
		AnalyzeDomain (231ms)
			TypeCache.Refresh (228ms)
				TypeCache.ScanAssembly (209ms)
			BuildScriptInfoCaches (0ms)
			ResolveRequiredComponents (1ms)
	FinalizeReload (442ms)
		ReleaseScriptCaches (0ms)
		RebuildScriptCaches (0ms)
		SetupLoadedEditorAssemblies (400ms)
			LogAssemblyErrors (0ms)
			InitializePlatformSupportModulesInManaged (53ms)
			SetLoadedEditorAssemblies (13ms)
			BeforeProcessingInitializeOnLoad (93ms)
			ProcessInitializeOnLoadAttributes (158ms)
			ProcessInitializeOnLoadMethodAttributes (82ms)
			AfterProcessingInitializeOnLoad (0ms)
			EditorAssembliesLoaded (0ms)
		ExecutionOrderSort2 (0ms)
		AwakeInstancesAfterBackupRestoration (0ms)
========================================================================
Worker process is ready to serve import requests
Import Worker Mode flag is 0x00
Begin MonoManager ReloadAssembly
[Licensing::Client] Successfully resolved entitlement details
[Licensing::Module] License group:
  Id: 14568635345780-UnityPersXXXX
  Product: Unity Personal
  Type: Assigned
  Expiration: Unlimited
- Loaded All Assemblies, in  1.061 seconds
Refreshing native plugins compatible for Editor in 1.64 ms, found 4 plugins.
Native extension for WindowsStandalone target not found
[Package Manager] Failed to launch server process. Reason: Unity was launched with the -noUpm command-line argument
[Package Manager] Unable to send message (not connected to server process).
[Package Manager] Cannot connect to Unity Package Manager local server
Refreshing native plugins compatible for Editor in 1.83 ms, found 4 plugins.
[Package Manager] Failed to launch server process. Reason: Unity was launched with the -noUpm command-line argument
[Package Manager] Unable to send message (not connected to server process).
[Package Manager] Cannot connect to Unity Package Manager local server
ScheduleIndexationOnStartup MainProcess:False IndexOnStartup:True
Mono: successfully reloaded assembly
- Finished resetting the current domain, in  0.907 seconds
Domain Reload Profiling: 1963ms
	BeginReloadAssembly (232ms)
		ExecutionOrderSort (0ms)
		DisableScriptedObjects (8ms)
		BackupInstance (0ms)
		ReleaseScriptingObjects (0ms)
		CreateAndSetChildDomain (37ms)
	RebuildCommonClasses (49ms)
	RebuildNativeTypeToScriptingClass (19ms)
	initialDomainReloadingComplete (53ms)
	LoadAllAssembliesAndSetupDomain (702ms)
		LoadAssemblies (481ms)
		RebuildTransferFunctionScriptingTraits (0ms)
		AnalyzeDomain (348ms)
			TypeCache.Refresh (235ms)
				TypeCache.ScanAssembly (208ms)
			BuildScriptInfoCaches (96ms)
			ResolveRequiredComponents (11ms)
	FinalizeReload (908ms)
		ReleaseScriptCaches (0ms)
		RebuildScriptCaches (0ms)
		SetupLoadedEditorAssemblies (659ms)
			LogAssemblyErrors (0ms)
			InitializePlatformSupportModulesInManaged (2ms)
			SetLoadedEditorAssemblies (4ms)
			BeforeProcessingInitializeOnLoad (166ms)
			ProcessInitializeOnLoadAttributes (405ms)
			ProcessInitializeOnLoadMethodAttributes (75ms)
			AfterProcessingInitializeOnLoad (6ms)
			EditorAssembliesLoaded (0ms)
		ExecutionOrderSort2 (0ms)
		AwakeInstancesAfterBackupRestoration (7ms)
Launched and connected shader compiler UnityShaderCompiler.exe after 0.01 seconds
Refreshing native plugins compatible for Editor in 2.04 ms, found 4 plugins.
Preloading 0 native plugins for Editor in 0.00 ms.
Unloading 17 Unused Serialized files (Serialized files now loaded: 0)
Unloading 6442 unused Assets / (4.3 MB). Loaded Objects now: 7236.
Memory consumption went from 149.6 MB to 145.2 MB.
Total: 19.374300 ms (FindLiveObjects: 1.138900 ms CreateObjectMapping: 0.551800 ms MarkObjects: 14.805900 ms  DeleteObjects: 2.876600 ms)

========================================================================
Received Import Request.
  Time since last request: 334.630086 seconds.
  path: Assets/Class 08th(Physics System)/Golf Assets/Models/Level/Part1/SidesHazard.fbx
  artifactKey: Guid(1c7ea2b800625ec4a90eb9c7bcc4c59b) Importer(2089858483,b0f066a214c2f5e87bad3c948f4d605d)
Start importing Assets/Class 08th(Physics System)/Golf Assets/Models/Level/Part1/SidesHazard.fbx using Guid(1c7ea2b800625ec4a90eb9c7bcc4c59b) Importer(2089858483,b0f066a214c2f5e87bad3c948f4d605d) (ScriptedImporter) -> (artifact id: '71566f0ab070bce91ac70c2f435ab675') in 0.2738044 seconds
Number of updated asset objects reloaded before import = 0Number of asset objects unloaded after import = 9

========================================================================
Received Import Request.
  Time since last request: 0.000030 seconds.
  path: Assets/Class 07th (Prefab System)/Stylized Pirate Ship/StylShip_MatTextures
  artifactKey: Guid(ddda3fc5d9c57ad43b0064fd3a39267b) Importer(2089858483,b0f066a214c2f5e87bad3c948f4d605d)
Start importing Assets/Class 07th (Prefab System)/Stylized Pirate Ship/StylShip_MatTextures using Guid(ddda3fc5d9c57ad43b0064fd3a39267b) Importer(2089858483,b0f066a214c2f5e87bad3c948f4d605d) (ScriptedImporter) -> (artifact id: 'ca2144ed2ab8d2ec95772e9d16475533') in 0.0106445 seconds
Number of updated asset objects reloaded before import = 0Number of asset objects unloaded after import = 1

========================================================================
Received Import Request.
  Time since last request: 0.000031 seconds.
  path: Assets/Class 08th(Physics System)/Golf Assets/Textures/Coins/1_DefaultMaterial_MetallicSmoothness.png
  artifactKey: Guid(96659a06aee7e4c48b34ad2c99c7897a) Importer(2089858483,b0f066a214c2f5e87bad3c948f4d605d)
Start importing Assets/Class 08th(Physics System)/Golf Assets/Textures/Coins/1_DefaultMaterial_MetallicSmoothness.png using Guid(96659a06aee7e4c48b34ad2c99c7897a) Importer(2089858483,b0f066a214c2f5e87bad3c948f4d605d) (ScriptedImporter) -> (artifact id: 'c341c9dd506f3fce9015abcf6c5ee823') in 0.1201736 seconds
Number of updated asset objects reloaded before import = 0Number of asset objects unloaded after import = 1

========================================================================
Received Import Request.
  Time since last request: 0.000021 seconds.
  path: Assets/Class 07th (Prefab System)/Animators
  artifactKey: Guid(e428d2a5262704448990e7bb1fcde913) Importer(2089858483,b0f066a214c2f5e87bad3c948f4d605d)
Start importing Assets/Class 07th (Prefab System)/Animators using Guid(e428d2a5262704448990e7bb1fcde913) Importer(2089858483,b0f066a214c2f5e87bad3c948f4d605d) (ScriptedImporter) -> (artifact id: '7d26d70ceea0c713fbfdb9a813a806f3') in 0.0106639 seconds
Number of updated asset objects reloaded before import = 0Number of asset objects unloaded after import = 1

========================================================================
Received Import Request.
  Time since last request: 0.000021 seconds.
  path: Assets/Class 08th(Physics System)/Golf Assets/Models/Level/Part1/Turnhole.fbx
  artifactKey: Guid(fb38c7b170589574cb7e6c7ad82fac4c) Importer(2089858483,b0f066a214c2f5e87bad3c948f4d605d)
Start importing Assets/Class 08th(Physics System)/Golf Assets/Models/Level/Part1/Turnhole.fbx using Guid(fb38c7b170589574cb7e6c7ad82fac4c) Importer(2089858483,b0f066a214c2f5e87bad3c948f4d605d) (ScriptedImporter) -> (artifact id: '96b493ea6201adb9d4ecdc740f280db5') in 0.0314281 seconds
Number of updated asset objects reloaded before import = 0Number of asset objects unloaded after import = 9

========================================================================
Received Import Request.
  Time since last request: 0.000041 seconds.
  path: Assets/Class 08th(Physics System)/Golf Assets/Textures/InteractProps/1_DefaultMaterial_AlbedoTransparency.png
  artifactKey: Guid(fc1ae6c1974c26e47afcb50e84b43e71) Importer(2089858483,b0f066a214c2f5e87bad3c948f4d605d)
Start importing Assets/Class 08th(Physics System)/Golf Assets/Textures/InteractProps/1_DefaultMaterial_AlbedoTransparency.png using Guid(fc1ae6c1974c26e47afcb50e84b43e71) Importer(2089858483,b0f066a214c2f5e87bad3c948f4d605d) (ScriptedImporter) -> (artifact id: 'f77f7c168e4c773dedc3fd468fcc619b') in 0.0510505 seconds
Number of updated asset objects reloaded before import = 0Number of asset objects unloaded after import = 1

========================================================================
Received Import Request.
  Time since last request: 0.000019 seconds.
  path: Assets/Class 08th(Physics System)/Golf Assets/Animations/PipeAnimation.controller
  artifactKey: Guid(ccf6ac537eb61ee41a5c96dff5f101d1) Importer(2089858483,b0f066a214c2f5e87bad3c948f4d605d)
Start importing Assets/Class 08th(Physics System)/Golf Assets/Animations/PipeAnimation.controller using Guid(ccf6ac537eb61ee41a5c96dff5f101d1) Importer(2089858483,b0f066a214c2f5e87bad3c948f4d605d) (ScriptedImporter) -> (artifact id: '6804483838369ebe06e599174c7781c5') in 0.0374616 seconds
Number of updated asset objects reloaded before import = 0Number of asset objects unloaded after import = 6

========================================================================
Received Import Request.
  Time since last request: 0.000024 seconds.
  path: Assets/Class 08th(Physics System)/Golf Assets/Models/Pipes/Straight.fbx
  artifactKey: Guid(54b6403a6eeddb84286a8e02b61ac495) Importer(2089858483,b0f066a214c2f5e87bad3c948f4d605d)
Start importing Assets/Class 08th(Physics System)/Golf Assets/Models/Pipes/Straight.fbx using Guid(54b6403a6eeddb84286a8e02b61ac495) Importer(2089858483,b0f066a214c2f5e87bad3c948f4d605d) (ScriptedImporter) -> (artifact id: '68051252933e4fc5d26d7a25d256ba12') in 0.0316374 seconds
Number of updated asset objects reloaded before import = 0Number of asset objects unloaded after import = 7

========================================================================
Received Import Request.
  Time since last request: 0.000034 seconds.
  path: Assets/Class 08th(Physics System)/Golf Assets/Models/Level/Part1/FullSquareHole.fbx
  artifactKey: Guid(6076966bb02006e44acdb4359b859d1f) Importer(2089858483,b0f066a214c2f5e87bad3c948f4d605d)
Start importing Assets/Class 08th(Physics System)/Golf Assets/Models/Level/Part1/FullSquareHole.fbx using Guid(6076966bb02006e44acdb4359b859d1f) Importer(2089858483,b0f066a214c2f5e87bad3c948f4d605d) (ScriptedImporter) -> (artifact id: '6311ad7046609b5877f2df6319a6dfc9') in 0.0338023 seconds
Number of updated asset objects reloaded before import = 0Number of asset objects unloaded after import = 9

========================================================================
Received Import Request.
  Time since last request: 0.000021 seconds.
  path: Assets/Class 07th (Prefab System)/Scenes/Class 07th (Prefab System).unity
  artifactKey: Guid(fd2a2603c55972b43b4a97ded1306715) Importer(2089858483,b0f066a214c2f5e87bad3c948f4d605d)
Start importing Assets/Class 07th (Prefab System)/Scenes/Class 07th (Prefab System).unity using Guid(fd2a2603c55972b43b4a97ded1306715) Importer(2089858483,b0f066a214c2f5e87bad3c948f4d605d) (ScriptedImporter) -> (artifact id: '33069876592ae8ebf5cd90cd5b47205b') in 0.0157448 seconds
Number of updated asset objects reloaded before import = 0Number of asset objects unloaded after import = 1

========================================================================
Received Import Request.
  Time since last request: 0.000021 seconds.
  path: Assets/Class 08th(Physics System)/Golf Assets/Prefabs/Level/90Curved.prefab
  artifactKey: Guid(a9b0b7ce886a3094fb0fcc006f625e2e) Importer(2089858483,b0f066a214c2f5e87bad3c948f4d605d)
Start importing Assets/Class 08th(Physics System)/Golf Assets/Prefabs/Level/90Curved.prefab using Guid(a9b0b7ce886a3094fb0fcc006f625e2e) Importer(2089858483,b0f066a214c2f5e87bad3c948f4d605d) (ScriptedImporter) -> (artifact id: '67523d2bb64a33f34092ac63ffc09cf2') in 0.0322535 seconds
Number of updated asset objects reloaded before import = 0Number of asset objects unloaded after import = 16

========================================================================
Received Import Request.
  Time since last request: 0.000027 seconds.
  path: Assets/Class 08th(Physics System)/Golf Assets/Prefabs/Bumpers/Cross.prefab
  artifactKey: Guid(732d3378ecf71f042b9d98bc913dc68b) Importer(2089858483,b0f066a214c2f5e87bad3c948f4d605d)
Start importing Assets/Class 08th(Physics System)/Golf Assets/Prefabs/Bumpers/Cross.prefab using Guid(732d3378ecf71f042b9d98bc913dc68b) Importer(2089858483,b0f066a214c2f5e87bad3c948f4d605d) (ScriptedImporter) -> (artifact id: '320359ce8a8c69ccdd77e936dc33fbaf') in 0.024188 seconds
Number of updated asset objects reloaded before import = 0Number of asset objects unloaded after import = 16

========================================================================
Received Import Request.
  Time since last request: 0.000034 seconds.
  path: Assets/Class 08th(Physics System)/Golf Assets/Prefabs/Characters/FrogPortalEnterHold.prefab
  artifactKey: Guid(f5692bb23a87000468eb6fe2d283475b) Importer(2089858483,b0f066a214c2f5e87bad3c948f4d605d)
Start importing Assets/Class 08th(Physics System)/Golf Assets/Prefabs/Characters/FrogPortalEnterHold.prefab using Guid(f5692bb23a87000468eb6fe2d283475b) Importer(2089858483,b0f066a214c2f5e87bad3c948f4d605d) (ScriptedImporter) -> (artifact id: '4f82a4ec82125bc9ae49d03cae0d3742') in 0.028942 seconds
Number of updated asset objects reloaded before import = 0Number of asset objects unloaded after import = 11

========================================================================
Received Import Request.
  Time since last request: 0.000023 seconds.
  path: Assets/Class 08th(Physics System)/Golf Assets/Textures/Cosmetics/waves/Sphere_DefaultMaterial_AlbedoTransparency.png
  artifactKey: Guid(b06863ecc829a694da142d735014b469) Importer(2089858483,b0f066a214c2f5e87bad3c948f4d605d)
Start importing Assets/Class 08th(Physics System)/Golf Assets/Textures/Cosmetics/waves/Sphere_DefaultMaterial_AlbedoTransparency.png using Guid(b06863ecc829a694da142d735014b469) Importer(2089858483,b0f066a214c2f5e87bad3c948f4d605d) (ScriptedImporter) -> (artifact id: 'c382b7b239ac7b48c70f9b7f4b9b1434') in 0.0171852 seconds
Number of updated asset objects reloaded before import = 0Number of asset objects unloaded after import = 1

========================================================================
Received Import Request.
  Time since last request: 0.000018 seconds.
  path: Assets/Class 08th(Physics System)/Golf Assets/Materials/Cosmetics/Star.mat
  artifactKey: Guid(e965f6866a6f5704a8b272e9e433b1e2) Importer(2089858483,b0f066a214c2f5e87bad3c948f4d605d)
Start importing Assets/Class 08th(Physics System)/Golf Assets/Materials/Cosmetics/Star.mat using Guid(e965f6866a6f5704a8b272e9e433b1e2) Importer(2089858483,b0f066a214c2f5e87bad3c948f4d605d) (ScriptedImporter) -> (artifact id: '1883e9aa34c171a7bfd3a3a45dcfdad5') in 0.0249004 seconds
Number of updated asset objects reloaded before import = 0Number of asset objects unloaded after import = 2

========================================================================
Received Import Request.
  Time since last request: 0.000026 seconds.
  path: Assets/Class 08th(Physics System)/Golf Assets/Models/Level/Part1/180Hole.fbx
  artifactKey: Guid(a39c9ad32663fc3469c949f22132998a) Importer(2089858483,b0f066a214c2f5e87bad3c948f4d605d)
Start importing Assets/Class 08th(Physics System)/Golf Assets/Models/Level/Part1/180Hole.fbx using Guid(a39c9ad32663fc3469c949f22132998a) Importer(2089858483,b0f066a214c2f5e87bad3c948f4d605d) (ScriptedImporter) -> (artifact id: '7b26fdc5fb7739e2ba055d9eae8d600c') in 0.0245893 seconds
Number of updated asset objects reloaded before import = 0Number of asset objects unloaded after import = 9

========================================================================
Received Import Request.
  Time since last request: 0.000040 seconds.
  path: Assets/Class 08th(Physics System)/Golf Assets/Materials/Blur.mat
  artifactKey: Guid(ee626e974c3baee4389457aae66805d2) Importer(2089858483,b0f066a214c2f5e87bad3c948f4d605d)
Start importing Assets/Class 08th(Physics System)/Golf Assets/Materials/Blur.mat using Guid(ee626e974c3baee4389457aae66805d2) Importer(2089858483,b0f066a214c2f5e87bad3c948f4d605d) (ScriptedImporter) -> (artifact id: 'bb581b307d54dccbd0853d66ac4e8e8c') in 0.0377591 seconds
Number of updated asset objects reloaded before import = 0Number of asset objects unloaded after import = 6

========================================================================
Received Import Request.
  Time since last request: 0.000021 seconds.
  path: Assets/Class 08th(Physics System)/Golf Assets/Textures/Hammer,Flag/1_DefaultMaterial_AlbedoTransparency.png
  artifactKey: Guid(28484795503ec1747ba7fb6f5f1e9067) Importer(2089858483,b0f066a214c2f5e87bad3c948f4d605d)
Start importing Assets/Class 08th(Physics System)/Golf Assets/Textures/Hammer,Flag/1_DefaultMaterial_AlbedoTransparency.png using Guid(28484795503ec1747ba7fb6f5f1e9067) Importer(2089858483,b0f066a214c2f5e87bad3c948f4d605d) (ScriptedImporter) -> (artifact id: '62568b742e32889d360e98e2e433de78') in 0.0415715 seconds
Number of updated asset objects reloaded before import = 0Number of asset objects unloaded after import = 1

========================================================================
Received Import Request.
  Time since last request: 0.000019 seconds.
  path: Assets/Class 08th(Physics System)/Golf Assets/Models/Coins/Coin1.fbx
  artifactKey: Guid(83bfe2f18c634524986b073029b63807) Importer(2089858483,b0f066a214c2f5e87bad3c948f4d605d)
Start importing Assets/Class 08th(Physics System)/Golf Assets/Models/Coins/Coin1.fbx using Guid(83bfe2f18c634524986b073029b63807) Importer(2089858483,b0f066a214c2f5e87bad3c948f4d605d) (ScriptedImporter) -> (artifact id: '69b7e253e2b098c32960fb5e3a492bff') in 0.0257662 seconds
Number of updated asset objects reloaded before import = 0Number of asset objects unloaded after import = 7

========================================================================
Received Import Request.
  Time since last request: 0.000027 seconds.
  path: Assets/Class 08th(Physics System)/Golf Assets/Textures/Pipes/1_DefaultMaterial_Normal.png
  artifactKey: Guid(a0f85d997b5641f41b324b103085faee) Importer(2089858483,b0f066a214c2f5e87bad3c948f4d605d)
Start importing Assets/Class 08th(Physics System)/Golf Assets/Textures/Pipes/1_DefaultMaterial_Normal.png using Guid(a0f85d997b5641f41b324b103085faee) Importer(2089858483,b0f066a214c2f5e87bad3c948f4d605d) (ScriptedImporter) -> (artifact id: '9f6ebe52247bdbb9b50353e92e33ff66') in 0.0440002 seconds
Number of updated asset objects reloaded before import = 0Number of asset objects unloaded after import = 1

========================================================================
Received Import Request.
  Time since last request: 0.000033 seconds.
  path: Assets/Class 07th (Prefab System)/Stylized Pirate Ship
  artifactKey: Guid(04e6170a94341fc4988dac0f50544857) Importer(2089858483,b0f066a214c2f5e87bad3c948f4d605d)
Start importing Assets/Class 07th (Prefab System)/Stylized Pirate Ship using Guid(04e6170a94341fc4988dac0f50544857) Importer(2089858483,b0f066a214c2f5e87bad3c948f4d605d) (ScriptedImporter) -> (artifact id: '7353c7d519d0ecfbfeee199e88f58e08') in 0.0125928 seconds
Number of updated asset objects reloaded before import = 0Number of asset objects unloaded after import = 1

========================================================================
Received Import Request.
  Time since last request: 0.000022 seconds.
  path: Assets/Class 08th(Physics System)/Golf Assets/Materials/Checker 3.mat
  artifactKey: Guid(d8d43424317c6704c86e2f364563fdcb) Importer(2089858483,b0f066a214c2f5e87bad3c948f4d605d)
Start importing Assets/Class 08th(Physics System)/Golf Assets/Materials/Checker 3.mat using Guid(d8d43424317c6704c86e2f364563fdcb) Importer(2089858483,b0f066a214c2f5e87bad3c948f4d605d) (ScriptedImporter) -> (artifact id: 'f9698d8b3ccacbae8a9ea1fb8c8f9950') in 0.0326425 seconds
Number of updated asset objects reloaded before import = 0Number of asset objects unloaded after import = 3

========================================================================
Received Import Request.
  Time since last request: 0.000022 seconds.
  path: Assets/Class 08th(Physics System)/Golf Assets/Textures/Cosmetics/leaf/Sphere_DefaultMaterial_AlbedoTransparency.png
  artifactKey: Guid(7ca808cc66dce0342bbbf60759d1870b) Importer(2089858483,b0f066a214c2f5e87bad3c948f4d605d)
Start importing Assets/Class 08th(Physics System)/Golf Assets/Textures/Cosmetics/leaf/Sphere_DefaultMaterial_AlbedoTransparency.png using Guid(7ca808cc66dce0342bbbf60759d1870b) Importer(2089858483,b0f066a214c2f5e87bad3c948f4d605d) (ScriptedImporter) -> (artifact id: '3d403d8143887bae20bd02b857202b9e') in 0.0175926 seconds
Number of updated asset objects reloaded before import = 0Number of asset objects unloaded after import = 1

========================================================================
Received Import Request.
  Time since last request: 0.000035 seconds.
  path: Assets/Class 08th(Physics System)/Golf Assets/Prefabs/Level/Sides.prefab
  artifactKey: Guid(07965f88790b1a1459b5f42b85a2d6e2) Importer(2089858483,b0f066a214c2f5e87bad3c948f4d605d)
Start importing Assets/Class 08th(Physics System)/Golf Assets/Prefabs/Level/Sides.prefab using Guid(07965f88790b1a1459b5f42b85a2d6e2) Importer(2089858483,b0f066a214c2f5e87bad3c948f4d605d) (ScriptedImporter) -> (artifact id: '67f5750c803a0e4dba3b56f5b58c8e3a') in 0.0410873 seconds
Number of updated asset objects reloaded before import = 0Number of asset objects unloaded after import = 16

========================================================================
Received Import Request.
  Time since last request: 0.000025 seconds.
  path: Assets/Class 08th(Physics System)/Golf Assets/Animations/FrogPortalEnter.controller
  artifactKey: Guid(f0a834f3f51bc6c4d9bdcc735a20eb40) Importer(2089858483,b0f066a214c2f5e87bad3c948f4d605d)
Start importing Assets/Class 08th(Physics System)/Golf Assets/Animations/FrogPortalEnter.controller using Guid(f0a834f3f51bc6c4d9bdcc735a20eb40) Importer(2089858483,b0f066a214c2f5e87bad3c948f4d605d) (ScriptedImporter) -> (artifact id: 'e5a7aedf581942ca9a0bb56459bea5df') in 0.0169373 seconds
Number of updated asset objects reloaded before import = 0Number of asset objects unloaded after import = 7

========================================================================
Received Import Request.
  Time since last request: 0.000017 seconds.
  path: Assets/Class 08th(Physics System)/Golf Assets/Models/Interactable/Ramp.fbx
  artifactKey: Guid(9413a8cc77a243949bd79e630ad68bb8) Importer(2089858483,b0f066a214c2f5e87bad3c948f4d605d)
Start importing Assets/Class 08th(Physics System)/Golf Assets/Models/Interactable/Ramp.fbx using Guid(9413a8cc77a243949bd79e630ad68bb8) Importer(2089858483,b0f066a214c2f5e87bad3c948f4d605d) (ScriptedImporter) -> (artifact id: 'a0f075088f6bce775550b687da7ca03d') in 0.02978 seconds
Number of updated asset objects reloaded before import = 0Number of asset objects unloaded after import = 7

========================================================================
Received Import Request.
  Time since last request: 0.000027 seconds.
  path: Assets/Class 08th(Physics System)/Golf Assets/Materials/SkyBoxGradient.mat
  artifactKey: Guid(ddcd311be36c3f141b05a69b710ebb12) Importer(2089858483,b0f066a214c2f5e87bad3c948f4d605d)
Start importing Assets/Class 08th(Physics System)/Golf Assets/Materials/SkyBoxGradient.mat using Guid(ddcd311be36c3f141b05a69b710ebb12) Importer(2089858483,b0f066a214c2f5e87bad3c948f4d605d) (ScriptedImporter) -> (artifact id: '7dcf1e09647e5c077eac66fc0f8b037c') in 0.0138885 seconds
Number of updated asset objects reloaded before import = 0Number of asset objects unloaded after import = 6

========================================================================
Received Import Request.
  Time since last request: 0.000039 seconds.
  path: Assets/Class 07th (Prefab System)/Random Textures
  artifactKey: Guid(7b843f833bd4d3f41a576447e929e0c6) Importer(2089858483,b0f066a214c2f5e87bad3c948f4d605d)
Start importing Assets/Class 07th (Prefab System)/Random Textures using Guid(7b843f833bd4d3f41a576447e929e0c6) Importer(2089858483,b0f066a214c2f5e87bad3c948f4d605d) (ScriptedImporter) -> (artifact id: 'b41fb4088f3c53cf14662924876f17fc') in 0.0191363 seconds
Number of updated asset objects reloaded before import = 0Number of asset objects unloaded after import = 1

========================================================================
Received Import Request.
  Time since last request: 0.000019 seconds.
  path: Assets/Class 08th(Physics System)/Golf Assets/Models/Level/Part1/SidesHole.fbx
  artifactKey: Guid(2c984a4608aed17438d4dfaf12587374) Importer(2089858483,b0f066a214c2f5e87bad3c948f4d605d)
Start importing Assets/Class 08th(Physics System)/Golf Assets/Models/Level/Part1/SidesHole.fbx using Guid(2c984a4608aed17438d4dfaf12587374) Importer(2089858483,b0f066a214c2f5e87bad3c948f4d605d) (ScriptedImporter) -> (artifact id: '4feca8c0583e9ae62cf2937e6f0f572b') in 0.0386681 seconds
Number of updated asset objects reloaded before import = 0Number of asset objects unloaded after import = 9

========================================================================
Received Import Request.
  Time since last request: 0.000024 seconds.
  path: Assets/Class 08th(Physics System)/Golf Assets/Shaders/Clouds.shadergraph
  artifactKey: Guid(b91c93d38db810d4d9e5dccddb05b39a) Importer(2089858483,b0f066a214c2f5e87bad3c948f4d605d)
Start importing Assets/Class 08th(Physics System)/Golf Assets/Shaders/Clouds.shadergraph using Guid(b91c93d38db810d4d9e5dccddb05b39a) Importer(2089858483,b0f066a214c2f5e87bad3c948f4d605d) (ScriptedImporter) -> (artifact id: 'a4f52ea91e8245191e291a6a6ff51ec9') in 0.0603115 seconds
Number of updated asset objects reloaded before import = 0Number of asset objects unloaded after import = 5

========================================================================
Received Import Request.
  Time since last request: 0.000025 seconds.
  path: Assets/Class 08th(Physics System)/Scenes
  artifactKey: Guid(2bb589dc0f4189940892e44c8d29d9ed) Importer(2089858483,b0f066a214c2f5e87bad3c948f4d605d)
Start importing Assets/Class 08th(Physics System)/Scenes using Guid(2bb589dc0f4189940892e44c8d29d9ed) Importer(2089858483,b0f066a214c2f5e87bad3c948f4d605d) (ScriptedImporter) -> (artifact id: '815d2e4c1cd8a1ee4377bd1e0286ab68') in 0.0176847 seconds
Number of updated asset objects reloaded before import = 0Number of asset objects unloaded after import = 1

========================================================================
Received Import Request.
  Time since last request: 0.000028 seconds.
  path: Assets/Class 08th(Physics System)/Golf Assets/Textures/Cosmetics/basketball/Sphere_DefaultMaterial_AlbedoTransparency.png
  artifactKey: Guid(0da6a871a0c670640851ee65b4edcc3e) Importer(2089858483,b0f066a214c2f5e87bad3c948f4d605d)
Start importing Assets/Class 08th(Physics System)/Golf Assets/Textures/Cosmetics/basketball/Sphere_DefaultMaterial_AlbedoTransparency.png using Guid(0da6a871a0c670640851ee65b4edcc3e) Importer(2089858483,b0f066a214c2f5e87bad3c948f4d605d) (ScriptedImporter) -> (artifact id: '898ffc8ac4d6128fbb0eb23d46cad85a') in 0.0173495 seconds
Number of updated asset objects reloaded before import = 0Number of asset objects unloaded after import = 1

========================================================================
Received Import Request.
  Time since last request: 0.000019 seconds.
  path: Assets/Class 07th (Prefab System)/Stylized Pirate Ship/StylShip_MatTextures/StylShip_Props_MetallicSmoothness.png
  artifactKey: Guid(facb6773aba1b3b42998e7e447561554) Importer(2089858483,b0f066a214c2f5e87bad3c948f4d605d)
Start importing Assets/Class 07th (Prefab System)/Stylized Pirate Ship/StylShip_MatTextures/StylShip_Props_MetallicSmoothness.png using Guid(facb6773aba1b3b42998e7e447561554) Importer(2089858483,b0f066a214c2f5e87bad3c948f4d605d) (ScriptedImporter) -> (artifact id: 'e62bbb11882e91fa824e8c1a904f693f') in 0.0417283 seconds
Number of updated asset objects reloaded before import = 0Number of asset objects unloaded after import = 1

========================================================================
Received Import Request.
  Time since last request: 0.000026 seconds.
  path: Assets/Class 08th(Physics System)/Golf Assets/Models/Level/Part1/CornerHole.fbx
  artifactKey: Guid(cf681ba8dc035704fae451e73cb9c9aa) Importer(2089858483,b0f066a214c2f5e87bad3c948f4d605d)
Start importing Assets/Class 08th(Physics System)/Golf Assets/Models/Level/Part1/CornerHole.fbx using Guid(cf681ba8dc035704fae451e73cb9c9aa) Importer(2089858483,b0f066a214c2f5e87bad3c948f4d605d) (ScriptedImporter) -> (artifact id: '90be231d618697b2f870f499cc8a9be5') in 0.0395006 seconds
Number of updated asset objects reloaded before import = 0Number of asset objects unloaded after import = 9

========================================================================
Received Import Request.
  Time since last request: 0.000037 seconds.
  path: Assets/Class 08th(Physics System)/Golf Assets/Animations/Flag.controller
  artifactKey: Guid(5df5ecc31160419418de60d06e191aa1) Importer(2089858483,b0f066a214c2f5e87bad3c948f4d605d)
Start importing Assets/Class 08th(Physics System)/Golf Assets/Animations/Flag.controller using Guid(5df5ecc31160419418de60d06e191aa1) Importer(2089858483,b0f066a214c2f5e87bad3c948f4d605d) (ScriptedImporter) -> (artifact id: 'be288451f9fbc5c01fc48ad1fb791746') in 0.0157858 seconds
Number of updated asset objects reloaded before import = 0Number of asset objects unloaded after import = 14

========================================================================
Received Import Request.
  Time since last request: 0.000021 seconds.
  path: Assets/Class 08th(Physics System)/Golf Assets/Prefabs/InteractProps/FanBase.prefab
  artifactKey: Guid(da95e4ed54947dd428bbcc4cdf938523) Importer(2089858483,b0f066a214c2f5e87bad3c948f4d605d)
Start importing Assets/Class 08th(Physics System)/Golf Assets/Prefabs/InteractProps/FanBase.prefab using Guid(da95e4ed54947dd428bbcc4cdf938523) Importer(2089858483,b0f066a214c2f5e87bad3c948f4d605d) (ScriptedImporter) -> (artifact id: '961c995bc404bc1ba98116fec846178e') in 0.021401 seconds
Number of updated asset objects reloaded before import = 0Number of asset objects unloaded after import = 15

========================================================================
Received Import Request.
  Time since last request: 0.000022 seconds.
  path: Assets/Class 08th(Physics System)/Golf Assets/Models/Level/Part1/RampSide.fbx
  artifactKey: Guid(d00b47ca72298014ab3fbdf735f61aa3) Importer(2089858483,b0f066a214c2f5e87bad3c948f4d605d)
Start importing Assets/Class 08th(Physics System)/Golf Assets/Models/Level/Part1/RampSide.fbx using Guid(d00b47ca72298014ab3fbdf735f61aa3) Importer(2089858483,b0f066a214c2f5e87bad3c948f4d605d) (ScriptedImporter) -> (artifact id: '13ce093d8d2093aa81b9cf2e6bf477da') in 0.0464652 seconds
Number of updated asset objects reloaded before import = 0Number of asset objects unloaded after import = 9

Editor requested this worker to shutdown with reason: Scaling down because of idle timeout
AssetImportWorker is now disconnected from the server
Process exiting
Exiting without the bug reporter. Application will terminate with return code 0